Archive member included to satisfy reference by file (symbol)

/home/love/Documents/gcc-arm-none-eabi-10-2020-q4-major/bin/../lib/gcc/arm-none-eabi/10.2.1/../../../../arm-none-eabi/lib/thumb/v7e-m+fp/hard/libstdc++_nano.a(atexit_arm.o)
                              build/robo_init.o (__aeabi_atexit)
/home/love/Documents/gcc-arm-none-eabi-10-2020-q4-major/bin/../lib/gcc/arm-none-eabi/10.2.1/../../../../arm-none-eabi/lib/thumb/v7e-m+fp/hard/libm.a(lib_a-wf_fmod.o)
                              build/encoder.o (fmodf)
/home/love/Documents/gcc-arm-none-eabi-10-2020-q4-major/bin/../lib/gcc/arm-none-eabi/10.2.1/../../../../arm-none-eabi/lib/thumb/v7e-m+fp/hard/libm.a(lib_a-ef_fmod.o)
                              /home/love/Documents/gcc-arm-none-eabi-10-2020-q4-major/bin/../lib/gcc/arm-none-eabi/10.2.1/../../../../arm-none-eabi/lib/thumb/v7e-m+fp/hard/libm.a(lib_a-wf_fmod.o) (__ieee754_fmodf)
/home/love/Documents/gcc-arm-none-eabi-10-2020-q4-major/bin/../lib/gcc/arm-none-eabi/10.2.1/../../../../arm-none-eabi/lib/thumb/v7e-m+fp/hard/libm.a(lib_a-s_lib_ver.o)
                              /home/love/Documents/gcc-arm-none-eabi-10-2020-q4-major/bin/../lib/gcc/arm-none-eabi/10.2.1/../../../../arm-none-eabi/lib/thumb/v7e-m+fp/hard/libm.a(lib_a-wf_fmod.o) (__fdlib_version)
/home/love/Documents/gcc-arm-none-eabi-10-2020-q4-major/bin/../lib/gcc/arm-none-eabi/10.2.1/../../../../arm-none-eabi/lib/thumb/v7e-m+fp/hard/libc_nano.a(lib_a-cxa_atexit.o)
                              /home/love/Documents/gcc-arm-none-eabi-10-2020-q4-major/bin/../lib/gcc/arm-none-eabi/10.2.1/../../../../arm-none-eabi/lib/thumb/v7e-m+fp/hard/libstdc++_nano.a(atexit_arm.o) (__cxa_atexit)
/home/love/Documents/gcc-arm-none-eabi-10-2020-q4-major/bin/../lib/gcc/arm-none-eabi/10.2.1/../../../../arm-none-eabi/lib/thumb/v7e-m+fp/hard/libc_nano.a(lib_a-errno.o)
                              /home/love/Documents/gcc-arm-none-eabi-10-2020-q4-major/bin/../lib/gcc/arm-none-eabi/10.2.1/../../../../arm-none-eabi/lib/thumb/v7e-m+fp/hard/libm.a(lib_a-wf_fmod.o) (__errno)
/home/love/Documents/gcc-arm-none-eabi-10-2020-q4-major/bin/../lib/gcc/arm-none-eabi/10.2.1/../../../../arm-none-eabi/lib/thumb/v7e-m+fp/hard/libc_nano.a(lib_a-exit.o)
                              /home/love/Documents/gcc-arm-none-eabi-10-2020-q4-major/bin/../lib/gcc/arm-none-eabi/10.2.1/../../../../arm-none-eabi/lib/thumb/v7e-m+fp/hard/crt0.o (exit)
/home/love/Documents/gcc-arm-none-eabi-10-2020-q4-major/bin/../lib/gcc/arm-none-eabi/10.2.1/../../../../arm-none-eabi/lib/thumb/v7e-m+fp/hard/libc_nano.a(lib_a-impure.o)
                              /home/love/Documents/gcc-arm-none-eabi-10-2020-q4-major/bin/../lib/gcc/arm-none-eabi/10.2.1/../../../../arm-none-eabi/lib/thumb/v7e-m+fp/hard/libc_nano.a(lib_a-exit.o) (_global_impure_ptr)
/home/love/Documents/gcc-arm-none-eabi-10-2020-q4-major/bin/../lib/gcc/arm-none-eabi/10.2.1/../../../../arm-none-eabi/lib/thumb/v7e-m+fp/hard/libc_nano.a(lib_a-init.o)
                              /home/love/Documents/gcc-arm-none-eabi-10-2020-q4-major/bin/../lib/gcc/arm-none-eabi/10.2.1/../../../../arm-none-eabi/lib/thumb/v7e-m+fp/hard/crt0.o (__libc_init_array)
/home/love/Documents/gcc-arm-none-eabi-10-2020-q4-major/bin/../lib/gcc/arm-none-eabi/10.2.1/../../../../arm-none-eabi/lib/thumb/v7e-m+fp/hard/libc_nano.a(lib_a-memcpy-stub.o)
                              build/queue.o (memcpy)
/home/love/Documents/gcc-arm-none-eabi-10-2020-q4-major/bin/../lib/gcc/arm-none-eabi/10.2.1/../../../../arm-none-eabi/lib/thumb/v7e-m+fp/hard/libc_nano.a(lib_a-memset.o)
                              /home/love/Documents/gcc-arm-none-eabi-10-2020-q4-major/bin/../lib/gcc/arm-none-eabi/10.2.1/../../../../arm-none-eabi/lib/thumb/v7e-m+fp/hard/crt0.o (memset)
/home/love/Documents/gcc-arm-none-eabi-10-2020-q4-major/bin/../lib/gcc/arm-none-eabi/10.2.1/../../../../arm-none-eabi/lib/thumb/v7e-m+fp/hard/libc_nano.a(lib_a-nano-vfprintf_float.o)
                              (_printf_float)
/home/love/Documents/gcc-arm-none-eabi-10-2020-q4-major/bin/../lib/gcc/arm-none-eabi/10.2.1/../../../../arm-none-eabi/lib/thumb/v7e-m+fp/hard/libc_nano.a(lib_a-nano-vfprintf_i.o)
                              /home/love/Documents/gcc-arm-none-eabi-10-2020-q4-major/bin/../lib/gcc/arm-none-eabi/10.2.1/../../../../arm-none-eabi/lib/thumb/v7e-m+fp/hard/libc_nano.a(lib_a-nano-vfprintf_float.o) (_printf_common)
/home/love/Documents/gcc-arm-none-eabi-10-2020-q4-major/bin/../lib/gcc/arm-none-eabi/10.2.1/../../../../arm-none-eabi/lib/thumb/v7e-m+fp/hard/libc_nano.a(lib_a-on_exit_args.o)
                              /home/love/Documents/gcc-arm-none-eabi-10-2020-q4-major/bin/../lib/gcc/arm-none-eabi/10.2.1/../../../../arm-none-eabi/lib/thumb/v7e-m+fp/hard/libc_nano.a(lib_a-cxa_atexit.o) (__on_exit_args)
/home/love/Documents/gcc-arm-none-eabi-10-2020-q4-major/bin/../lib/gcc/arm-none-eabi/10.2.1/../../../../arm-none-eabi/lib/thumb/v7e-m+fp/hard/libc_nano.a(lib_a-puts.o)
                              build/main.o (puts)
[...]
Memory Configuration

Name             Origin             Length             Attributes
RAM              0x0000000020000000 0x0000000000020000 xrw
CCMRAM           0x0000000010000000 0x0000000000010000 rw
FLASH            0x0000000008000000 0x0000000000100000 xr
*default*        0x0000000000000000 0xffffffffffffffff

Linker script and memory map

LOAD /home/love/Documents/gcc-arm-none-eabi-10-2020-q4-major/bin/../lib/gcc/arm-none-eabi/10.2.1/thumb/v7e-m+fp/hard/crti.o
LOAD /home/love/Documents/gcc-arm-none-eabi-10-2020-q4-major/bin/../lib/gcc/arm-none-eabi/10.2.1/thumb/v7e-m+fp/hard/crtbegin.o
LOAD /home/love/Documents/gcc-arm-none-eabi-10-2020-q4-major/bin/../lib/gcc/arm-none-eabi/10.2.1/../../../../arm-none-eabi/lib/thumb/v7e-m+fp/hard/crt0.o
LOAD build/stm32f4xx_hal_i2c.o
LOAD build/stm32f4xx_hal_i2c_ex.o
LOAD build/stm32f4xx_hal_tim.o
LOAD build/stm32f4xx_hal_tim_ex.o
LOAD build/stm32f4xx_hal_uart.o
LOAD build/stm32f4xx_hal_rcc.o
LOAD build/stm32f4xx_hal_rcc_ex.o
LOAD build/stm32f4xx_hal_flash.o
LOAD build/stm32f4xx_hal_flash_ex.o
LOAD build/stm32f4xx_hal_flash_ramfunc.o
LOAD build/stm32f4xx_hal_gpio.o
LOAD build/stm32f4xx_hal_dma_ex.o
LOAD build/stm32f4xx_hal_dma.o
LOAD build/stm32f4xx_hal_pwr.o
LOAD build/stm32f4xx_hal_pwr_ex.o
LOAD build/stm32f4xx_hal_cortex.o
LOAD build/stm32f4xx_hal.o
LOAD build/stm32f4xx_hal_exti.o
LOAD build/croutine.o
LOAD build/event_groups.o
LOAD build/list.o
LOAD build/queue.o
LOAD build/stream_buffer.o
LOAD build/tasks.o
LOAD build/timers.o
LOAD build/cmsis_os.o
LOAD build/heap_4.o
LOAD build/port.o
LOAD build/freertos.o
LOAD build/stm32f4xx_it.o
LOAD build/stm32f4xx_hal_msp.o
LOAD build/stm32f4xx_hal_timebase_tim.o
LOAD build/system_stm32f4xx.o
LOAD build/gpio.o
LOAD build/tim.o
LOAD build/dma.o
LOAD build/usart.o
LOAD build/printf_config.o
LOAD build/startup_stm32f407xx.o
LOAD build/encoder.o
LOAD build/motor.o
LOAD build/pid.o
LOAD build/fuzzy_pid.o
LOAD build/robo_init.o
LOAD build/robot_operation.o
LOAD build/crc_hash.o
LOAD build/main.o
LOAD build/arm.o
LOAD build/rotatory_wheel.o
LOAD build/uart_communication.o
LOAD build/robot_tasks.o
LOAD build/a4988.o
LOAD /home/love/Documents/gcc-arm-none-eabi-10-2020-q4-major/bin/../lib/gcc/arm-none-eabi/10.2.1/../../../../arm-none-eabi/lib/thumb/v7e-m+fp/hard/libnosys.a
LOAD /home/love/Documents/gcc-arm-none-eabi-10-2020-q4-major/bin/../lib/gcc/arm-none-eabi/10.2.1/../../../../arm-none-eabi/lib/thumb/v7e-m+fp/hard/libstdc++_nano.a
LOAD /home/love/Documents/gcc-arm-none-eabi-10-2020-q4-major/bin/../lib/gcc/arm-none-eabi/10.2.1/../../../../arm-none-eabi/lib/thumb/v7e-m+fp/hard/libm.a
LOAD /home/love/Documents/gcc-arm-none-eabi-10-2020-q4-major/bin/../lib/gcc/arm-none-eabi/10.2.1/../../../../arm-none-eabi/lib/thumb/v7e-m+fp/hard/libc_nano.a
START GROUP
LOAD /home/love/Documents/gcc-arm-none-eabi-10-2020-q4-major/bin/../lib/gcc/arm-none-eabi/10.2.1/thumb/v7e-m+fp/hard/libgcc.a
LOAD /home/love/Documents/gcc-arm-none-eabi-10-2020-q4-major/bin/../lib/gcc/arm-none-eabi/10.2.1/../../../../arm-none-eabi/lib/thumb/v7e-m+fp/hard/libc_nano.a
END GROUP
START GROUP
LOAD /home/love/Documents/gcc-arm-none-eabi-10-2020-q4-major/bin/../lib/gcc/arm-none-eabi/10.2.1/thumb/v7e-m+fp/hard/libgcc.a
LOAD /home/love/Documents/gcc-arm-none-eabi-10-2020-q4-major/bin/../lib/gcc/arm-none-eabi/10.2.1/../../../../arm-none-eabi/lib/thumb/v7e-m+fp/hard/libc_nano.a
LOAD /home/love/Documents/gcc-arm-none-eabi-10-2020-q4-major/bin/../lib/gcc/arm-none-eabi/10.2.1/../../../../arm-none-eabi/lib/thumb/v7e-m+fp/hard/libnosys.a
END GROUP
START GROUP
LOAD /home/love/Documents/gcc-arm-none-eabi-10-2020-q4-major/bin/../lib/gcc/arm-none-eabi/10.2.1/thumb/v7e-m+fp/hard/libgcc.a
LOAD /home/love/Documents/gcc-arm-none-eabi-10-2020-q4-major/bin/../lib/gcc/arm-none-eabi/10.2.1/../../../../arm-none-eabi/lib/thumb/v7e-m+fp/hard/libc_nano.a
LOAD /home/love/Documents/gcc-arm-none-eabi-10-2020-q4-major/bin/../lib/gcc/arm-none-eabi/10.2.1/../../../../arm-none-eabi/lib/thumb/v7e-m+fp/hard/libnosys.a
END GROUP
LOAD /home/love/Documents/gcc-arm-none-eabi-10-2020-q4-major/bin/../lib/gcc/arm-none-eabi/10.2.1/thumb/v7e-m+fp/hard/crtend.o
LOAD /home/love/Documents/gcc-arm-none-eabi-10-2020-q4-major/bin/../lib/gcc/arm-none-eabi/10.2.1/thumb/v7e-m+fp/hard/crtn.o
                0x0000000020020000                _estack = 0x20020000
                0x0000000000000200                _Min_Heap_Size = 0x200
                0x0000000000000400                _Min_Stack_Size = 0x400

.isr_vector     0x0000000008000000      0x188
                0x0000000008000000                . = ALIGN (0x4)
 *(.isr_vector)
 .isr_vector    0x0000000008000000      0x188 build/startup_stm32f407xx.o
                0x0000000008000000                g_pfnVectors
                0x0000000008000188                . = ALIGN (0x4)

.text           0x0000000008000190     0x7958
                0x0000000008000190                . = ALIGN (0x4)
 *(.text)
 .text          0x0000000008000190       0x40 /home/love/Documents/gcc-arm-none-eabi-10-2020-q4-major/bin/../lib/gcc/arm-none-eabi/10.2.1/thumb/v7e-m+fp/hard/crtbegin.o
 .text          0x00000000080001d0       0x10 /home/love/Documents/gcc-arm-none-eabi-10-2020-q4-major/bin/../lib/gcc/arm-none-eabi/10.2.1/../../../../arm-none-eabi/lib/thumb/v7e-m+fp/hard/libc_nano.a(lib_a-strlen.o)
                0x00000000080001d0                strlen
 .text          0x00000000080001e0       0xa0 /home/love/Documents/gcc-arm-none-eabi-10-2020-q4-major/bin/../lib/gcc/arm-none-eabi/10.2.1/../../../../arm-none-eabi/lib/thumb/v7e-m+fp/hard/libc_nano.a(lib_a-memchr.o)
                0x00000000080001e0                memchr
 .text          0x0000000008000280      0x378 /home/love/Documents/gcc-arm-none-eabi-10-2020-q4-major/bin/../lib/gcc/arm-none-eabi/10.2.1/thumb/v7e-m+fp/hard/libgcc.a(_arm_addsubdf3.o)
                0x0000000008000280                __aeabi_drsub
                0x0000000008000288                __aeabi_dsub
                0x0000000008000288                __subdf3
                0x000000000800028c                __adddf3
                0x000000000800028c                __aeabi_dadd
                0x0000000008000504                __aeabi_ui2d
                0x0000000008000504                __floatunsidf
                0x0000000008000524                __floatsidf
                0x0000000008000524                __aeabi_i2d
                0x0000000008000548                __extendsfdf2
                0x0000000008000548                __aeabi_f2d
                0x000000000800058c                __aeabi_ul2d
                0x000000000800058c                __floatundidf
                0x000000000800059c                __floatdidf
                0x000000000800059c                __aeabi_l2d
 .text          0x00000000080005f8      0x424 /home/love/Documents/gcc-arm-none-eabi-10-2020-q4-major/bin/../lib/gcc/arm-none-eabi/10.2.1/thumb/v7e-m+fp/hard/libgcc.a(_arm_muldivdf3.o)
                0x00000000080005f8                __aeabi_dmul
                0x00000000080005f8                __muldf3
                0x000000000800084c                __aeabi_ddiv
                0x000000000800084c                __divdf3
 .text          0x0000000008000a1c      0x110 /home/love/Documents/gcc-arm-none-eabi-10-2020-q4-major/bin/../lib/gcc/arm-none-eabi/10.2.1/thumb/v7e-m+fp/hard/libgcc.a(_arm_cmpdf2.o)
                0x0000000008000a1c                __gtdf2
                0x0000000008000a1c                __gedf2
                0x0000000008000a24                __ltdf2
                0x0000000008000a24                __ledf2
                0x0000000008000a2c                __cmpdf2
                0x0000000008000a2c                __eqdf2
                0x0000000008000a2c                __nedf2
                0x0000000008000aa8                __aeabi_cdrcmple
                0x0000000008000ab8                __aeabi_cdcmple
                0x0000000008000ab8                __aeabi_cdcmpeq
                0x0000000008000ac8                __aeabi_dcmpeq
                0x0000000008000adc                __aeabi_dcmplt
                0x0000000008000af0                __aeabi_dcmple
                0x0000000008000b04                __aeabi_dcmpge
                0x0000000008000b18                __aeabi_dcmpgt
 .text          0x0000000008000b2c       0x2c /home/love/Documents/gcc-arm-none-eabi-10-2020-q4-major/bin/../lib/gcc/arm-none-eabi/10.2.1/thumb/v7e-m+fp/hard/libgcc.a(_arm_unorddf2.o)
                0x0000000008000b2c                __aeabi_dcmpun
                0x0000000008000b2c                __unorddf2
 .text          0x0000000008000b58       0x50 /home/love/Documents/gcc-arm-none-eabi-10-2020-q4-major/bin/../lib/gcc/arm-none-eabi/10.2.1/thumb/v7e-m+fp/hard/libgcc.a(_arm_fixdfsi.o)
                0x0000000008000b58                __fixdfsi
                0x0000000008000b58                __aeabi_d2iz
 .text          0x0000000008000ba8       0x40 /home/love/Documents/gcc-arm-none-eabi-10-2020-q4-major/bin/../lib/gcc/arm-none-eabi/10.2.1/thumb/v7e-m+fp/hard/libgcc.a(_arm_fixunsdfsi.o)
                0x0000000008000ba8                __fixunsdfsi
                0x0000000008000ba8                __aeabi_d2uiz
 .text          0x0000000008000be8       0xa0 /home/love/Documents/gcc-arm-none-eabi-10-2020-q4-major/bin/../lib/gcc/arm-none-eabi/10.2.1/thumb/v7e-m+fp/hard/libgcc.a(_arm_truncdfsf2.o)
                0x0000000008000be8                __aeabi_d2f
                0x0000000008000be8                __truncdfsf2
 .text          0x0000000008000c88       0x30 /home/love/Documents/gcc-arm-none-eabi-10-2020-q4-major/bin/../lib/gcc/arm-none-eabi/10.2.1/thumb/v7e-m+fp/hard/libgcc.a(_aeabi_uldivmod.o)
                0x0000000008000c88                __aeabi_uldivmod
 .text          0x0000000008000cb8      0x2d0 /home/love/Documents/gcc-arm-none-eabi-10-2020-q4-major/bin/../lib/gcc/arm-none-eabi/10.2.1/thumb/v7e-m+fp/hard/libgcc.a(_udivmoddi4.o)
                0x0000000008000cb8                __udivmoddi4
 .text          0x0000000008000f88        0x4 /home/love/Documents/gcc-arm-none-eabi-10-2020-q4-major/bin/../lib/gcc/arm-none-eabi/10.2.1/thumb/v7e-m+fp/hard/libgcc.a(_dvmd_tls.o)
                0x0000000008000f88                __aeabi_ldiv0
                0x0000000008000f88                __aeabi_idiv0
 *(.text*)
 .text.TIM_OC1_SetConfig
                0x0000000008000f8c       0x68 build/stm32f4xx_hal_tim.o
 .text.TIM_OC3_SetConfig
                0x0000000008000ff4       0x70 build/stm32f4xx_hal_tim.o
 .text.TIM_OC4_SetConfig
                0x0000000008001064       0x50 build/stm32f4xx_hal_tim.o
 .text.HAL_TIM_Base_Start
                0x00000000080010b4       0x24 build/stm32f4xx_hal_tim.o
                0x00000000080010b4                HAL_TIM_Base_Start
 .text.HAL_TIM_Base_Start_IT
                0x00000000080010d8       0x22 build/stm32f4xx_hal_tim.o
                0x00000000080010d8                HAL_TIM_Base_Start_IT
 .text.HAL_TIM_Base_Stop_IT
                0x00000000080010fa       0x2c build/stm32f4xx_hal_tim.o
                0x00000000080010fa                HAL_TIM_Base_Stop_IT
 .text.HAL_TIM_OC_DelayElapsedCallback
                0x0000000008001126        0x2 build/stm32f4xx_hal_tim.o
                0x0000000008001126                HAL_TIM_OC_DelayElapsedCallback
 .text.HAL_TIM_IC_CaptureCallback
                0x0000000008001128        0x2 build/stm32f4xx_hal_tim.o
                0x0000000008001128                HAL_TIM_IC_CaptureCallback
 .text.HAL_TIM_PWM_PulseFinishedCallback
                0x000000000800112a        0x2 build/stm32f4xx_hal_tim.o
                0x000000000800112a                HAL_TIM_PWM_PulseFinishedCallback
 .text.HAL_TIM_TriggerCallback
                0x000000000800112c        0x2 build/stm32f4xx_hal_tim.o
                0x000000000800112c                HAL_TIM_TriggerCallback
 .text.HAL_TIM_IRQHandler
                0x000000000800112e      0x17a build/stm32f4xx_hal_tim.o
                0x000000000800112e                HAL_TIM_IRQHandler
 .text.TIM_Base_SetConfig
                0x00000000080012a8       0xc8 build/stm32f4xx_hal_tim.o
                0x00000000080012a8                TIM_Base_SetConfig
 .text.HAL_TIM_Base_Init
                0x0000000008001370       0x34 build/stm32f4xx_hal_tim.o
                0x0000000008001370                HAL_TIM_Base_Init
 .text.HAL_TIM_PWM_Init
                0x00000000080013a4       0x34 build/stm32f4xx_hal_tim.o
                0x00000000080013a4                HAL_TIM_PWM_Init
 .text.HAL_TIM_Encoder_Init
                0x00000000080013d8       0xa2 build/stm32f4xx_hal_tim.o
                0x00000000080013d8                HAL_TIM_Encoder_Init
 *fill*         0x000000000800147a        0x2 
 .text.TIM_OC2_SetConfig
                0x000000000800147c       0x70 build/stm32f4xx_hal_tim.o
                0x000000000800147c                TIM_OC2_SetConfig
 .text.HAL_TIM_PWM_ConfigChannel
                0x00000000080014ec       0xdc build/stm32f4xx_hal_tim.o
                0x00000000080014ec                HAL_TIM_PWM_ConfigChannel
 .text.TIM_CCxChannelCmd
                0x00000000080015c8       0x1e build/stm32f4xx_hal_tim.o
                0x00000000080015c8                TIM_CCxChannelCmd
 *fill*         0x00000000080015e6        0x2 
 .text.HAL_TIM_PWM_Start
                0x00000000080015e8       0x40 build/stm32f4xx_hal_tim.o
                0x00000000080015e8                HAL_TIM_PWM_Start
 .text.HAL_TIM_Encoder_Start
                0x0000000008001628       0x44 build/stm32f4xx_hal_tim.o
                0x0000000008001628                HAL_TIM_Encoder_Start
 .text.HAL_TIMEx_MasterConfigSynchronization
                0x000000000800166c       0x8c build/stm32f4xx_hal_tim_ex.o
                0x000000000800166c                HAL_TIMEx_MasterConfigSynchronization
 .text.HAL_TIMEx_ConfigBreakDeadTime
                0x00000000080016f8       0x52 build/stm32f4xx_hal_tim_ex.o
                0x00000000080016f8                HAL_TIMEx_ConfigBreakDeadTime
 .text.HAL_TIMEx_CommutCallback
                0x000000000800174a        0x2 build/stm32f4xx_hal_tim_ex.o
                0x000000000800174a                HAL_TIMEx_CommutCallback
 .text.HAL_TIMEx_BreakCallback
                0x000000000800174c        0x2 build/stm32f4xx_hal_tim_ex.o
                0x000000000800174c                HAL_TIMEx_BreakCallback
 .text.UART_EndTxTransfer
                0x000000000800174e       0x12 build/stm32f4xx_hal_uart.o
 .text.UART_EndRxTransfer
                0x0000000008001760       0x1c build/stm32f4xx_hal_uart.o
 .text.UART_Transmit_IT
                0x000000000800177c       0x66 build/stm32f4xx_hal_uart.o
 *fill*         0x00000000080017e2        0x2 
 .text.UART_SetConfig
                0x00000000080017e4      0x1d4 build/stm32f4xx_hal_uart.o
 .text.HAL_UART_Init
                0x00000000080019b8       0x5e build/stm32f4xx_hal_uart.o
                0x00000000080019b8                HAL_UART_Init
 *fill*         0x0000000008001a16        0x2 
 .text.HAL_UART_Receive_DMA
                0x0000000008001a18       0xa8 build/stm32f4xx_hal_uart.o
                0x0000000008001a18                HAL_UART_Receive_DMA
 .text.HAL_UART_TxCpltCallback
                0x0000000008001ac0        0x2 build/stm32f4xx_hal_uart.o
                0x0000000008001ac0                HAL_UART_TxCpltCallback
 .text.UART_EndTransmit_IT
                0x0000000008001ac2       0x1a build/stm32f4xx_hal_uart.o
 .text.UART_DMAReceiveCplt
                0x0000000008001adc       0x3e build/stm32f4xx_hal_uart.o
 .text.UART_Receive_IT
                0x0000000008001b1a       0x9e build/stm32f4xx_hal_uart.o
 .text.HAL_UART_RxHalfCpltCallback
                0x0000000008001bb8        0x2 build/stm32f4xx_hal_uart.o
                0x0000000008001bb8                HAL_UART_RxHalfCpltCallback
 .text.UART_DMARxHalfCplt
                0x0000000008001bba        0xa build/stm32f4xx_hal_uart.o
 .text.HAL_UART_ErrorCallback
                0x0000000008001bc4        0x2 build/stm32f4xx_hal_uart.o
                0x0000000008001bc4                HAL_UART_ErrorCallback
 .text.UART_DMAError
                0x0000000008001bc6       0x58 build/stm32f4xx_hal_uart.o
 *fill*         0x0000000008001c1e        0x2 
 .text.HAL_UART_IRQHandler
                0x0000000008001c20      0x128 build/stm32f4xx_hal_uart.o
                0x0000000008001c20                HAL_UART_IRQHandler
 .text.UART_DMAAbortOnError
                0x0000000008001d48       0x10 build/stm32f4xx_hal_uart.o
 .text.HAL_RCC_OscConfig
                0x0000000008001d58      0x3ec build/stm32f4xx_hal_rcc.o
                0x0000000008001d58                HAL_RCC_OscConfig
 .text.HAL_RCC_GetSysClockFreq
                0x0000000008002144       0xd4 build/stm32f4xx_hal_rcc.o
                0x0000000008002144                HAL_RCC_GetSysClockFreq
 .text.HAL_RCC_ClockConfig
                0x0000000008002218      0x160 build/stm32f4xx_hal_rcc.o
                0x0000000008002218                HAL_RCC_ClockConfig
 .text.HAL_RCC_GetHCLKFreq
                0x0000000008002378        0xc build/stm32f4xx_hal_rcc.o
                0x0000000008002378                HAL_RCC_GetHCLKFreq
 .text.HAL_RCC_GetPCLK1Freq
                0x0000000008002384       0x20 build/stm32f4xx_hal_rcc.o
                0x0000000008002384                HAL_RCC_GetPCLK1Freq
 .text.HAL_RCC_GetPCLK2Freq
                0x00000000080023a4       0x20 build/stm32f4xx_hal_rcc.o
                0x00000000080023a4                HAL_RCC_GetPCLK2Freq
 .text.HAL_RCC_GetClockConfig
                0x00000000080023c4       0x3c build/stm32f4xx_hal_rcc.o
                0x00000000080023c4                HAL_RCC_GetClockConfig
 .text.HAL_GPIO_Init
                0x0000000008002400      0x1d0 build/stm32f4xx_hal_gpio.o
                0x0000000008002400                HAL_GPIO_Init
 .text.HAL_GPIO_WritePin
                0x00000000080025d0        0xc build/stm32f4xx_hal_gpio.o
                0x00000000080025d0                HAL_GPIO_WritePin
 .text.HAL_GPIO_EXTI_Callback
                0x00000000080025dc        0x2 build/stm32f4xx_hal_gpio.o
                0x00000000080025dc                HAL_GPIO_EXTI_Callback
 *fill*         0x00000000080025de        0x2 
 .text.HAL_GPIO_EXTI_IRQHandler
                0x00000000080025e0       0x1c build/stm32f4xx_hal_gpio.o
                0x00000000080025e0                HAL_GPIO_EXTI_IRQHandler
 .text.DMA_SetConfig
                0x00000000080025fc       0x2c build/stm32f4xx_hal_dma.o
 .text.DMA_CalcBaseAndBitshift
                0x0000000008002628       0x44 build/stm32f4xx_hal_dma.o
 .text.DMA_CheckFifoParam
                0x000000000800266c       0x8e build/stm32f4xx_hal_dma.o
 *fill*         0x00000000080026fa        0x2 
 .text.HAL_DMA_Init
                0x00000000080026fc       0xcc build/stm32f4xx_hal_dma.o
                0x00000000080026fc                HAL_DMA_Init
 .text.HAL_DMA_Start_IT
                0x00000000080027c8       0x6a build/stm32f4xx_hal_dma.o
                0x00000000080027c8                HAL_DMA_Start_IT
 .text.HAL_DMA_Abort_IT
                0x0000000008002832       0x26 build/stm32f4xx_hal_dma.o
                0x0000000008002832                HAL_DMA_Abort_IT
 .text.HAL_DMA_IRQHandler
                0x0000000008002858      0x1dc build/stm32f4xx_hal_dma.o
                0x0000000008002858                HAL_DMA_IRQHandler
 .text.HAL_NVIC_SetPriorityGrouping
                0x0000000008002a34       0x24 build/stm32f4xx_hal_cortex.o
                0x0000000008002a34                HAL_NVIC_SetPriorityGrouping
 .text.HAL_NVIC_SetPriority
                0x0000000008002a58       0x70 build/stm32f4xx_hal_cortex.o
                0x0000000008002a58                HAL_NVIC_SetPriority
 .text.HAL_NVIC_EnableIRQ
                0x0000000008002ac8       0x1c build/stm32f4xx_hal_cortex.o
                0x0000000008002ac8                HAL_NVIC_EnableIRQ
 .text.HAL_Init
                0x0000000008002ae4       0x34 build/stm32f4xx_hal.o
                0x0000000008002ae4                HAL_Init
 .text.HAL_IncTick
                0x0000000008002b18       0x18 build/stm32f4xx_hal.o
                0x0000000008002b18                HAL_IncTick
 .text.HAL_GetTick
                0x0000000008002b30        0xc build/stm32f4xx_hal.o
                0x0000000008002b30                HAL_GetTick
 .text.HAL_Delay
                0x0000000008002b3c       0x28 build/stm32f4xx_hal.o
                0x0000000008002b3c                HAL_Delay
 .text.vListInsertEnd
                0x0000000008002b64       0x16 build/list.o
                0x0000000008002b64                vListInsertEnd
 .text.uxListRemove
                0x0000000008002b7a       0x26 build/list.o
                0x0000000008002b7a                uxListRemove
 .text.prvResetNextTaskUnblockTime
                0x0000000008002ba0       0x2c build/tasks.o
 .text.xTaskIncrementTick
                0x0000000008002bcc      0x118 build/tasks.o
                0x0000000008002bcc                xTaskIncrementTick
 .text.vTaskSwitchContext
                0x0000000008002ce4       0x98 build/tasks.o
                0x0000000008002ce4                vTaskSwitchContext
 *fill*         0x0000000008002d7c        0x4 
 .text.SVC_Handler
                0x0000000008002d80       0x24 build/port.o
                0x0000000008002d80                SVC_Handler
 *fill*         0x0000000008002da4        0xc 
 .text.PendSV_Handler
                0x0000000008002db0       0x64 build/port.o
                0x0000000008002db0                PendSV_Handler
 .text.SysTick_Handler
                0x0000000008002e14       0x2c build/port.o
                0x0000000008002e14                SysTick_Handler
 .text.NMI_Handler
                0x0000000008002e40        0x2 build/stm32f4xx_it.o
                0x0000000008002e40                NMI_Handler
 .text.HardFault_Handler
                0x0000000008002e42        0x2 build/stm32f4xx_it.o
                0x0000000008002e42                HardFault_Handler
 .text.MemManage_Handler
                0x0000000008002e44        0x2 build/stm32f4xx_it.o
                0x0000000008002e44                MemManage_Handler
 .text.BusFault_Handler
                0x0000000008002e46        0x2 build/stm32f4xx_it.o
                0x0000000008002e46                BusFault_Handler
 .text.UsageFault_Handler
                0x0000000008002e48        0x2 build/stm32f4xx_it.o
                0x0000000008002e48                UsageFault_Handler
 .text.DebugMon_Handler
                0x0000000008002e4a        0x2 build/stm32f4xx_it.o
                0x0000000008002e4a                DebugMon_Handler
 .text.TIM5_IRQHandler
                0x0000000008002e4c       0x10 build/stm32f4xx_it.o
                0x0000000008002e4c                TIM5_IRQHandler
 .text.DMA1_Stream2_IRQHandler
                0x0000000008002e5c       0x10 build/stm32f4xx_it.o
                0x0000000008002e5c                DMA1_Stream2_IRQHandler
 .text.UART4_IRQHandler
                0x0000000008002e6c       0x10 build/stm32f4xx_it.o
                0x0000000008002e6c                UART4_IRQHandler
 .text.TIM1_UP_TIM10_IRQHandler
                0x0000000008002e7c       0x10 build/stm32f4xx_it.o
                0x0000000008002e7c                TIM1_UP_TIM10_IRQHandler
 .text.EXTI4_IRQHandler
                0x0000000008002e8c        0xa build/stm32f4xx_it.o
                0x0000000008002e8c                EXTI4_IRQHandler
 .text.EXTI9_5_IRQHandler
                0x0000000008002e96        0xa build/stm32f4xx_it.o
                0x0000000008002e96                EXTI9_5_IRQHandler
 .text.HAL_MspInit
                0x0000000008002ea0       0x44 build/stm32f4xx_hal_msp.o
                0x0000000008002ea0                HAL_MspInit
 .text.HAL_InitTick
                0x0000000008002ee4       0x7c build/stm32f4xx_hal_timebase_tim.o
                0x0000000008002ee4                HAL_InitTick
 .text.SystemInit
                0x0000000008002f60       0x1c build/system_stm32f4xx.o
                0x0000000008002f60                SystemInit
 .text.MX_GPIO_Init
                0x0000000008002f7c      0x17c build/gpio.o
                0x0000000008002f7c                MX_GPIO_Init
 .text.MX_TIM10_Init
                0x00000000080030f8       0x34 build/tim.o
                0x00000000080030f8                MX_TIM10_Init
 .text.MX_TIM1_Init
                0x000000000800312c       0x68 build/tim.o
                0x000000000800312c                MX_TIM1_Init
 .text.MX_TIM2_Init
                0x0000000008003194       0x64 build/tim.o
                0x0000000008003194                MX_TIM2_Init
 .text.MX_TIM3_Init
                0x00000000080031f8       0x64 build/tim.o
                0x00000000080031f8                MX_TIM3_Init
 .text.MX_TIM4_Init
                0x000000000800325c       0x64 build/tim.o
                0x000000000800325c                MX_TIM4_Init
 .text.HAL_TIM_Encoder_MspInit
                0x00000000080032c0      0x1c8 build/tim.o
                0x00000000080032c0                HAL_TIM_Encoder_MspInit
 .text.HAL_TIM_PWM_MspInit
                0x0000000008003488       0x58 build/tim.o
                0x0000000008003488                HAL_TIM_PWM_MspInit
 .text.HAL_TIM_MspPostInit
                0x00000000080034e0       0x9c build/tim.o
                0x00000000080034e0                HAL_TIM_MspPostInit
 .text.MX_TIM8_Init
                0x000000000800357c       0xf0 build/tim.o
                0x000000000800357c                MX_TIM8_Init
 .text.MX_TIM9_Init
                0x000000000800366c       0x64 build/tim.o
                0x000000000800366c                MX_TIM9_Init
 .text.HAL_TIM_Base_MspInit
                0x00000000080036d0       0x40 build/tim.o
                0x00000000080036d0                HAL_TIM_Base_MspInit
 .text.MX_DMA_Init
                0x0000000008003710       0x34 build/dma.o
                0x0000000008003710                MX_DMA_Init
 .text.MX_UART4_UART_Init
                0x0000000008003744       0x34 build/usart.o
                0x0000000008003744                MX_UART4_UART_Init
 .text.HAL_UART_MspInit
                0x0000000008003778       0xc8 build/usart.o
                0x0000000008003778                HAL_UART_MspInit
 .text.ITM_SendString
                0x0000000008003840       0x44 build/printf_config.o
                0x0000000008003840                ITM_SendString
 .text._write   0x0000000008003884        0xc build/printf_config.o
                0x0000000008003884                _write
 .text.Reset_Handler
                0x0000000008003890       0x50 build/startup_stm32f407xx.o
                0x0000000008003890                Reset_Handler
 .text.Default_Handler
                0x00000000080038e0        0x2 build/startup_stm32f407xx.o
                0x00000000080038e0                RTC_Alarm_IRQHandler
                0x00000000080038e0                HASH_RNG_IRQHandler
                0x00000000080038e0                EXTI2_IRQHandler
                0x00000000080038e0                TIM8_CC_IRQHandler
                0x00000000080038e0                TIM1_CC_IRQHandler
                0x00000000080038e0                DMA2_Stream5_IRQHandler
                0x00000000080038e0                DMA1_Stream5_IRQHandler
                0x00000000080038e0                PVD_IRQHandler
                0x00000000080038e0                SDIO_IRQHandler
                0x00000000080038e0                TAMP_STAMP_IRQHandler
                0x00000000080038e0                CAN2_RX1_IRQHandler
                0x00000000080038e0                EXTI3_IRQHandler
                0x00000000080038e0                TIM8_TRG_COM_TIM14_IRQHandler
                0x00000000080038e0                TIM8_UP_TIM13_IRQHandler
                0x00000000080038e0                I2C3_ER_IRQHandler
                0x00000000080038e0                EXTI0_IRQHandler
                0x00000000080038e0                I2C2_EV_IRQHandler
                0x00000000080038e0                CAN1_RX0_IRQHandler
                0x00000000080038e0                FPU_IRQHandler
                0x00000000080038e0                OTG_HS_WKUP_IRQHandler
                0x00000000080038e0                CAN2_SCE_IRQHandler
                0x00000000080038e0                DMA2_Stream2_IRQHandler
                0x00000000080038e0                SPI1_IRQHandler
                0x00000000080038e0                TIM6_DAC_IRQHandler
                0x00000000080038e0                TIM1_BRK_TIM9_IRQHandler
                0x00000000080038e0                DCMI_IRQHandler
                0x00000000080038e0                CAN2_RX0_IRQHandler
                0x00000000080038e0                DMA2_Stream3_IRQHandler
                0x00000000080038e0                USART6_IRQHandler
                0x00000000080038e0                USART3_IRQHandler
                0x00000000080038e0                CAN1_RX1_IRQHandler
                0x00000000080038e0                UART5_IRQHandler
                0x00000000080038e0                DMA2_Stream0_IRQHandler
                0x00000000080038e0                TIM4_IRQHandler
                0x00000000080038e0                I2C1_EV_IRQHandler
                0x00000000080038e0                DMA1_Stream6_IRQHandler
                0x00000000080038e0                DMA1_Stream1_IRQHandler
                0x00000000080038e0                TIM3_IRQHandler
                0x00000000080038e0                RCC_IRQHandler
                0x00000000080038e0                TIM8_BRK_TIM12_IRQHandler
                0x00000000080038e0                Default_Handler
                0x00000000080038e0                EXTI15_10_IRQHandler
                0x00000000080038e0                ADC_IRQHandler
                0x00000000080038e0                DMA1_Stream7_IRQHandler
                0x00000000080038e0                TIM7_IRQHandler
                0x00000000080038e0                CAN2_TX_IRQHandler
                0x00000000080038e0                DMA2_Stream7_IRQHandler
                0x00000000080038e0                I2C3_EV_IRQHandler
                0x00000000080038e0                RTC_WKUP_IRQHandler
                0x00000000080038e0                ETH_WKUP_IRQHandler
                0x00000000080038e0                SPI2_IRQHandler
                0x00000000080038e0                OTG_HS_EP1_IN_IRQHandler
                0x00000000080038e0                DMA1_Stream0_IRQHandler
                0x00000000080038e0                CAN1_TX_IRQHandler
                0x00000000080038e0                FSMC_IRQHandler
                0x00000000080038e0                ETH_IRQHandler
                0x00000000080038e0                OTG_HS_EP1_OUT_IRQHandler
                0x00000000080038e0                WWDG_IRQHandler
                0x00000000080038e0                TIM2_IRQHandler
                0x00000000080038e0                OTG_FS_WKUP_IRQHandler
                0x00000000080038e0                TIM1_TRG_COM_TIM11_IRQHandler
                0x00000000080038e0                OTG_HS_IRQHandler
                0x00000000080038e0                EXTI1_IRQHandler
                0x00000000080038e0                USART2_IRQHandler
                0x00000000080038e0                I2C2_ER_IRQHandler
                0x00000000080038e0                DMA2_Stream1_IRQHandler
                0x00000000080038e0                CAN1_SCE_IRQHandler
                0x00000000080038e0                FLASH_IRQHandler
                0x00000000080038e0                DMA2_Stream4_IRQHandler
                0x00000000080038e0                USART1_IRQHandler
                0x00000000080038e0                OTG_FS_IRQHandler
                0x00000000080038e0                SPI3_IRQHandler
                0x00000000080038e0                DMA1_Stream4_IRQHandler
                0x00000000080038e0                I2C1_ER_IRQHandler
                0x00000000080038e0                DMA2_Stream6_IRQHandler
                0x00000000080038e0                DMA1_Stream3_IRQHandler
 *fill*         0x00000000080038e2        0x6 
 .text._ZN7encoder16encoderInitilizeEv
                0x00000000080038e8       0x48 build/encoder.o
                0x00000000080038e8                encoder::encoderInitilize()
 .text._ZN7encoder9get_omegaEv
                0x0000000008003930       0x6c build/encoder.o
                0x0000000008003930                encoder::get_omega()
 *fill*         0x000000000800399c        0x4 
 .text._ZN7encoder9get_angleEv
                0x00000000080039a0       0xa8 build/encoder.o
                0x00000000080039a0                encoder::get_angle()
 .text._ZN7encoder11reset_angleEv
                0x0000000008003a48       0x14 build/encoder.o
                0x0000000008003a48                encoder::reset_angle()
 .text._ZL11time_periodt
                0x0000000008003a5c       0x14 build/motor.o
 .text._ZL21set_DutyCycle_PrimaryP17TIM_HandleTypeDefmt
                0x0000000008003a70       0x50 build/motor.o
 .text._ZL13set_DutyCycleP12Motor_configt
                0x0000000008003ac0        0xe build/motor.o
 *fill*         0x0000000008003ace        0x2 
 .text._ZL14set_motorOmegaP12Motor_configf
                0x0000000008003ad0       0x48 build/motor.o
 .text._ZL18set_motorDirectionP12Motor_config9Direction
                0x0000000008003b18       0x22 build/motor.o
 *fill*         0x0000000008003b3a        0x2 
 .text._ZN5motor12computeOmegaEff13pid_Algorithm
                0x0000000008003b3c       0x3c build/motor.o
                0x0000000008003b3c                motor::computeOmega(float, float, pid_Algorithm)
 .text._ZN5motor9set_omegaEf
                0x0000000008003b78       0x84 build/motor.o
                0x0000000008003b78                motor::set_omega(float)
 .text._ZN14continuous_PID7ComputeEff
                0x0000000008003bfc       0xf4 build/pid.o
                0x0000000008003bfc                continuous_PID::Compute(float, float)
 .text._ZN14continuous_PID10SetTuningsEfffi
                0x0000000008003cf0       0x7c build/pid.o
                0x0000000008003cf0                continuous_PID::SetTunings(float, float, float, int)
 .text._ZN14continuous_PID15SetOutputLimitsEff
                0x0000000008003d6c       0x14 build/pid.o
                0x0000000008003d6c                continuous_PID::SetOutputLimits(float, float)
 .text._ZN14continuous_PID10InitializeEv
                0x0000000008003d80       0x34 build/pid.o
                0x0000000008003d80                continuous_PID::Initialize()
 .text._ZN14continuous_PID7SetModeEi
                0x0000000008003db4       0x24 build/pid.o
                0x0000000008003db4                continuous_PID::SetMode(int)
 .text._ZN14continuous_PID22SetControllerDirectionEi
                0x0000000008003dd8        0x4 build/pid.o
                0x0000000008003dd8                continuous_PID::SetControllerDirection(int)
 .text._ZN12discrete_PID7ComputeEff
                0x0000000008003ddc       0xa4 build/pid.o
                0x0000000008003ddc                discrete_PID::Compute(float, float)
 .text._ZN12discrete_PID10SetTuningsEfff
                0x0000000008003e80       0x48 build/pid.o
                0x0000000008003e80                discrete_PID::SetTunings(float, float, float)
 .text._ZN12discrete_PID15SetOutputLimitsEff
                0x0000000008003ec8       0x14 build/pid.o
                0x0000000008003ec8                discrete_PID::SetOutputLimits(float, float)
 .text._ZN9fuzzy_pid5trimfEffff
                0x0000000008003edc       0x54 build/fuzzy_pid.o
                0x0000000008003edc                fuzzy_pid::trimf(float, float, float, float)
 .text._ZN9fuzzy_pid8invTrimfEffff
                0x0000000008003f30       0x26 build/fuzzy_pid.o
                0x0000000008003f30                fuzzy_pid::invTrimf(float, float, float, float)
 .text._ZN9fuzzy_pidC2Ev
                0x0000000008003f56       0x1a build/fuzzy_pid.o
                0x0000000008003f56                fuzzy_pid::fuzzy_pid()
                0x0000000008003f56                fuzzy_pid::fuzzy_pid()
 .text._ZN9fuzzy_pid20calculate_del_outputEfff
                0x0000000008003f70       0x52 build/fuzzy_pid.o
                0x0000000008003f70                fuzzy_pid::calculate_del_output(float, float, float)
 .text._ZN9fuzzy_pid13set_parameterEfffff
                0x0000000008003fc2       0x1c build/fuzzy_pid.o
                0x0000000008003fc2                fuzzy_pid::set_parameter(float, float, float, float, float)
 .text._ZN9fuzzy_pid24calculate_del_tuningGainEPA7_iPf
                0x0000000008003fde       0xd2 build/fuzzy_pid.o
                0x0000000008003fde                fuzzy_pid::calculate_del_tuningGain(int (*) [7], float*)
 .text._ZN9fuzzy_pid3mapEfff
                0x00000000080040b0        0xa build/fuzzy_pid.o
                0x00000000080040b0                fuzzy_pid::map(float, float, float)
 .text._ZN9fuzzy_pid5clampEfff
                0x00000000080040ba       0x20 build/fuzzy_pid.o
                0x00000000080040ba                fuzzy_pid::clamp(float, float, float)
 *fill*         0x00000000080040da        0x2 
 .text._ZN9fuzzy_pid28compute_fuzzy_selfTuning_PIDEff
                0x00000000080040dc      0x18c build/fuzzy_pid.o
                0x00000000080040dc                fuzzy_pid::compute_fuzzy_selfTuning_PID(float, float)
 .text.__tcf_0  0x0000000008004268       0x18 build/robo_init.o
 .text.__tcf_1  0x0000000008004280       0x18 build/robo_init.o
 .text.__tcf_2  0x0000000008004298       0x18 build/robo_init.o
 .text.__tcf_3  0x00000000080042b0       0x18 build/robo_init.o
 .text._ZN5motorC2Ev
                0x00000000080042c8       0xb4 build/robo_init.o
                0x00000000080042c8                motor::motor()
                0x00000000080042c8                motor::motor()
 .text._Z41__static_initialization_and_destruction_0ii
                0x000000000800437c       0xd0 build/robo_init.o
 .text._Z17motorAllInitilizev
                0x000000000800444c       0xc4 build/robo_init.o
                0x000000000800444c                motorAllInitilize()
 .text._Z19encoderAllInitilizev
                0x0000000008004510       0xa8 build/robo_init.o
                0x0000000008004510                encoderAllInitilize()
 .text._Z15pidAllInitilizev
                0x00000000080045b8      0x104 build/robo_init.o
                0x00000000080045b8                pidAllInitilize()
 .text._Z9robo_initv
                0x00000000080046bc       0x14 build/robo_init.o
                0x00000000080046bc                robo_init()
 .text._GLOBAL__sub_I_m_rotatory_wheel
                0x00000000080046d0        0xe build/robo_init.o
 *fill*         0x00000000080046de        0x2 
 .text._Z9robo_playv
                0x00000000080046e0       0x20 build/robot_operation.o
                0x00000000080046e0                robo_play()
 .text._ZN8CRC_HashC2Eh
                0x0000000008004700       0x2e build/crc_hash.o
                0x0000000008004700                CRC_Hash::CRC_Hash(unsigned char)
                0x0000000008004700                CRC_Hash::CRC_Hash(unsigned char)
 *fill*         0x000000000800472e        0x2 
 .text._Z18SystemClock_Configv
                0x0000000008004730       0x98 build/main.o
                0x0000000008004730                SystemClock_Config()
 .text.main     0x00000000080047c8       0x3c build/main.o
                0x00000000080047c8                main
 .text.HAL_TIM_PeriodElapsedCallback
                0x0000000008004804       0x4c build/main.o
                0x0000000008004804                HAL_TIM_PeriodElapsedCallback
 .text.Error_Handler
                0x0000000008004850        0x2 build/main.o
                0x0000000008004850                Error_Handler
 *fill*         0x0000000008004852        0x6 
 .text._ZN3arm13motor_actuateEv
                0x0000000008004858      0x294 build/arm.o
                0x0000000008004858                arm::motor_actuate()
 .text._ZN3arm14start_commandsEv
                0x0000000008004aec       0x20 build/arm.o
                0x0000000008004aec                arm::start_commands()
 .text._ZN14rotation_wheel18motorWheel_actuateEf
                0x0000000008004b0c       0x40 build/rotatory_wheel.o
                0x0000000008004b0c                rotation_wheel::motorWheel_actuate(float)
 .text._ZN14rotation_wheel14start_commandsEv
                0x0000000008004b4c       0xb4 build/rotatory_wheel.o
                0x0000000008004b4c                rotation_wheel::start_commands()
 .text._ZN8CRC_HashD2Ev
                0x0000000008004c00        0x2 build/uart_communication.o
                0x0000000008004c00                CRC_Hash::~CRC_Hash()
                0x0000000008004c00                CRC_Hash::~CRC_Hash()
 *fill*         0x0000000008004c02        0x2 
 .text._Z41__static_initialization_and_destruction_0ii
                0x0000000008004c04       0x68 build/uart_communication.o
 .text._Z12fill_JoyDataP13JoyStick_DataPh
                0x0000000008004c6c        0xa build/uart_communication.o
                0x0000000008004c6c                fill_JoyData(JoyStick_Data*, unsigned char*)
 *fill*         0x0000000008004c76        0x2 
 .text.HAL_UART_RxCpltCallback
                0x0000000008004c78       0x64 build/uart_communication.o
                0x0000000008004c78                HAL_UART_RxCpltCallback
 .text._Z18communication_initv
                0x0000000008004cdc       0x18 build/uart_communication.o
                0x0000000008004cdc                communication_init()
 .text._Z13parse_joyDatav
                0x0000000008004cf4       0xac build/uart_communication.o
                0x0000000008004cf4                parse_joyData()
 .text._GLOBAL__sub_I_rotation_wheel_
                0x0000000008004da0        0xe build/uart_communication.o
 .text.__aeabi_atexit
                0x0000000008004dae        0xa /home/love/Documents/gcc-arm-none-eabi-10-2020-q4-major/bin/../lib/gcc/arm-none-eabi/10.2.1/../../../../arm-none-eabi/lib/thumb/v7e-m+fp/hard/libstdc++_nano.a(atexit_arm.o)
                0x0000000008004dae                __aeabi_atexit
 .text.fmodf    0x0000000008004db8       0x54 /home/love/Documents/gcc-arm-none-eabi-10-2020-q4-major/bin/../lib/gcc/arm-none-eabi/10.2.1/../../../../arm-none-eabi/lib/thumb/v7e-m+fp/hard/libm.a(lib_a-wf_fmod.o)
                0x0000000008004db8                fmodf
 .text.__ieee754_fmodf
                0x0000000008004e0c      0x120 /home/love/Documents/gcc-arm-none-eabi-10-2020-q4-major/bin/../lib/gcc/arm-none-eabi/10.2.1/../../../../arm-none-eabi/lib/thumb/v7e-m+fp/hard/libm.a(lib_a-ef_fmod.o)
                0x0000000008004e0c                __ieee754_fmodf
 .text.__cxa_atexit
                0x0000000008004f2c       0x1c /home/love/Documents/gcc-arm-none-eabi-10-2020-q4-major/bin/../lib/gcc/arm-none-eabi/10.2.1/../../../../arm-none-eabi/lib/thumb/v7e-m+fp/hard/libc_nano.a(lib_a-cxa_atexit.o)
                0x0000000008004f2c                __cxa_atexit
 .text.__errno  0x0000000008004f48        0xc /home/love/Documents/gcc-arm-none-eabi-10-2020-q4-major/bin/../lib/gcc/arm-none-eabi/10.2.1/../../../../arm-none-eabi/lib/thumb/v7e-m+fp/hard/libc_nano.a(lib_a-errno.o)
                0x0000000008004f48                __errno
 .text.__libc_init_array
                0x0000000008004f54       0x48 /home/love/Documents/gcc-arm-none-eabi-10-2020-q4-major/bin/../lib/gcc/arm-none-eabi/10.2.1/../../../../arm-none-eabi/lib/thumb/v7e-m+fp/hard/libc_nano.a(lib_a-init.o)
                0x0000000008004f54                __libc_init_array
 .text.memcpy   0x0000000008004f9c       0x1c /home/love/Documents/gcc-arm-none-eabi-10-2020-q4-major/bin/../lib/gcc/arm-none-eabi/10.2.1/../../../../arm-none-eabi/lib/thumb/v7e-m+fp/hard/libc_nano.a(lib_a-memcpy-stub.o)
                0x0000000008004f9c                memcpy
 .text.memset   0x0000000008004fb8       0x10 /home/love/Documents/gcc-arm-none-eabi-10-2020-q4-major/bin/../lib/gcc/arm-none-eabi/10.2.1/../../../../arm-none-eabi/lib/thumb/v7e-m+fp/hard/libc_nano.a(lib_a-memset.o)
                0x0000000008004fb8                memset
 .text.__cvt    0x0000000008004fc8       0xc4 /home/love/Documents/gcc-arm-none-eabi-10-2020-q4-major/bin/../lib/gcc/arm-none-eabi/10.2.1/../../../../arm-none-eabi/lib/thumb/v7e-m+fp/hard/libc_nano.a(lib_a-nano-vfprintf_float.o)
                0x0000000008004fc8                __cvt
 .text.__exponent
                0x000000000800508c       0x7c /home/love/Documents/gcc-arm-none-eabi-10-2020-q4-major/bin/../lib/gcc/arm-none-eabi/10.2.1/../../../../arm-none-eabi/lib/thumb/v7e-m+fp/hard/libc_nano.a(lib_a-nano-vfprintf_float.o)
                0x000000000800508c                __exponent
 .text._printf_float
                0x0000000008005108      0x46c /home/love/Documents/gcc-arm-none-eabi-10-2020-q4-major/bin/../lib/gcc/arm-none-eabi/10.2.1/../../../../arm-none-eabi/lib/thumb/v7e-m+fp/hard/libc_nano.a(lib_a-nano-vfprintf_float.o)
                0x0000000008005108                _printf_float
 .text._printf_common
                0x0000000008005574       0xda /home/love/Documents/gcc-arm-none-eabi-10-2020-q4-major/bin/../lib/gcc/arm-none-eabi/10.2.1/../../../../arm-none-eabi/lib/thumb/v7e-m+fp/hard/libc_nano.a(lib_a-nano-vfprintf_i.o)
                0x0000000008005574                _printf_common
 *fill*         0x000000000800564e        0x2 
 .text._printf_i
                0x0000000008005650      0x24c /home/love/Documents/gcc-arm-none-eabi-10-2020-q4-major/bin/../lib/gcc/arm-none-eabi/10.2.1/../../../../arm-none-eabi/lib/thumb/v7e-m+fp/hard/libc_nano.a(lib_a-nano-vfprintf_i.o)
                0x0000000008005650                _printf_i
 .text._puts_r  0x000000000800589c       0xdc /home/love/Documents/gcc-arm-none-eabi-10-2020-q4-major/bin/../lib/gcc/arm-none-eabi/10.2.1/../../../../arm-none-eabi/lib/thumb/v7e-m+fp/hard/libc_nano.a(lib_a-puts.o)
                0x000000000800589c                _puts_r
 .text.puts     0x0000000008005978       0x10 /home/love/Documents/gcc-arm-none-eabi-10-2020-q4-major/bin/../lib/gcc/arm-none-eabi/10.2.1/../../../../arm-none-eabi/lib/thumb/v7e-m+fp/hard/libc_nano.a(lib_a-puts.o)
                0x0000000008005978                puts
 .text.__swbuf_r
                0x0000000008005988       0xa4 /home/love/Documents/gcc-arm-none-eabi-10-2020-q4-major/bin/../lib/gcc/arm-none-eabi/10.2.1/../../../../arm-none-eabi/lib/thumb/v7e-m+fp/hard/libc_nano.a(lib_a-wbuf.o)
                0x0000000008005988                __swbuf_r
 .text.__swsetup_r
                0x0000000008005a2c       0xdc /home/love/Documents/gcc-arm-none-eabi-10-2020-q4-major/bin/../lib/gcc/arm-none-eabi/10.2.1/../../../../arm-none-eabi/lib/thumb/v7e-m+fp/hard/libc_nano.a(lib_a-wsetup.o)
                0x0000000008005a2c                __swsetup_r
 .text.quorem   0x0000000008005b08      0x116 /home/love/Documents/gcc-arm-none-eabi-10-2020-q4-major/bin/../lib/gcc/arm-none-eabi/10.2.1/../../../../arm-none-eabi/lib/thumb/v7e-m+fp/hard/libc_nano.a(lib_a-dtoa.o)
 *fill*         0x0000000008005c1e        0x2 
 .text._dtoa_r  0x0000000008005c20      0xbdc /home/love/Documents/gcc-arm-none-eabi-10-2020-q4-major/bin/../lib/gcc/arm-none-eabi/10.2.1/../../../../arm-none-eabi/lib/thumb/v7e-m+fp/hard/libc_nano.a(lib_a-dtoa.o)
                0x0000000008005c20                _dtoa_r
 .text.__sflush_r
                0x00000000080067fc      0x10c /home/love/Documents/gcc-arm-none-eabi-10-2020-q4-major/bin/../lib/gcc/arm-none-eabi/10.2.1/../../../../arm-none-eabi/lib/thumb/v7e-m+fp/hard/libc_nano.a(lib_a-fflush.o)
                0x00000000080067fc                __sflush_r
 .text._fflush_r
                0x0000000008006908       0x78 /home/love/Documents/gcc-arm-none-eabi-10-2020-q4-major/bin/../lib/gcc/arm-none-eabi/10.2.1/../../../../arm-none-eabi/lib/thumb/v7e-m+fp/hard/libc_nano.a(lib_a-fflush.o)
                0x0000000008006908                _fflush_r
 .text.std      0x0000000008006980       0x48 /home/love/Documents/gcc-arm-none-eabi-10-2020-q4-major/bin/../lib/gcc/arm-none-eabi/10.2.1/../../../../arm-none-eabi/lib/thumb/v7e-m+fp/hard/libc_nano.a(lib_a-findfp.o)
 .text._cleanup_r
                0x00000000080069c8        0xc /home/love/Documents/gcc-arm-none-eabi-10-2020-q4-major/bin/../lib/gcc/arm-none-eabi/10.2.1/../../../../arm-none-eabi/lib/thumb/v7e-m+fp/hard/libc_nano.a(lib_a-findfp.o)
                0x00000000080069c8                _cleanup_r
 .text.__sfmoreglue
                0x00000000080069d4       0x2c /home/love/Documents/gcc-arm-none-eabi-10-2020-q4-major/bin/../lib/gcc/arm-none-eabi/10.2.1/../../../../arm-none-eabi/lib/thumb/v7e-m+fp/hard/libc_nano.a(lib_a-findfp.o)
                0x00000000080069d4                __sfmoreglue
 .text.__sfp_lock_acquire
                0x0000000008006a00        0xc /home/love/Documents/gcc-arm-none-eabi-10-2020-q4-major/bin/../lib/gcc/arm-none-eabi/10.2.1/../../../../arm-none-eabi/lib/thumb/v7e-m+fp/hard/libc_nano.a(lib_a-findfp.o)
                0x0000000008006a00                __sfp_lock_acquire
 .text.__sfp_lock_release
                0x0000000008006a0c        0xc /home/love/Documents/gcc-arm-none-eabi-10-2020-q4-major/bin/../lib/gcc/arm-none-eabi/10.2.1/../../../../arm-none-eabi/lib/thumb/v7e-m+fp/hard/libc_nano.a(lib_a-findfp.o)
                0x0000000008006a0c                __sfp_lock_release
 .text.__sinit_lock_acquire
                0x0000000008006a18        0xc /home/love/Documents/gcc-arm-none-eabi-10-2020-q4-major/bin/../lib/gcc/arm-none-eabi/10.2.1/../../../../arm-none-eabi/lib/thumb/v7e-m+fp/hard/libc_nano.a(lib_a-findfp.o)
                0x0000000008006a18                __sinit_lock_acquire
 .text.__sinit_lock_release
                0x0000000008006a24        0xc /home/love/Documents/gcc-arm-none-eabi-10-2020-q4-major/bin/../lib/gcc/arm-none-eabi/10.2.1/../../../../arm-none-eabi/lib/thumb/v7e-m+fp/hard/libc_nano.a(lib_a-findfp.o)
                0x0000000008006a24                __sinit_lock_release
 .text.__sinit  0x0000000008006a30       0x70 /home/love/Documents/gcc-arm-none-eabi-10-2020-q4-major/bin/../lib/gcc/arm-none-eabi/10.2.1/../../../../arm-none-eabi/lib/thumb/v7e-m+fp/hard/libc_nano.a(lib_a-findfp.o)
                0x0000000008006a30                __sinit
 .text.__sfp    0x0000000008006aa0       0x8c /home/love/Documents/gcc-arm-none-eabi-10-2020-q4-major/bin/../lib/gcc/arm-none-eabi/10.2.1/../../../../arm-none-eabi/lib/thumb/v7e-m+fp/hard/libc_nano.a(lib_a-findfp.o)
                0x0000000008006aa0                __sfp
 .text._fwalk_reent
                0x0000000008006b2c       0x3e /home/love/Documents/gcc-arm-none-eabi-10-2020-q4-major/bin/../lib/gcc/arm-none-eabi/10.2.1/../../../../arm-none-eabi/lib/thumb/v7e-m+fp/hard/libc_nano.a(lib_a-fwalk.o)
                0x0000000008006b2c                _fwalk_reent
 *fill*         0x0000000008006b6a        0x2 
 .text._localeconv_r
                0x0000000008006b6c        0x8 /home/love/Documents/gcc-arm-none-eabi-10-2020-q4-major/bin/../lib/gcc/arm-none-eabi/10.2.1/../../../../arm-none-eabi/lib/thumb/v7e-m+fp/hard/libc_nano.a(lib_a-localeconv.o)
                0x0000000008006b6c                _localeconv_r
 .text.__retarget_lock_init_recursive
                0x0000000008006b74        0x2 /home/love/Documents/gcc-arm-none-eabi-10-2020-q4-major/bin/../lib/gcc/arm-none-eabi/10.2.1/../../../../arm-none-eabi/lib/thumb/v7e-m+fp/hard/libc_nano.a(lib_a-lock.o)
                0x0000000008006b74                __retarget_lock_init_recursive
 .text.__retarget_lock_acquire_recursive
                0x0000000008006b76        0x2 /home/love/Documents/gcc-arm-none-eabi-10-2020-q4-major/bin/../lib/gcc/arm-none-eabi/10.2.1/../../../../arm-none-eabi/lib/thumb/v7e-m+fp/hard/libc_nano.a(lib_a-lock.o)
                0x0000000008006b76                __retarget_lock_acquire_recursive
 .text.__retarget_lock_release_recursive
                0x0000000008006b78        0x2 /home/love/Documents/gcc-arm-none-eabi-10-2020-q4-major/bin/../lib/gcc/arm-none-eabi/10.2.1/../../../../arm-none-eabi/lib/thumb/v7e-m+fp/hard/libc_nano.a(lib_a-lock.o)
                0x0000000008006b78                __retarget_lock_release_recursive
 .text.__swhatbuf_r
                0x0000000008006b7a       0x4a /home/love/Documents/gcc-arm-none-eabi-10-2020-q4-major/bin/../lib/gcc/arm-none-eabi/10.2.1/../../../../arm-none-eabi/lib/thumb/v7e-m+fp/hard/libc_nano.a(lib_a-makebuf.o)
                0x0000000008006b7a                __swhatbuf_r
 .text.__smakebuf_r
                0x0000000008006bc4       0x80 /home/love/Documents/gcc-arm-none-eabi-10-2020-q4-major/bin/../lib/gcc/arm-none-eabi/10.2.1/../../../../arm-none-eabi/lib/thumb/v7e-m+fp/hard/libc_nano.a(lib_a-makebuf.o)
                0x0000000008006bc4                __smakebuf_r
 .text.malloc   0x0000000008006c44       0x10 /home/love/Documents/gcc-arm-none-eabi-10-2020-q4-major/bin/../lib/gcc/arm-none-eabi/10.2.1/../../../../arm-none-eabi/lib/thumb/v7e-m+fp/hard/libc_nano.a(lib_a-malloc.o)
                0x0000000008006c44                malloc
 .text._Balloc  0x0000000008006c54       0x80 /home/love/Documents/gcc-arm-none-eabi-10-2020-q4-major/bin/../lib/gcc/arm-none-eabi/10.2.1/../../../../arm-none-eabi/lib/thumb/v7e-m+fp/hard/libc_nano.a(lib_a-mprec.o)
                0x0000000008006c54                _Balloc
 .text._Bfree   0x0000000008006cd4       0x44 /home/love/Documents/gcc-arm-none-eabi-10-2020-q4-major/bin/../lib/gcc/arm-none-eabi/10.2.1/../../../../arm-none-eabi/lib/thumb/v7e-m+fp/hard/libc_nano.a(lib_a-mprec.o)
                0x0000000008006cd4                _Bfree
 .text.__multadd
                0x0000000008006d18       0x8c /home/love/Documents/gcc-arm-none-eabi-10-2020-q4-major/bin/../lib/gcc/arm-none-eabi/10.2.1/../../../../arm-none-eabi/lib/thumb/v7e-m+fp/hard/libc_nano.a(lib_a-mprec.o)
                0x0000000008006d18                __multadd
 .text.__hi0bits
                0x0000000008006da4       0x40 /home/love/Documents/gcc-arm-none-eabi-10-2020-q4-major/bin/../lib/gcc/arm-none-eabi/10.2.1/../../../../arm-none-eabi/lib/thumb/v7e-m+fp/hard/libc_nano.a(lib_a-mprec.o)
                0x0000000008006da4                __hi0bits
 .text.__lo0bits
                0x0000000008006de4       0x5e /home/love/Documents/gcc-arm-none-eabi-10-2020-q4-major/bin/../lib/gcc/arm-none-eabi/10.2.1/../../../../arm-none-eabi/lib/thumb/v7e-m+fp/hard/libc_nano.a(lib_a-mprec.o)
                0x0000000008006de4                __lo0bits
 *fill*         0x0000000008006e42        0x2 
 .text.__i2b    0x0000000008006e44       0x2c /home/love/Documents/gcc-arm-none-eabi-10-2020-q4-major/bin/../lib/gcc/arm-none-eabi/10.2.1/../../../../arm-none-eabi/lib/thumb/v7e-m+fp/hard/libc_nano.a(lib_a-mprec.o)
                0x0000000008006e44                __i2b
 .text.__multiply
                0x0000000008006e70      0x154 /home/love/Documents/gcc-arm-none-eabi-10-2020-q4-major/bin/../lib/gcc/arm-none-eabi/10.2.1/../../../../arm-none-eabi/lib/thumb/v7e-m+fp/hard/libc_nano.a(lib_a-mprec.o)
                0x0000000008006e70                __multiply
 .text.__pow5mult
                0x0000000008006fc4       0xb4 /home/love/Documents/gcc-arm-none-eabi-10-2020-q4-major/bin/../lib/gcc/arm-none-eabi/10.2.1/../../../../arm-none-eabi/lib/thumb/v7e-m+fp/hard/libc_nano.a(lib_a-mprec.o)
                0x0000000008006fc4                __pow5mult
 .text.__lshift
                0x0000000008007078       0xe0 /home/love/Documents/gcc-arm-none-eabi-10-2020-q4-major/bin/../lib/gcc/arm-none-eabi/10.2.1/../../../../arm-none-eabi/lib/thumb/v7e-m+fp/hard/libc_nano.a(lib_a-mprec.o)
                0x0000000008007078                __lshift
 .text.__mcmp   0x0000000008007158       0x38 /home/love/Documents/gcc-arm-none-eabi-10-2020-q4-major/bin/../lib/gcc/arm-none-eabi/10.2.1/../../../../arm-none-eabi/lib/thumb/v7e-m+fp/hard/libc_nano.a(lib_a-mprec.o)
                0x0000000008007158                __mcmp
 .text.__mdiff  0x0000000008007190      0x114 /home/love/Documents/gcc-arm-none-eabi-10-2020-q4-major/bin/../lib/gcc/arm-none-eabi/10.2.1/../../../../arm-none-eabi/lib/thumb/v7e-m+fp/hard/libc_nano.a(lib_a-mprec.o)
                0x0000000008007190                __mdiff
 .text.__d2b    0x00000000080072a4       0xb8 /home/love/Documents/gcc-arm-none-eabi-10-2020-q4-major/bin/../lib/gcc/arm-none-eabi/10.2.1/../../../../arm-none-eabi/lib/thumb/v7e-m+fp/hard/libc_nano.a(lib_a-mprec.o)
                0x00000000080072a4                __d2b
 .text._calloc_r
                0x000000000800735c       0x1e /home/love/Documents/gcc-arm-none-eabi-10-2020-q4-major/bin/../lib/gcc/arm-none-eabi/10.2.1/../../../../arm-none-eabi/lib/thumb/v7e-m+fp/hard/libc_nano.a(lib_a-nano-callocr.o)
                0x000000000800735c                _calloc_r
 *fill*         0x000000000800737a        0x2 
 .text._free_r  0x000000000800737c       0x98 /home/love/Documents/gcc-arm-none-eabi-10-2020-q4-major/bin/../lib/gcc/arm-none-eabi/10.2.1/../../../../arm-none-eabi/lib/thumb/v7e-m+fp/hard/libc_nano.a(lib_a-nano-freer.o)
                0x000000000800737c                _free_r
 .text._malloc_r
                0x0000000008007414       0xb4 /home/love/Documents/gcc-arm-none-eabi-10-2020-q4-major/bin/../lib/gcc/arm-none-eabi/10.2.1/../../../../arm-none-eabi/lib/thumb/v7e-m+fp/hard/libc_nano.a(lib_a-nano-mallocr.o)
                0x0000000008007414                _malloc_r
 .text._sbrk_r  0x00000000080074c8       0x20 /home/love/Documents/gcc-arm-none-eabi-10-2020-q4-major/bin/../lib/gcc/arm-none-eabi/10.2.1/../../../../arm-none-eabi/lib/thumb/v7e-m+fp/hard/libc_nano.a(lib_a-sbrkr.o)
                0x00000000080074c8                _sbrk_r
 .text.__sread  0x00000000080074e8       0x22 /home/love/Documents/gcc-arm-none-eabi-10-2020-q4-major/bin/../lib/gcc/arm-none-eabi/10.2.1/../../../../arm-none-eabi/lib/thumb/v7e-m+fp/hard/libc_nano.a(lib_a-stdio.o)
                0x00000000080074e8                __sread
 .text.__swrite
                0x000000000800750a       0x38 /home/love/Documents/gcc-arm-none-eabi-10-2020-q4-major/bin/../lib/gcc/arm-none-eabi/10.2.1/../../../../arm-none-eabi/lib/thumb/v7e-m+fp/hard/libc_nano.a(lib_a-stdio.o)
                0x000000000800750a                __swrite
 .text.__sseek  0x0000000008007542       0x24 /home/love/Documents/gcc-arm-none-eabi-10-2020-q4-major/bin/../lib/gcc/arm-none-eabi/10.2.1/../../../../arm-none-eabi/lib/thumb/v7e-m+fp/hard/libc_nano.a(lib_a-stdio.o)
                0x0000000008007542                __sseek
 .text.__sclose
                0x0000000008007566        0x8 /home/love/Documents/gcc-arm-none-eabi-10-2020-q4-major/bin/../lib/gcc/arm-none-eabi/10.2.1/../../../../arm-none-eabi/lib/thumb/v7e-m+fp/hard/libc_nano.a(lib_a-stdio.o)
                0x0000000008007566                __sclose
 *fill*         0x000000000800756e        0x2 
 .text._write_r
                0x0000000008007570       0x24 /home/love/Documents/gcc-arm-none-eabi-10-2020-q4-major/bin/../lib/gcc/arm-none-eabi/10.2.1/../../../../arm-none-eabi/lib/thumb/v7e-m+fp/hard/libc_nano.a(lib_a-writer.o)
                0x0000000008007570                _write_r
 .text.__assert_func
                0x0000000008007594       0x3c /home/love/Documents/gcc-arm-none-eabi-10-2020-q4-major/bin/../lib/gcc/arm-none-eabi/10.2.1/../../../../arm-none-eabi/lib/thumb/v7e-m+fp/hard/libc_nano.a(lib_a-assert.o)
                0x0000000008007594                __assert_func
 .text._close_r
                0x00000000080075d0       0x20 /home/love/Documents/gcc-arm-none-eabi-10-2020-q4-major/bin/../lib/gcc/arm-none-eabi/10.2.1/../../../../arm-none-eabi/lib/thumb/v7e-m+fp/hard/libc_nano.a(lib_a-closer.o)
                0x00000000080075d0                _close_r
 .text.fprintf  0x00000000080075f0       0x24 /home/love/Documents/gcc-arm-none-eabi-10-2020-q4-major/bin/../lib/gcc/arm-none-eabi/10.2.1/../../../../arm-none-eabi/lib/thumb/v7e-m+fp/hard/libc_nano.a(lib_a-fprintf.o)
                0x00000000080075f0                fprintf
                0x00000000080075f0                fiprintf
 .text._fstat_r
                0x0000000008007614       0x24 /home/love/Documents/gcc-arm-none-eabi-10-2020-q4-major/bin/../lib/gcc/arm-none-eabi/10.2.1/../../../../arm-none-eabi/lib/thumb/v7e-m+fp/hard/libc_nano.a(lib_a-fstatr.o)
                0x0000000008007614                _fstat_r
 .text._isatty_r
                0x0000000008007638       0x20 /home/love/Documents/gcc-arm-none-eabi-10-2020-q4-major/bin/../lib/gcc/arm-none-eabi/10.2.1/../../../../arm-none-eabi/lib/thumb/v7e-m+fp/hard/libc_nano.a(lib_a-isattyr.o)
                0x0000000008007638                _isatty_r
 .text._lseek_r
                0x0000000008007658       0x24 /home/love/Documents/gcc-arm-none-eabi-10-2020-q4-major/bin/../lib/gcc/arm-none-eabi/10.2.1/../../../../arm-none-eabi/lib/thumb/v7e-m+fp/hard/libc_nano.a(lib_a-lseekr.o)
                0x0000000008007658                _lseek_r
 .text.__ascii_mbtowc
                0x000000000800767c       0x24 /home/love/Documents/gcc-arm-none-eabi-10-2020-q4-major/bin/../lib/gcc/arm-none-eabi/10.2.1/../../../../arm-none-eabi/lib/thumb/v7e-m+fp/hard/libc_nano.a(lib_a-mbtowc_r.o)
                0x000000000800767c                __ascii_mbtowc
 .text.__malloc_lock
                0x00000000080076a0        0xc /home/love/Documents/gcc-arm-none-eabi-10-2020-q4-major/bin/../lib/gcc/arm-none-eabi/10.2.1/../../../../arm-none-eabi/lib/thumb/v7e-m+fp/hard/libc_nano.a(lib_a-mlock.o)
                0x00000000080076a0                __malloc_lock
 .text.__malloc_unlock
                0x00000000080076ac        0xc /home/love/Documents/gcc-arm-none-eabi-10-2020-q4-major/bin/../lib/gcc/arm-none-eabi/10.2.1/../../../../arm-none-eabi/lib/thumb/v7e-m+fp/hard/libc_nano.a(lib_a-mlock.o)
                0x00000000080076ac                __malloc_unlock
 .text.__sfputc_r
                0x00000000080076b8       0x2e /home/love/Documents/gcc-arm-none-eabi-10-2020-q4-major/bin/../lib/gcc/arm-none-eabi/10.2.1/../../../../arm-none-eabi/lib/thumb/v7e-m+fp/hard/libc_nano.a(lib_a-nano-vfprintf.o)
 .text.__sfputs_r
                0x00000000080076e6       0x24 /home/love/Documents/gcc-arm-none-eabi-10-2020-q4-major/bin/../lib/gcc/arm-none-eabi/10.2.1/../../../../arm-none-eabi/lib/thumb/v7e-m+fp/hard/libc_nano.a(lib_a-nano-vfprintf.o)
                0x00000000080076e6                __sfputs_r
 *fill*         0x000000000800770a        0x2 
 .text._vfprintf_r
                0x000000000800770c      0x260 /home/love/Documents/gcc-arm-none-eabi-10-2020-q4-major/bin/../lib/gcc/arm-none-eabi/10.2.1/../../../../arm-none-eabi/lib/thumb/v7e-m+fp/hard/libc_nano.a(lib_a-nano-vfprintf.o)
                0x000000000800770c                _vfiprintf_r
                0x000000000800770c                _vfprintf_r
 .text._read_r  0x000000000800796c       0x24 /home/love/Documents/gcc-arm-none-eabi-10-2020-q4-major/bin/../lib/gcc/arm-none-eabi/10.2.1/../../../../arm-none-eabi/lib/thumb/v7e-m+fp/hard/libc_nano.a(lib_a-readr.o)
                0x000000000800796c                _read_r
 .text.__ascii_wctomb
                0x0000000008007990       0x1a /home/love/Documents/gcc-arm-none-eabi-10-2020-q4-major/bin/../lib/gcc/arm-none-eabi/10.2.1/../../../../arm-none-eabi/lib/thumb/v7e-m+fp/hard/libc_nano.a(lib_a-wctomb_r.o)
                0x0000000008007990                __ascii_wctomb
 .text.abort    0x00000000080079aa        0xe /home/love/Documents/gcc-arm-none-eabi-10-2020-q4-major/bin/../lib/gcc/arm-none-eabi/10.2.1/../../../../arm-none-eabi/lib/thumb/v7e-m+fp/hard/libc_nano.a(lib_a-abort.o)
                0x00000000080079aa                abort
 .text._raise_r
                0x00000000080079b8       0x50 /home/love/Documents/gcc-arm-none-eabi-10-2020-q4-major/bin/../lib/gcc/arm-none-eabi/10.2.1/../../../../arm-none-eabi/lib/thumb/v7e-m+fp/hard/libc_nano.a(lib_a-signal.o)
                0x00000000080079b8                _raise_r
 .text.raise    0x0000000008007a08       0x10 /home/love/Documents/gcc-arm-none-eabi-10-2020-q4-major/bin/../lib/gcc/arm-none-eabi/10.2.1/../../../../arm-none-eabi/lib/thumb/v7e-m+fp/hard/libc_nano.a(lib_a-signal.o)
                0x0000000008007a08                raise
 .text._kill_r  0x0000000008007a18       0x24 /home/love/Documents/gcc-arm-none-eabi-10-2020-q4-major/bin/../lib/gcc/arm-none-eabi/10.2.1/../../../../arm-none-eabi/lib/thumb/v7e-m+fp/hard/libc_nano.a(lib_a-signalr.o)
                0x0000000008007a18                _kill_r
 .text._getpid_r
                0x0000000008007a3c        0x4 /home/love/Documents/gcc-arm-none-eabi-10-2020-q4-major/bin/../lib/gcc/arm-none-eabi/10.2.1/../../../../arm-none-eabi/lib/thumb/v7e-m+fp/hard/libc_nano.a(lib_a-signalr.o)
                0x0000000008007a3c                _getpid_r
 .text._close   0x0000000008007a40       0x10 /home/love/Documents/gcc-arm-none-eabi-10-2020-q4-major/bin/../lib/gcc/arm-none-eabi/10.2.1/../../../../arm-none-eabi/lib/thumb/v7e-m+fp/hard/libnosys.a(close.o)
                0x0000000008007a40                _close
 .text._fstat   0x0000000008007a50       0x10 /home/love/Documents/gcc-arm-none-eabi-10-2020-q4-major/bin/../lib/gcc/arm-none-eabi/10.2.1/../../../../arm-none-eabi/lib/thumb/v7e-m+fp/hard/libnosys.a(fstat.o)
                0x0000000008007a50                _fstat
 .text._getpid  0x0000000008007a60       0x10 /home/love/Documents/gcc-arm-none-eabi-10-2020-q4-major/bin/../lib/gcc/arm-none-eabi/10.2.1/../../../../arm-none-eabi/lib/thumb/v7e-m+fp/hard/libnosys.a(getpid.o)
                0x0000000008007a60                _getpid
 .text._isatty  0x0000000008007a70       0x10 /home/love/Documents/gcc-arm-none-eabi-10-2020-q4-major/bin/../lib/gcc/arm-none-eabi/10.2.1/../../../../arm-none-eabi/lib/thumb/v7e-m+fp/hard/libnosys.a(isatty.o)
                0x0000000008007a70                _isatty
 .text._kill    0x0000000008007a80       0x10 /home/love/Documents/gcc-arm-none-eabi-10-2020-q4-major/bin/../lib/gcc/arm-none-eabi/10.2.1/../../../../arm-none-eabi/lib/thumb/v7e-m+fp/hard/libnosys.a(kill.o)
                0x0000000008007a80                _kill
 .text._lseek   0x0000000008007a90       0x10 /home/love/Documents/gcc-arm-none-eabi-10-2020-q4-major/bin/../lib/gcc/arm-none-eabi/10.2.1/../../../../arm-none-eabi/lib/thumb/v7e-m+fp/hard/libnosys.a(lseek.o)
                0x0000000008007a90                _lseek
 .text._read    0x0000000008007aa0       0x10 /home/love/Documents/gcc-arm-none-eabi-10-2020-q4-major/bin/../lib/gcc/arm-none-eabi/10.2.1/../../../../arm-none-eabi/lib/thumb/v7e-m+fp/hard/libnosys.a(read.o)
                0x0000000008007aa0                _read
 .text._sbrk    0x0000000008007ab0       0x1c /home/love/Documents/gcc-arm-none-eabi-10-2020-q4-major/bin/../lib/gcc/arm-none-eabi/10.2.1/../../../../arm-none-eabi/lib/thumb/v7e-m+fp/hard/libnosys.a(sbrk.o)
                0x0000000008007ab0                _sbrk
 .text._exit    0x0000000008007acc        0x4 /home/love/Documents/gcc-arm-none-eabi-10-2020-q4-major/bin/../lib/gcc/arm-none-eabi/10.2.1/../../../../arm-none-eabi/lib/thumb/v7e-m+fp/hard/libnosys.a(_exit.o)
                0x0000000008007acc                _exit
 *(.glue_7)
 .glue_7        0x0000000008007ad0        0x0 linker stubs
 *(.glue_7t)
 .glue_7t       0x0000000008007ad0        0x0 linker stubs
 *(.eh_frame)
 .eh_frame      0x0000000008007ad0        0x0 /home/love/Documents/gcc-arm-none-eabi-10-2020-q4-major/bin/../lib/gcc/arm-none-eabi/10.2.1/thumb/v7e-m+fp/hard/crtbegin.o
 *(.init)
 .init          0x0000000008007ad0        0x4 /home/love/Documents/gcc-arm-none-eabi-10-2020-q4-major/bin/../lib/gcc/arm-none-eabi/10.2.1/thumb/v7e-m+fp/hard/crti.o
                0x0000000008007ad0                _init
 .init          0x0000000008007ad4        0x8 /home/love/Documents/gcc-arm-none-eabi-10-2020-q4-major/bin/../lib/gcc/arm-none-eabi/10.2.1/thumb/v7e-m+fp/hard/crtn.o
 *(.fini)
 .fini          0x0000000008007adc        0x4 /home/love/Documents/gcc-arm-none-eabi-10-2020-q4-major/bin/../lib/gcc/arm-none-eabi/10.2.1/thumb/v7e-m+fp/hard/crti.o
                0x0000000008007adc                _fini
 .fini          0x0000000008007ae0        0x8 /home/love/Documents/gcc-arm-none-eabi-10-2020-q4-major/bin/../lib/gcc/arm-none-eabi/10.2.1/thumb/v7e-m+fp/hard/crtn.o
                0x0000000008007ae8                . = ALIGN (0x4)
                0x0000000008007ae8                _etext = .

.vfp11_veneer   0x0000000008007ae8        0x0
 .vfp11_veneer  0x0000000008007ae8        0x0 linker stubs

.v4_bx          0x0000000008007ae8        0x0
 .v4_bx         0x0000000008007ae8        0x0 linker stubs

.iplt           0x0000000008007ae8        0x0
 .iplt          0x0000000008007ae8        0x0 /home/love/Documents/gcc-arm-none-eabi-10-2020-q4-major/bin/../lib/gcc/arm-none-eabi/10.2.1/thumb/v7e-m+fp/hard/crtbegin.o

.rodata         0x0000000008007ae8      0x454
                0x0000000008007ae8                . = ALIGN (0x4)
 *(.rodata)
 *(.rodata*)
 .rodata.flagBitshiftOffset.0
                0x0000000008007ae8        0x8 build/stm32f4xx_hal_dma.o
 .rodata.AHBPrescTable
                0x0000000008007af0       0x10 build/system_stm32f4xx.o
                0x0000000008007af0                AHBPrescTable
 .rodata.APBPrescTable
                0x0000000008007b00        0x8 build/system_stm32f4xx.o
                0x0000000008007b00                APBPrescTable
 .rodata.HAL_TIM_PeriodElapsedCallback.str1.4
                0x0000000008007b08        0x8 build/main.o
 .rodata.Zero   0x0000000008007b10        0x8 /home/love/Documents/gcc-arm-none-eabi-10-2020-q4-major/bin/../lib/gcc/arm-none-eabi/10.2.1/../../../../arm-none-eabi/lib/thumb/v7e-m+fp/hard/libm.a(lib_a-ef_fmod.o)
 .rodata._global_impure_ptr
                0x0000000008007b18        0x4 /home/love/Documents/gcc-arm-none-eabi-10-2020-q4-major/bin/../lib/gcc/arm-none-eabi/10.2.1/../../../../arm-none-eabi/lib/thumb/v7e-m+fp/hard/libc_nano.a(lib_a-impure.o)
                0x0000000008007b18                _global_impure_ptr
 .rodata._printf_float.str1.1
                0x0000000008007b1c       0x12 /home/love/Documents/gcc-arm-none-eabi-10-2020-q4-major/bin/../lib/gcc/arm-none-eabi/10.2.1/../../../../arm-none-eabi/lib/thumb/v7e-m+fp/hard/libc_nano.a(lib_a-nano-vfprintf_float.o)
 .rodata._printf_i.str1.1
                0x0000000008007b2e       0x22 /home/love/Documents/gcc-arm-none-eabi-10-2020-q4-major/bin/../lib/gcc/arm-none-eabi/10.2.1/../../../../arm-none-eabi/lib/thumb/v7e-m+fp/hard/libc_nano.a(lib_a-nano-vfprintf_i.o)
 .rodata._dtoa_r.str1.1
                0x0000000008007b50       0xb2 /home/love/Documents/gcc-arm-none-eabi-10-2020-q4-major/bin/../lib/gcc/arm-none-eabi/10.2.1/../../../../arm-none-eabi/lib/thumb/v7e-m+fp/hard/libc_nano.a(lib_a-dtoa.o)
                                         0xb4 (size before relaxing)
 *fill*         0x0000000008007c02        0x2 
 .rodata.__sf_fake_stderr
                0x0000000008007c04       0x20 /home/love/Documents/gcc-arm-none-eabi-10-2020-q4-major/bin/../lib/gcc/arm-none-eabi/10.2.1/../../../../arm-none-eabi/lib/thumb/v7e-m+fp/hard/libc_nano.a(lib_a-findfp.o)
                0x0000000008007c04                __sf_fake_stderr
 .rodata.__sf_fake_stdin
                0x0000000008007c24       0x20 /home/love/Documents/gcc-arm-none-eabi-10-2020-q4-major/bin/../lib/gcc/arm-none-eabi/10.2.1/../../../../arm-none-eabi/lib/thumb/v7e-m+fp/hard/libc_nano.a(lib_a-findfp.o)
                0x0000000008007c24                __sf_fake_stdin
 .rodata.__sf_fake_stdout
                0x0000000008007c44       0x20 /home/love/Documents/gcc-arm-none-eabi-10-2020-q4-major/bin/../lib/gcc/arm-none-eabi/10.2.1/../../../../arm-none-eabi/lib/thumb/v7e-m+fp/hard/libc_nano.a(lib_a-findfp.o)
                0x0000000008007c44                __sf_fake_stdout
 .rodata._Balloc.str1.1
                0x0000000008007c64       0x7e /home/love/Documents/gcc-arm-none-eabi-10-2020-q4-major/bin/../lib/gcc/arm-none-eabi/10.2.1/../../../../arm-none-eabi/lib/thumb/v7e-m+fp/hard/libc_nano.a(lib_a-mprec.o)
                                         0x95 (size before relaxing)
 .rodata.__multadd.str1.1
                0x0000000008007ce2       0x11 /home/love/Documents/gcc-arm-none-eabi-10-2020-q4-major/bin/../lib/gcc/arm-none-eabi/10.2.1/../../../../arm-none-eabi/lib/thumb/v7e-m+fp/hard/libc_nano.a(lib_a-mprec.o)
 *fill*         0x0000000008007ce2        0x6 
 .rodata.__mprec_bigtens
                0x0000000008007ce8       0x28 /home/love/Documents/gcc-arm-none-eabi-10-2020-q4-major/bin/../lib/gcc/arm-none-eabi/10.2.1/../../../../arm-none-eabi/lib/thumb/v7e-m+fp/hard/libc_nano.a(lib_a-mprec.o)
                0x0000000008007ce8                __mprec_bigtens
 .rodata.__mprec_tens
                0x0000000008007d10       0xc8 /home/love/Documents/gcc-arm-none-eabi-10-2020-q4-major/bin/../lib/gcc/arm-none-eabi/10.2.1/../../../../arm-none-eabi/lib/thumb/v7e-m+fp/hard/libc_nano.a(lib_a-mprec.o)
                0x0000000008007d10                __mprec_tens
 .rodata.p05.0  0x0000000008007dd8        0xc /home/love/Documents/gcc-arm-none-eabi-10-2020-q4-major/bin/../lib/gcc/arm-none-eabi/10.2.1/../../../../arm-none-eabi/lib/thumb/v7e-m+fp/hard/libc_nano.a(lib_a-mprec.o)
 .rodata.__assert_func.str1.1
                0x0000000008007de4       0x3c /home/love/Documents/gcc-arm-none-eabi-10-2020-q4-major/bin/../lib/gcc/arm-none-eabi/10.2.1/../../../../arm-none-eabi/lib/thumb/v7e-m+fp/hard/libc_nano.a(lib_a-assert.o)
                                         0x3d (size before relaxing)
 .rodata._setlocale_r.str1.1
                0x0000000008007e20        0x8 /home/love/Documents/gcc-arm-none-eabi-10-2020-q4-major/bin/../lib/gcc/arm-none-eabi/10.2.1/../../../../arm-none-eabi/lib/thumb/v7e-m+fp/hard/libc_nano.a(lib_a-locale.o)
                                          0x9 (size before relaxing)
 .rodata.str1.1
                0x0000000008007e28        0x2 /home/love/Documents/gcc-arm-none-eabi-10-2020-q4-major/bin/../lib/gcc/arm-none-eabi/10.2.1/../../../../arm-none-eabi/lib/thumb/v7e-m+fp/hard/libc_nano.a(lib_a-locale.o)
 .rodata._vfprintf_r.str1.1
                0x0000000008007e2a       0x11 /home/love/Documents/gcc-arm-none-eabi-10-2020-q4-major/bin/../lib/gcc/arm-none-eabi/10.2.1/../../../../arm-none-eabi/lib/thumb/v7e-m+fp/hard/libc_nano.a(lib_a-nano-vfprintf.o)
 .rodata._ctype_
                0x0000000008007e3b      0x101 /home/love/Documents/gcc-arm-none-eabi-10-2020-q4-major/bin/../lib/gcc/arm-none-eabi/10.2.1/../../../../arm-none-eabi/lib/thumb/v7e-m+fp/hard/libc_nano.a(lib_a-ctype_.o)
                0x0000000008007e3b                _ctype_
                0x0000000008007f3c                . = ALIGN (0x4)

.ARM.extab
 *(.ARM.extab* .gnu.linkonce.armextab.*)

.ARM            0x0000000008007f3c        0x8
                0x0000000008007f3c                __exidx_start = .
 *(.ARM.exidx*)
 .ARM.exidx     0x0000000008007f3c        0x8 /home/love/Documents/gcc-arm-none-eabi-10-2020-q4-major/bin/../lib/gcc/arm-none-eabi/10.2.1/thumb/v7e-m+fp/hard/libgcc.a(_udivmoddi4.o)
                0x0000000008007f44                __exidx_end = .

.rel.dyn        0x0000000008007f44        0x0
 .rel.iplt      0x0000000008007f44        0x0 /home/love/Documents/gcc-arm-none-eabi-10-2020-q4-major/bin/../lib/gcc/arm-none-eabi/10.2.1/thumb/v7e-m+fp/hard/crtbegin.o

.preinit_array  0x0000000008007f44        0x0
                0x0000000008007f44                PROVIDE (__preinit_array_start = .)
 *(.preinit_array*)
                0x0000000008007f44                PROVIDE (__preinit_array_end = .)

.init_array     0x0000000008007f44        0xc
                0x0000000008007f44                PROVIDE (__init_array_start = .)
 *(SORT_BY_NAME(.init_array.*))
 *(.init_array*)
 .init_array    0x0000000008007f44        0x4 /home/love/Documents/gcc-arm-none-eabi-10-2020-q4-major/bin/../lib/gcc/arm-none-eabi/10.2.1/thumb/v7e-m+fp/hard/crtbegin.o
 .init_array    0x0000000008007f48        0x4 build/robo_init.o
 .init_array    0x0000000008007f4c        0x4 build/uart_communication.o
                0x0000000008007f50                PROVIDE (__init_array_end = .)

.fini_array     0x0000000008007f50        0x4
                [!provide]                        PROVIDE (__fini_array_start = .)
 *(SORT_BY_NAME(.fini_array.*))
 *(.fini_array*)
 .fini_array    0x0000000008007f50        0x4 /home/love/Documents/gcc-arm-none-eabi-10-2020-q4-major/bin/../lib/gcc/arm-none-eabi/10.2.1/thumb/v7e-m+fp/hard/crtbegin.o
                [!provide]                        PROVIDE (__fini_array_end = .)
                0x0000000008007f54                _sidata = LOADADDR (.data)

.data           0x0000000020000000      0x5d4 load address 0x0000000008007f54
                0x0000000020000000                . = ALIGN (0x4)
                0x0000000020000000                _sdata = .
 *(.data)
 .data          0x0000000020000000        0x4 /home/love/Documents/gcc-arm-none-eabi-10-2020-q4-major/bin/../lib/gcc/arm-none-eabi/10.2.1/thumb/v7e-m+fp/hard/crtbegin.o
                0x0000000020000000                __dso_handle
 *(.data*)
 .data.uwTickFreq
                0x0000000020000004        0x1 build/stm32f4xx_hal.o
                0x0000000020000004                uwTickFreq
 *fill*         0x0000000020000005        0x3 
 .data.uwTickPrio
                0x0000000020000008        0x4 build/stm32f4xx_hal.o
                0x0000000020000008                uwTickPrio
 .data.SystemCoreClock
                0x000000002000000c        0x4 build/system_stm32f4xx.o
                0x000000002000000c                SystemCoreClock
 .data.Kd_mf    0x0000000020000010       0x54 build/fuzzy_pid.o
                0x0000000020000010                Kd_mf
 .data.Ki_mf    0x0000000020000064       0x54 build/fuzzy_pid.o
                0x0000000020000064                Ki_mf
 .data.Kp_mf    0x00000000200000b8       0x54 build/fuzzy_pid.o
                0x00000000200000b8                Kp_mf
 .data.de_mf    0x000000002000010c       0x54 build/fuzzy_pid.o
                0x000000002000010c                de_mf
 .data.e_mf     0x0000000020000160       0x54 build/fuzzy_pid.o
                0x0000000020000160                e_mf
 .data.kd_rules
                0x00000000200001b4       0xc4 build/fuzzy_pid.o
                0x00000000200001b4                kd_rules
 .data.ki_rules
                0x0000000020000278       0xc4 build/fuzzy_pid.o
                0x0000000020000278                ki_rules
 .data.kp_rules
                0x000000002000033c       0xc4 build/fuzzy_pid.o
                0x000000002000033c                kp_rules
 .data.__fdlib_version
                0x0000000020000400        0x1 /home/love/Documents/gcc-arm-none-eabi-10-2020-q4-major/bin/../lib/gcc/arm-none-eabi/10.2.1/../../../../arm-none-eabi/lib/thumb/v7e-m+fp/hard/libm.a(lib_a-s_lib_ver.o)
                0x0000000020000400                __fdlib_version
 *fill*         0x0000000020000401        0x3 
 .data._impure_ptr
                0x0000000020000404        0x4 /home/love/Documents/gcc-arm-none-eabi-10-2020-q4-major/bin/../lib/gcc/arm-none-eabi/10.2.1/../../../../arm-none-eabi/lib/thumb/v7e-m+fp/hard/libc_nano.a(lib_a-impure.o)
                0x0000000020000404                _impure_ptr
 .data.impure_data
                0x0000000020000408       0x60 /home/love/Documents/gcc-arm-none-eabi-10-2020-q4-major/bin/../lib/gcc/arm-none-eabi/10.2.1/../../../../arm-none-eabi/lib/thumb/v7e-m+fp/hard/libc_nano.a(lib_a-impure.o)
 .data.__global_locale
                0x0000000020000468      0x16c /home/love/Documents/gcc-arm-none-eabi-10-2020-q4-major/bin/../lib/gcc/arm-none-eabi/10.2.1/../../../../arm-none-eabi/lib/thumb/v7e-m+fp/hard/libc_nano.a(lib_a-locale.o)
                0x0000000020000468                __global_locale
                0x00000000200005d4                . = ALIGN (0x4)
                0x00000000200005d4                _edata = .
                0x0000000008008528                _siccmram = LOADADDR (.ccmram)

.igot.plt       0x00000000200005d4        0x0 load address 0x0000000008008528
 .igot.plt      0x00000000200005d4        0x0 /home/love/Documents/gcc-arm-none-eabi-10-2020-q4-major/bin/../lib/gcc/arm-none-eabi/10.2.1/thumb/v7e-m+fp/hard/crtbegin.o

.ccmram         0x0000000010000000        0x0 load address 0x0000000008008528
                0x0000000010000000                . = ALIGN (0x4)
                0x0000000010000000                _sccmram = .
 *(.ccmram)
 *(.ccmram*)
                0x0000000010000000                . = ALIGN (0x4)
                0x0000000010000000                _eccmram = .
                0x0000000010000000                . = ALIGN (0x4)

.bss            0x00000000200005d4      0xc40
                0x00000000200005d4                _sbss = .
                0x00000000200005d4                __bss_start__ = _sbss
 *(.bss)
 .bss           0x00000000200005d4       0x1c /home/love/Documents/gcc-arm-none-eabi-10-2020-q4-major/bin/../lib/gcc/arm-none-eabi/10.2.1/thumb/v7e-m+fp/hard/crtbegin.o
 *(.bss*)
 .bss.uwTick    0x00000000200005f0        0x4 build/stm32f4xx_hal.o
                0x00000000200005f0                uwTick
 .bss.pxCurrentTCB
                0x00000000200005f4        0x4 build/tasks.o
                0x00000000200005f4                pxCurrentTCB
 .bss.pxDelayedTaskList
                0x00000000200005f8        0x4 build/tasks.o
 .bss.pxOverflowDelayedTaskList
                0x00000000200005fc        0x4 build/tasks.o
 .bss.pxReadyTasksLists
                0x0000000020000600       0x8c build/tasks.o
 .bss.uxPendedTicks
                0x000000002000068c        0x4 build/tasks.o
 .bss.uxSchedulerSuspended
                0x0000000020000690        0x4 build/tasks.o
 .bss.uxTopReadyPriority
                0x0000000020000694        0x4 build/tasks.o
 .bss.xNextTaskUnblockTime
                0x0000000020000698        0x4 build/tasks.o
 .bss.xNumOfOverflows
                0x000000002000069c        0x4 build/tasks.o
 .bss.xTickCount
                0x00000000200006a0        0x4 build/tasks.o
 .bss.xYieldPending
                0x00000000200006a4        0x4 build/tasks.o
 .bss.htim5     0x00000000200006a8       0x40 build/stm32f4xx_hal_timebase_tim.o
                0x00000000200006a8                htim5
 .bss.htim1     0x00000000200006e8       0x40 build/tim.o
                0x00000000200006e8                htim1
 .bss.htim10    0x0000000020000728       0x40 build/tim.o
                0x0000000020000728                htim10
 .bss.htim2     0x0000000020000768       0x40 build/tim.o
                0x0000000020000768                htim2
 .bss.htim3     0x00000000200007a8       0x40 build/tim.o
                0x00000000200007a8                htim3
 .bss.htim4     0x00000000200007e8       0x40 build/tim.o
                0x00000000200007e8                htim4
 .bss.htim8     0x0000000020000828       0x40 build/tim.o
                0x0000000020000828                htim8
 .bss.htim9     0x0000000020000868       0x40 build/tim.o
                0x0000000020000868                htim9
 .bss.hdma_uart4_rx
                0x00000000200008a8       0x60 build/usart.o
                0x00000000200008a8                hdma_uart4_rx
 .bss.huart4    0x0000000020000908       0x40 build/usart.o
                0x0000000020000908                huart4
 .bss.inp       0x0000000020000948        0x4 build/motor.o
                0x0000000020000948                inp
 .bss.tar       0x000000002000094c        0x4 build/motor.o
                0x000000002000094c                tar
 .bss._ZL20motor_configurations
                0x0000000020000950       0x80 build/robo_init.o
 .bss._ZL22encoder_configurations
                0x00000000200009d0       0x20 build/robo_init.o
 .bss.e_joint   0x00000000200009f0       0x28 build/robo_init.o
                0x00000000200009f0                e_joint
 .bss.e_rotatory_wheel
                0x0000000020000a18       0x28 build/robo_init.o
                0x0000000020000a18                e_rotatory_wheel
 .bss.m_joint   0x0000000020000a40      0x340 build/robo_init.o
                0x0000000020000a40                m_joint
 .bss.m_rotatory_wheel
                0x0000000020000d80      0x340 build/robo_init.o
                0x0000000020000d80                m_rotatory_wheel
 .bss.pid_algo_joint
                0x00000000200010c0        0x2 build/robo_init.o
                0x00000000200010c0                pid_algo_joint
 *fill*         0x00000000200010c2        0x2 
 .bss.pid_algo_rotatory_wheel
                0x00000000200010c4        0x2 build/robo_init.o
                0x00000000200010c4                pid_algo_rotatory_wheel
 *fill*         0x00000000200010c6        0x2 
 .bss.stepper   0x00000000200010c8        0xc build/robo_init.o
                0x00000000200010c8                stepper
 .bss.first_entered
                0x00000000200010d4        0x1 build/arm.o
                0x00000000200010d4                first_entered
 .bss._ZL7entered
                0x00000000200010d5        0x1 build/rotatory_wheel.o
 *fill*         0x00000000200010d6        0x2 
 .bss._ZL13gJoyStick_CRC
                0x00000000200010d8      0x100 build/uart_communication.o
 .bss._ZL13gJoy_Data_Arr
                0x00000000200011d8        0x2 build/uart_communication.o
 .bss._ZL13gRx4_Data_num
                0x00000000200011da        0x2 build/uart_communication.o
 .bss._ZL15gStart_Byte_Rx4
                0x00000000200011dc        0x1 build/uart_communication.o
 .bss._ZL8gRx4Data
                0x00000000200011dd        0x1 build/uart_communication.o
 *fill*         0x00000000200011de        0x2 
 .bss.arm_      0x00000000200011e0        0xc build/uart_communication.o
                0x00000000200011e0                arm_
 .bss.gJoy      0x00000000200011ec        0x2 build/uart_communication.o
                0x00000000200011ec                gJoy
 *fill*         0x00000000200011ee        0x2 
 .bss.rotation_wheel_
                0x00000000200011f0       0x10 build/uart_communication.o
                0x00000000200011f0                rotation_wheel_
 .bss.__lock___malloc_recursive_mutex
                0x0000000020001200        0x1 /home/love/Documents/gcc-arm-none-eabi-10-2020-q4-major/bin/../lib/gcc/arm-none-eabi/10.2.1/../../../../arm-none-eabi/lib/thumb/v7e-m+fp/hard/libc_nano.a(lib_a-lock.o)
                0x0000000020001200                __lock___malloc_recursive_mutex
 .bss.__lock___sfp_recursive_mutex
                0x0000000020001201        0x1 /home/love/Documents/gcc-arm-none-eabi-10-2020-q4-major/bin/../lib/gcc/arm-none-eabi/10.2.1/../../../../arm-none-eabi/lib/thumb/v7e-m+fp/hard/libc_nano.a(lib_a-lock.o)
                0x0000000020001201                __lock___sfp_recursive_mutex
 .bss.__lock___sinit_recursive_mutex
                0x0000000020001202        0x1 /home/love/Documents/gcc-arm-none-eabi-10-2020-q4-major/bin/../lib/gcc/arm-none-eabi/10.2.1/../../../../arm-none-eabi/lib/thumb/v7e-m+fp/hard/libc_nano.a(lib_a-lock.o)
                0x0000000020001202                __lock___sinit_recursive_mutex
 *fill*         0x0000000020001203        0x1 
 .bss.__malloc_free_list
                0x0000000020001204        0x4 /home/love/Documents/gcc-arm-none-eabi-10-2020-q4-major/bin/../lib/gcc/arm-none-eabi/10.2.1/../../../../arm-none-eabi/lib/thumb/v7e-m+fp/hard/libc_nano.a(lib_a-nano-mallocr.o)
                0x0000000020001204                __malloc_free_list
 .bss.__malloc_sbrk_start
                0x0000000020001208        0x4 /home/love/Documents/gcc-arm-none-eabi-10-2020-q4-major/bin/../lib/gcc/arm-none-eabi/10.2.1/../../../../arm-none-eabi/lib/thumb/v7e-m+fp/hard/libc_nano.a(lib_a-nano-mallocr.o)
                0x0000000020001208                __malloc_sbrk_start
 .bss.errno     0x000000002000120c        0x4 /home/love/Documents/gcc-arm-none-eabi-10-2020-q4-major/bin/../lib/gcc/arm-none-eabi/10.2.1/../../../../arm-none-eabi/lib/thumb/v7e-m+fp/hard/libc_nano.a(lib_a-reent.o)
                0x000000002000120c                errno
 .bss.heap_end.0
                0x0000000020001210        0x4 /home/love/Documents/gcc-arm-none-eabi-10-2020-q4-major/bin/../lib/gcc/arm-none-eabi/10.2.1/../../../../arm-none-eabi/lib/thumb/v7e-m+fp/hard/libnosys.a(sbrk.o)
 *(COMMON)
                0x0000000020001214                . = ALIGN (0x4)
                0x0000000020001214                _ebss = .
                0x0000000020001214                __bss_end__ = _ebss

._user_heap_stack
                0x0000000020001214      0x604
                0x0000000020001218                . = ALIGN (0x8)
 *fill*         0x0000000020001214        0x4 
                0x0000000020001218                PROVIDE (end = .)
                [!provide]                        PROVIDE (_end = .)
                0x0000000020001418                . = (. + _Min_Heap_Size)
 *fill*         0x0000000020001218      0x200 
                0x0000000020001818                . = (. + _Min_Stack_Size)
 *fill*         0x0000000020001418      0x400 
                0x0000000020001818                . = ALIGN (0x8)

/DISCARD/
 libc.a(*)
 libm.a(*)
 libgcc.a(*)

.ARM.attributes
                0x0000000000000000       0x30
 *(.ARM.attributes)
 .ARM.attributes
                0x0000000000000000       0x1e /home/love/Documents/gcc-arm-none-eabi-10-2020-q4-major/bin/../lib/gcc/arm-none-eabi/10.2.1/thumb/v7e-m+fp/hard/crti.o
 .ARM.attributes
                0x000000000000001e       0x34 /home/love/Documents/gcc-arm-none-eabi-10-2020-q4-major/bin/../lib/gcc/arm-none-eabi/10.2.1/thumb/v7e-m+fp/hard/crtbegin.o
 .ARM.attributes
                0x0000000000000052       0x34 build/stm32f4xx_hal_tim.o
 .ARM.attributes
                0x0000000000000086       0x34 build/stm32f4xx_hal_tim_ex.o
 .ARM.attributes
                0x00000000000000ba       0x34 build/stm32f4xx_hal_uart.o
 .ARM.attributes
                0x00000000000000ee       0x34 build/stm32f4xx_hal_rcc.o
 .ARM.attributes
                0x0000000000000122       0x34 build/stm32f4xx_hal_gpio.o
 .ARM.attributes
                0x0000000000000156       0x34 build/stm32f4xx_hal_dma.o
 .ARM.attributes
                0x000000000000018a       0x34 build/stm32f4xx_hal_cortex.o
 .ARM.attributes
                0x00000000000001be       0x34 build/stm32f4xx_hal.o
 .ARM.attributes
                0x00000000000001f2       0x34 build/list.o
 .ARM.attributes
                0x0000000000000226       0x34 build/tasks.o
 .ARM.attributes
                0x000000000000025a       0x34 build/port.o
 .ARM.attributes
                0x000000000000028e       0x34 build/stm32f4xx_it.o
 .ARM.attributes
                0x00000000000002c2       0x34 build/stm32f4xx_hal_msp.o
 .ARM.attributes
                0x00000000000002f6       0x34 build/stm32f4xx_hal_timebase_tim.o
 .ARM.attributes
                0x000000000000032a       0x34 build/system_stm32f4xx.o
 .ARM.attributes
                0x000000000000035e       0x34 build/gpio.o
 .ARM.attributes
                0x0000000000000392       0x34 build/tim.o
 .ARM.attributes
                0x00000000000003c6       0x34 build/dma.o
 .ARM.attributes
                0x00000000000003fa       0x34 build/usart.o
 .ARM.attributes
                0x000000000000042e       0x34 build/printf_config.o
 .ARM.attributes
                0x0000000000000462       0x21 build/startup_stm32f407xx.o
 .ARM.attributes
                0x0000000000000483       0x34 build/encoder.o
 .ARM.attributes
                0x00000000000004b7       0x34 build/motor.o
 .ARM.attributes
                0x00000000000004eb       0x34 build/pid.o
 .ARM.attributes
                0x000000000000051f       0x34 build/fuzzy_pid.o
 .ARM.attributes
                0x0000000000000553       0x34 build/robo_init.o
 .ARM.attributes
                0x0000000000000587       0x34 build/robot_operation.o
 .ARM.attributes
                0x00000000000005bb       0x34 build/crc_hash.o
 .ARM.attributes
                0x00000000000005ef       0x34 build/main.o
 .ARM.attributes
                0x0000000000000623       0x34 build/arm.o
 .ARM.attributes
                0x0000000000000657       0x34 build/rotatory_wheel.o
 .ARM.attributes
                0x000000000000068b       0x34 build/uart_communication.o
 .ARM.attributes
                0x00000000000006bf       0x34 /home/love/Documents/gcc-arm-none-eabi-10-2020-q4-major/bin/../lib/gcc/arm-none-eabi/10.2.1/../../../../arm-none-eabi/lib/thumb/v7e-m+fp/hard/libstdc++_nano.a(atexit_arm.o)
 .ARM.attributes
                0x00000000000006f3       0x34 /home/love/Documents/gcc-arm-none-eabi-10-2020-q4-major/bin/../lib/gcc/arm-none-eabi/10.2.1/../../../../arm-none-eabi/lib/thumb/v7e-m+fp/hard/libm.a(lib_a-wf_fmod.o)
 .ARM.attributes
                0x0000000000000727       0x34 /home/love/Documents/gcc-arm-none-eabi-10-2020-q4-major/bin/../lib/gcc/arm-none-eabi/10.2.1/../../../../arm-none-eabi/lib/thumb/v7e-m+fp/hard/libm.a(lib_a-ef_fmod.o)
 .ARM.attributes
                0x000000000000075b       0x32 /home/love/Documents/gcc-arm-none-eabi-10-2020-q4-major/bin/../lib/gcc/arm-none-eabi/10.2.1/../../../../arm-none-eabi/lib/thumb/v7e-m+fp/hard/libm.a(lib_a-s_lib_ver.o)
 .ARM.attributes
                0x000000000000078d       0x34 /home/love/Documents/gcc-arm-none-eabi-10-2020-q4-major/bin/../lib/gcc/arm-none-eabi/10.2.1/../../../../arm-none-eabi/lib/thumb/v7e-m+fp/hard/libc_nano.a(lib_a-cxa_atexit.o)
 .ARM.attributes
                0x00000000000007c1       0x34 /home/love/Documents/gcc-arm-none-eabi-10-2020-q4-major/bin/../lib/gcc/arm-none-eabi/10.2.1/../../../../arm-none-eabi/lib/thumb/v7e-m+fp/hard/libc_nano.a(lib_a-errno.o)
 .ARM.attributes
                0x00000000000007f5       0x32 /home/love/Documents/gcc-arm-none-eabi-10-2020-q4-major/bin/../lib/gcc/arm-none-eabi/10.2.1/../../../../arm-none-eabi/lib/thumb/v7e-m+fp/hard/libc_nano.a(lib_a-impure.o)
 .ARM.attributes
                0x0000000000000827       0x34 /home/love/Documents/gcc-arm-none-eabi-10-2020-q4-major/bin/../lib/gcc/arm-none-eabi/10.2.1/../../../../arm-none-eabi/lib/thumb/v7e-m+fp/hard/libc_nano.a(lib_a-init.o)
 .ARM.attributes
                0x000000000000085b       0x34 /home/love/Documents/gcc-arm-none-eabi-10-2020-q4-major/bin/../lib/gcc/arm-none-eabi/10.2.1/../../../../arm-none-eabi/lib/thumb/v7e-m+fp/hard/libc_nano.a(lib_a-memcpy-stub.o)
 .ARM.attributes