Archive member included to satisfy reference by file (symbol)

/home/love/Documents/gcc-arm-none-eabi-10-2020-q4-major/bin/../lib/gcc/arm-none-eabi/10.2.1/../../../../arm-none-eabi/lib/thumb/v7e-m+fp/hard/libstdc++_nano.a(atexit_arm.o)
                              build/robo_init.o (__aeabi_atexit)
/home/love/Documents/gcc-arm-none-eabi-10-2020-q4-major/bin/../lib/gcc/arm-none-eabi/10.2.1/../../../../arm-none-eabi/lib/thumb/v7e-m+fp/hard/libm.a(lib_a-s_cos.o)
                              build/inversekinematics.o (cos)
/home/love/Documents/gcc-arm-none-eabi-10-2020-q4-major/bin/../lib/gcc/arm-none-eabi/10.2.1/../../../../arm-none-eabi/lib/thumb/v7e-m+fp/hard/libm.a(lib_a-s_sin.o)
                              build/inversekinematics.o (sin)
/home/love/Documents/gcc-arm-none-eabi-10-2020-q4-major/bin/../lib/gcc/arm-none-eabi/10.2.1/../../../../arm-none-eabi/lib/thumb/v7e-m+fp/hard/libm.a(lib_a-wf_fmod.o)
                              build/encoder.o (fmodf)
/home/love/Documents/gcc-arm-none-eabi-10-2020-q4-major/bin/../lib/gcc/arm-none-eabi/10.2.1/../../../../arm-none-eabi/lib/thumb/v7e-m+fp/hard/libm.a(lib_a-e_rem_pio2.o)
                              /home/love/Documents/gcc-arm-none-eabi-10-2020-q4-major/bin/../lib/gcc/arm-none-eabi/10.2.1/../../../../arm-none-eabi/lib/thumb/v7e-m+fp/hard/libm.a(lib_a-s_cos.o) (__ieee754_rem_pio2)
/home/love/Documents/gcc-arm-none-eabi-10-2020-q4-major/bin/../lib/gcc/arm-none-eabi/10.2.1/../../../../arm-none-eabi/lib/thumb/v7e-m+fp/hard/libm.a(lib_a-ef_fmod.o)
                              /home/love/Documents/gcc-arm-none-eabi-10-2020-q4-major/bin/../lib/gcc/arm-none-eabi/10.2.1/../../../../arm-none-eabi/lib/thumb/v7e-m+fp/hard/libm.a(lib_a-wf_fmod.o) (__ieee754_fmodf)
/home/love/Documents/gcc-arm-none-eabi-10-2020-q4-major/bin/../lib/gcc/arm-none-eabi/10.2.1/../../../../arm-none-eabi/lib/thumb/v7e-m+fp/hard/libm.a(lib_a-k_cos.o)
                              /home/love/Documents/gcc-arm-none-eabi-10-2020-q4-major/bin/../lib/gcc/arm-none-eabi/10.2.1/../../../../arm-none-eabi/lib/thumb/v7e-m+fp/hard/libm.a(lib_a-s_cos.o) (__kernel_cos)
/home/love/Documents/gcc-arm-none-eabi-10-2020-q4-major/bin/../lib/gcc/arm-none-eabi/10.2.1/../../../../arm-none-eabi/lib/thumb/v7e-m+fp/hard/libm.a(lib_a-k_rem_pio2.o)
                              /home/love/Documents/gcc-arm-none-eabi-10-2020-q4-major/bin/../lib/gcc/arm-none-eabi/10.2.1/../../../../arm-none-eabi/lib/thumb/v7e-m+fp/hard/libm.a(lib_a-e_rem_pio2.o) (__kernel_rem_pio2)
/home/love/Documents/gcc-arm-none-eabi-10-2020-q4-major/bin/../lib/gcc/arm-none-eabi/10.2.1/../../../../arm-none-eabi/lib/thumb/v7e-m+fp/hard/libm.a(lib_a-k_sin.o)
                              /home/love/Documents/gcc-arm-none-eabi-10-2020-q4-major/bin/../lib/gcc/arm-none-eabi/10.2.1/../../../../arm-none-eabi/lib/thumb/v7e-m+fp/hard/libm.a(lib_a-s_cos.o) (__kernel_sin)
/home/love/Documents/gcc-arm-none-eabi-10-2020-q4-major/bin/../lib/gcc/arm-none-eabi/10.2.1/../../../../arm-none-eabi/lib/thumb/v7e-m+fp/hard/libm.a(lib_a-s_fabs.o)
                              /home/love/Documents/gcc-arm-none-eabi-10-2020-q4-major/bin/../lib/gcc/arm-none-eabi/10.2.1/../../../../arm-none-eabi/lib/thumb/v7e-m+fp/hard/libm.a(lib_a-e_rem_pio2.o) (fabs)
/home/love/Documents/gcc-arm-none-eabi-10-2020-q4-major/bin/../lib/gcc/arm-none-eabi/10.2.1/../../../../arm-none-eabi/lib/thumb/v7e-m+fp/hard/libm.a(lib_a-s_floor.o)
                              /home/love/Documents/gcc-arm-none-eabi-10-2020-q4-major/bin/../lib/gcc/arm-none-eabi/10.2.1/../../../../arm-none-eabi/lib/thumb/v7e-m+fp/hard/libm.a(lib_a-k_rem_pio2.o) (floor)
/home/love/Documents/gcc-arm-none-eabi-10-2020-q4-major/bin/../lib/gcc/arm-none-eabi/10.2.1/../../../../arm-none-eabi/lib/thumb/v7e-m+fp/hard/libm.a(lib_a-s_lib_ver.o)
                              /home/love/Documents/gcc-arm-none-eabi-10-2020-q4-major/bin/../lib/gcc/arm-none-eabi/10.2.1/../../../../arm-none-eabi/lib/thumb/v7e-m+fp/hard/libm.a(lib_a-wf_fmod.o) (__fdlib_version)
/home/love/Documents/gcc-arm-none-eabi-10-2020-q4-major/bin/../lib/gcc/arm-none-eabi/10.2.1/../../../../arm-none-eabi/lib/thumb/v7e-m+fp/hard/libm.a(lib_a-s_scalbn.o)
                              /home/love/Documents/gcc-arm-none-eabi-10-2020-q4-major/bin/../lib/gcc/arm-none-eabi/10.2.1/../../../../arm-none-eabi/lib/thumb/v7e-m+fp/hard/libm.a(lib_a-k_rem_pio2.o) (scalbn)
/home/love/Documents/gcc-arm-none-eabi-10-2020-q4-major/bin/../lib/gcc/arm-none-eabi/10.2.1/../../../../arm-none-eabi/lib/thumb/v7e-m+fp/hard/libc_nano.a(lib_a-cxa_atexit.o)
                              /home/love/Documents/gcc-arm-none-eabi-10-2020-q4-major/bin/../lib/gcc/arm-none-eabi/10.2.1/../../../../arm-none-eabi/lib/thumb/v7e-m+fp/hard/libstdc++_nano.a(atexit_arm.o) (__cxa_atexit)
/home/love/Documents/gcc-arm-none-eabi-10-2020-q4-major/bin/../lib/gcc/arm-none-eabi/10.2.1/../../../../arm-none-eabi/lib/thumb/v7e-m+fp/hard/libc_nano.a(lib_a-errno.o)
[...]
Memory Configuration

Name             Origin             Length             Attributes
RAM              0x0000000020000000 0x0000000000020000 xrw
CCMRAM           0x0000000010000000 0x0000000000010000 rw
FLASH            0x0000000008000000 0x0000000000100000 xr
*default*        0x0000000000000000 0xffffffffffffffff

Linker script and memory map

LOAD /home/love/Documents/gcc-arm-none-eabi-10-2020-q4-major/bin/../lib/gcc/arm-none-eabi/10.2.1/thumb/v7e-m+fp/hard/crti.o
LOAD /home/love/Documents/gcc-arm-none-eabi-10-2020-q4-major/bin/../lib/gcc/arm-none-eabi/10.2.1/thumb/v7e-m+fp/hard/crtbegin.o
LOAD /home/love/Documents/gcc-arm-none-eabi-10-2020-q4-major/bin/../lib/gcc/arm-none-eabi/10.2.1/../../../../arm-none-eabi/lib/thumb/v7e-m+fp/hard/crt0.o
LOAD build/stm32f4xx_hal_i2c.o
LOAD build/stm32f4xx_hal_i2c_ex.o
LOAD build/stm32f4xx_hal_tim.o
LOAD build/stm32f4xx_hal_tim_ex.o
LOAD build/stm32f4xx_hal_uart.o
LOAD build/stm32f4xx_hal_rcc.o
LOAD build/stm32f4xx_hal_rcc_ex.o
LOAD build/stm32f4xx_hal_flash.o
LOAD build/stm32f4xx_hal_flash_ex.o
LOAD build/stm32f4xx_hal_flash_ramfunc.o
LOAD build/stm32f4xx_hal_gpio.o
LOAD build/stm32f4xx_hal_dma_ex.o
LOAD build/stm32f4xx_hal_dma.o
LOAD build/stm32f4xx_hal_pwr.o
LOAD build/stm32f4xx_hal_pwr_ex.o
LOAD build/stm32f4xx_hal_cortex.o
LOAD build/stm32f4xx_hal.o
LOAD build/stm32f4xx_hal_exti.o
LOAD build/croutine.o
LOAD build/event_groups.o
LOAD build/list.o
LOAD build/queue.o
LOAD build/stream_buffer.o
LOAD build/tasks.o
LOAD build/timers.o
LOAD build/cmsis_os.o
LOAD build/heap_4.o
LOAD build/port.o
LOAD build/freertos.o
LOAD build/stm32f4xx_it.o
LOAD build/stm32f4xx_hal_msp.o
LOAD build/stm32f4xx_hal_timebase_tim.o
LOAD build/system_stm32f4xx.o
LOAD build/gpio.o
LOAD build/i2c.o
LOAD build/tim.o
LOAD build/dma.o
LOAD build/usart.o
LOAD build/printf_config.o
LOAD build/startup_stm32f407xx.o
LOAD build/encoder.o
LOAD build/motor.o
LOAD build/inversekinematics.o
LOAD build/pid.o
LOAD build/fuzzy_pid.o
LOAD build/robo_init.o
LOAD build/robot_operation.o
LOAD build/crc_hash.o
LOAD build/main.o
LOAD build/joystick.o
LOAD build/robot_tasks.o
LOAD /home/love/Documents/gcc-arm-none-eabi-10-2020-q4-major/bin/../lib/gcc/arm-none-eabi/10.2.1/../../../../arm-none-eabi/lib/thumb/v7e-m+fp/hard/libnosys.a
LOAD /home/love/Documents/gcc-arm-none-eabi-10-2020-q4-major/bin/../lib/gcc/arm-none-eabi/10.2.1/../../../../arm-none-eabi/lib/thumb/v7e-m+fp/hard/libstdc++_nano.a
LOAD /home/love/Documents/gcc-arm-none-eabi-10-2020-q4-major/bin/../lib/gcc/arm-none-eabi/10.2.1/../../../../arm-none-eabi/lib/thumb/v7e-m+fp/hard/libm.a
LOAD /home/love/Documents/gcc-arm-none-eabi-10-2020-q4-major/bin/../lib/gcc/arm-none-eabi/10.2.1/../../../../arm-none-eabi/lib/thumb/v7e-m+fp/hard/libc_nano.a
START GROUP
LOAD /home/love/Documents/gcc-arm-none-eabi-10-2020-q4-major/bin/../lib/gcc/arm-none-eabi/10.2.1/thumb/v7e-m+fp/hard/libgcc.a
LOAD /home/love/Documents/gcc-arm-none-eabi-10-2020-q4-major/bin/../lib/gcc/arm-none-eabi/10.2.1/../../../../arm-none-eabi/lib/thumb/v7e-m+fp/hard/libc_nano.a
END GROUP
START GROUP
LOAD /home/love/Documents/gcc-arm-none-eabi-10-2020-q4-major/bin/../lib/gcc/arm-none-eabi/10.2.1/thumb/v7e-m+fp/hard/libgcc.a
LOAD /home/love/Documents/gcc-arm-none-eabi-10-2020-q4-major/bin/../lib/gcc/arm-none-eabi/10.2.1/../../../../arm-none-eabi/lib/thumb/v7e-m+fp/hard/libc_nano.a
LOAD /home/love/Documents/gcc-arm-none-eabi-10-2020-q4-major/bin/../lib/gcc/arm-none-eabi/10.2.1/../../../../arm-none-eabi/lib/thumb/v7e-m+fp/hard/libnosys.a
END GROUP
START GROUP
LOAD /home/love/Documents/gcc-arm-none-eabi-10-2020-q4-major/bin/../lib/gcc/arm-none-eabi/10.2.1/thumb/v7e-m+fp/hard/libgcc.a
LOAD /home/love/Documents/gcc-arm-none-eabi-10-2020-q4-major/bin/../lib/gcc/arm-none-eabi/10.2.1/../../../../arm-none-eabi/lib/thumb/v7e-m+fp/hard/libc_nano.a
LOAD /home/love/Documents/gcc-arm-none-eabi-10-2020-q4-major/bin/../lib/gcc/arm-none-eabi/10.2.1/../../../../arm-none-eabi/lib/thumb/v7e-m+fp/hard/libnosys.a
END GROUP
LOAD /home/love/Documents/gcc-arm-none-eabi-10-2020-q4-major/bin/../lib/gcc/arm-none-eabi/10.2.1/thumb/v7e-m+fp/hard/crtend.o
LOAD /home/love/Documents/gcc-arm-none-eabi-10-2020-q4-major/bin/../lib/gcc/arm-none-eabi/10.2.1/thumb/v7e-m+fp/hard/crtn.o
                0x0000000020020000                _estack = 0x20020000
                0x0000000000000200                _Min_Heap_Size = 0x200
                0x0000000000000400                _Min_Stack_Size = 0x400

.isr_vector     0x0000000008000000      0x188
                0x0000000008000000                . = ALIGN (0x4)
 *(.isr_vector)
 .isr_vector    0x0000000008000000      0x188 build/startup_stm32f407xx.o
                0x0000000008000000                g_pfnVectors
                0x0000000008000188                . = ALIGN (0x4)

.text           0x0000000008000190     0x8b1c
                0x0000000008000190                . = ALIGN (0x4)
 *(.text)
 .text          0x0000000008000190       0x40 /home/love/Documents/gcc-arm-none-eabi-10-2020-q4-major/bin/../lib/gcc/arm-none-eabi/10.2.1/thumb/v7e-m+fp/hard/crtbegin.o
 .text          0x00000000080001d0       0x10 /home/love/Documents/gcc-arm-none-eabi-10-2020-q4-major/bin/../lib/gcc/arm-none-eabi/10.2.1/../../../../arm-none-eabi/lib/thumb/v7e-m+fp/hard/libc_nano.a(lib_a-strlen.o)
                0x00000000080001d0                strlen
 .text          0x00000000080001e0       0xa0 /home/love/Documents/gcc-arm-none-eabi-10-2020-q4-major/bin/../lib/gcc/arm-none-eabi/10.2.1/../../../../arm-none-eabi/lib/thumb/v7e-m+fp/hard/libc_nano.a(lib_a-memchr.o)
                0x00000000080001e0                memchr
 .text          0x0000000008000280      0x378 /home/love/Documents/gcc-arm-none-eabi-10-2020-q4-major/bin/../lib/gcc/arm-none-eabi/10.2.1/thumb/v7e-m+fp/hard/libgcc.a(_arm_addsubdf3.o)
                0x0000000008000280                __aeabi_drsub
                0x0000000008000288                __aeabi_dsub
                0x0000000008000288                __subdf3
                0x000000000800028c                __adddf3
                0x000000000800028c                __aeabi_dadd
                0x0000000008000504                __aeabi_ui2d
                0x0000000008000504                __floatunsidf
                0x0000000008000524                __floatsidf
                0x0000000008000524                __aeabi_i2d
                0x0000000008000548                __extendsfdf2
                0x0000000008000548                __aeabi_f2d
                0x000000000800058c                __aeabi_ul2d
                0x000000000800058c                __floatundidf
                0x000000000800059c                __floatdidf
                0x000000000800059c                __aeabi_l2d
 .text          0x00000000080005f8      0x424 /home/love/Documents/gcc-arm-none-eabi-10-2020-q4-major/bin/../lib/gcc/arm-none-eabi/10.2.1/thumb/v7e-m+fp/hard/libgcc.a(_arm_muldivdf3.o)
                0x00000000080005f8                __aeabi_dmul
                0x00000000080005f8                __muldf3
                0x000000000800084c                __aeabi_ddiv
                0x000000000800084c                __divdf3
 .text          0x0000000008000a1c      0x110 /home/love/Documents/gcc-arm-none-eabi-10-2020-q4-major/bin/../lib/gcc/arm-none-eabi/10.2.1/thumb/v7e-m+fp/hard/libgcc.a(_arm_cmpdf2.o)
                0x0000000008000a1c                __gtdf2
                0x0000000008000a1c                __gedf2
                0x0000000008000a24                __ltdf2
                0x0000000008000a24                __ledf2
                0x0000000008000a2c                __cmpdf2
                0x0000000008000a2c                __eqdf2
                0x0000000008000a2c                __nedf2
                0x0000000008000aa8                __aeabi_cdrcmple
                0x0000000008000ab8                __aeabi_cdcmple
                0x0000000008000ab8                __aeabi_cdcmpeq
                0x0000000008000ac8                __aeabi_dcmpeq
                0x0000000008000adc                __aeabi_dcmplt
                0x0000000008000af0                __aeabi_dcmple
                0x0000000008000b04                __aeabi_dcmpge
                0x0000000008000b18                __aeabi_dcmpgt
 .text          0x0000000008000b2c       0x2c /home/love/Documents/gcc-arm-none-eabi-10-2020-q4-major/bin/../lib/gcc/arm-none-eabi/10.2.1/thumb/v7e-m+fp/hard/libgcc.a(_arm_unorddf2.o)
                0x0000000008000b2c                __aeabi_dcmpun
                0x0000000008000b2c                __unorddf2
 .text          0x0000000008000b58       0x50 /home/love/Documents/gcc-arm-none-eabi-10-2020-q4-major/bin/../lib/gcc/arm-none-eabi/10.2.1/thumb/v7e-m+fp/hard/libgcc.a(_arm_fixdfsi.o)
                0x0000000008000b58                __fixdfsi
                0x0000000008000b58                __aeabi_d2iz
 .text          0x0000000008000ba8       0x40 /home/love/Documents/gcc-arm-none-eabi-10-2020-q4-major/bin/../lib/gcc/arm-none-eabi/10.2.1/thumb/v7e-m+fp/hard/libgcc.a(_arm_fixunsdfsi.o)
                0x0000000008000ba8                __fixunsdfsi
                0x0000000008000ba8                __aeabi_d2uiz
 .text          0x0000000008000be8       0xa0 /home/love/Documents/gcc-arm-none-eabi-10-2020-q4-major/bin/../lib/gcc/arm-none-eabi/10.2.1/thumb/v7e-m+fp/hard/libgcc.a(_arm_truncdfsf2.o)
                0x0000000008000be8                __aeabi_d2f
                0x0000000008000be8                __truncdfsf2
 .text          0x0000000008000c88       0x30 /home/love/Documents/gcc-arm-none-eabi-10-2020-q4-major/bin/../lib/gcc/arm-none-eabi/10.2.1/thumb/v7e-m+fp/hard/libgcc.a(_aeabi_uldivmod.o)
                0x0000000008000c88                __aeabi_uldivmod
 .text          0x0000000008000cb8      0x2d0 /home/love/Documents/gcc-arm-none-eabi-10-2020-q4-major/bin/../lib/gcc/arm-none-eabi/10.2.1/thumb/v7e-m+fp/hard/libgcc.a(_udivmoddi4.o)
                0x0000000008000cb8                __udivmoddi4
 .text          0x0000000008000f88        0x4 /home/love/Documents/gcc-arm-none-eabi-10-2020-q4-major/bin/../lib/gcc/arm-none-eabi/10.2.1/thumb/v7e-m+fp/hard/libgcc.a(_dvmd_tls.o)
                0x0000000008000f88                __aeabi_ldiv0
                0x0000000008000f88                __aeabi_idiv0
 *(.text*)
 .text.HAL_I2C_Init
                0x0000000008000f8c      0x1bc build/stm32f4xx_hal_i2c.o
                0x0000000008000f8c                HAL_I2C_Init
 .text.TIM_OC1_SetConfig
                0x0000000008001148       0x68 build/stm32f4xx_hal_tim.o
 .text.TIM_OC3_SetConfig
                0x00000000080011b0       0x70 build/stm32f4xx_hal_tim.o
 .text.TIM_OC4_SetConfig
                0x0000000008001220       0x50 build/stm32f4xx_hal_tim.o
 .text.HAL_TIM_Base_MspInit
                0x0000000008001270        0x2 build/stm32f4xx_hal_tim.o
                0x0000000008001270                HAL_TIM_Base_MspInit
 .text.HAL_TIM_Base_Start
                0x0000000008001272       0x24 build/stm32f4xx_hal_tim.o
                0x0000000008001272                HAL_TIM_Base_Start
 .text.HAL_TIM_Base_Start_IT
                0x0000000008001296       0x22 build/stm32f4xx_hal_tim.o
                0x0000000008001296                HAL_TIM_Base_Start_IT
 .text.HAL_TIM_OC_DelayElapsedCallback
                0x00000000080012b8        0x2 build/stm32f4xx_hal_tim.o
                0x00000000080012b8                HAL_TIM_OC_DelayElapsedCallback
 .text.HAL_TIM_IC_CaptureCallback
                0x00000000080012ba        0x2 build/stm32f4xx_hal_tim.o
                0x00000000080012ba                HAL_TIM_IC_CaptureCallback
 .text.HAL_TIM_PWM_PulseFinishedCallback
                0x00000000080012bc        0x2 build/stm32f4xx_hal_tim.o
                0x00000000080012bc                HAL_TIM_PWM_PulseFinishedCallback
 .text.HAL_TIM_TriggerCallback
                0x00000000080012be        0x2 build/stm32f4xx_hal_tim.o
                0x00000000080012be                HAL_TIM_TriggerCallback
 .text.HAL_TIM_IRQHandler
                0x00000000080012c0      0x17a build/stm32f4xx_hal_tim.o
                0x00000000080012c0                HAL_TIM_IRQHandler
 *fill*         0x000000000800143a        0x2 
 .text.TIM_Base_SetConfig
                0x000000000800143c       0xc8 build/stm32f4xx_hal_tim.o
                0x000000000800143c                TIM_Base_SetConfig
 .text.HAL_TIM_Base_Init
                0x0000000008001504       0x34 build/stm32f4xx_hal_tim.o
                0x0000000008001504                HAL_TIM_Base_Init
 .text.HAL_TIM_PWM_Init
                0x0000000008001538       0x34 build/stm32f4xx_hal_tim.o
                0x0000000008001538                HAL_TIM_PWM_Init
 .text.HAL_TIM_Encoder_Init
                0x000000000800156c       0xa2 build/stm32f4xx_hal_tim.o
                0x000000000800156c                HAL_TIM_Encoder_Init
 *fill*         0x000000000800160e        0x2 
 .text.TIM_OC2_SetConfig
                0x0000000008001610       0x70 build/stm32f4xx_hal_tim.o
                0x0000000008001610                TIM_OC2_SetConfig
 .text.HAL_TIM_PWM_ConfigChannel
                0x0000000008001680       0xdc build/stm32f4xx_hal_tim.o
                0x0000000008001680                HAL_TIM_PWM_ConfigChannel
 .text.TIM_CCxChannelCmd
                0x000000000800175c       0x1e build/stm32f4xx_hal_tim.o
                0x000000000800175c                TIM_CCxChannelCmd
 *fill*         0x000000000800177a        0x2 
 .text.HAL_TIM_PWM_Start
                0x000000000800177c       0x40 build/stm32f4xx_hal_tim.o
                0x000000000800177c                HAL_TIM_PWM_Start
 .text.HAL_TIM_Encoder_Start
                0x00000000080017bc       0x44 build/stm32f4xx_hal_tim.o
                0x00000000080017bc                HAL_TIM_Encoder_Start
 .text.HAL_TIMEx_MasterConfigSynchronization
                0x0000000008001800       0x8c build/stm32f4xx_hal_tim_ex.o
                0x0000000008001800                HAL_TIMEx_MasterConfigSynchronization
 .text.HAL_TIMEx_ConfigBreakDeadTime
                0x000000000800188c       0x52 build/stm32f4xx_hal_tim_ex.o
                0x000000000800188c                HAL_TIMEx_ConfigBreakDeadTime
 .text.HAL_TIMEx_CommutCallback
                0x00000000080018de        0x2 build/stm32f4xx_hal_tim_ex.o
                0x00000000080018de                HAL_TIMEx_CommutCallback
 .text.HAL_TIMEx_BreakCallback
                0x00000000080018e0        0x2 build/stm32f4xx_hal_tim_ex.o
                0x00000000080018e0                HAL_TIMEx_BreakCallback
 .text.UART_EndTxTransfer
                0x00000000080018e2       0x12 build/stm32f4xx_hal_uart.o
 .text.UART_EndRxTransfer
                0x00000000080018f4       0x1c build/stm32f4xx_hal_uart.o
 .text.UART_Transmit_IT
                0x0000000008001910       0x66 build/stm32f4xx_hal_uart.o
 *fill*         0x0000000008001976        0x2 
 .text.UART_SetConfig
                0x0000000008001978      0x1d4 build/stm32f4xx_hal_uart.o
 .text.HAL_UART_Init
                0x0000000008001b4c       0x5e build/stm32f4xx_hal_uart.o
                0x0000000008001b4c                HAL_UART_Init
 *fill*         0x0000000008001baa        0x2 
 .text.HAL_UART_Transmit_DMA
                0x0000000008001bac       0x8c build/stm32f4xx_hal_uart.o
                0x0000000008001bac                HAL_UART_Transmit_DMA
 .text.HAL_UART_Receive_DMA
                0x0000000008001c38       0xa8 build/stm32f4xx_hal_uart.o
                0x0000000008001c38                HAL_UART_Receive_DMA
 .text.HAL_UART_TxCpltCallback
                0x0000000008001ce0        0x2 build/stm32f4xx_hal_uart.o
                0x0000000008001ce0                HAL_UART_TxCpltCallback
 .text.UART_DMATransmitCplt
                0x0000000008001ce2       0x30 build/stm32f4xx_hal_uart.o
 .text.UART_EndTransmit_IT
                0x0000000008001d12       0x1a build/stm32f4xx_hal_uart.o
 .text.HAL_UART_TxHalfCpltCallback
                0x0000000008001d2c        0x2 build/stm32f4xx_hal_uart.o
                0x0000000008001d2c                HAL_UART_TxHalfCpltCallback
 .text.UART_DMATxHalfCplt
                0x0000000008001d2e        0xa build/stm32f4xx_hal_uart.o
 .text.UART_DMAReceiveCplt
                0x0000000008001d38       0x3e build/stm32f4xx_hal_uart.o
 .text.UART_Receive_IT
                0x0000000008001d76       0x9e build/stm32f4xx_hal_uart.o
 .text.HAL_UART_RxHalfCpltCallback
                0x0000000008001e14        0x2 build/stm32f4xx_hal_uart.o
                0x0000000008001e14                HAL_UART_RxHalfCpltCallback
 .text.UART_DMARxHalfCplt
                0x0000000008001e16        0xa build/stm32f4xx_hal_uart.o
 .text.HAL_UART_ErrorCallback
                0x0000000008001e20        0x2 build/stm32f4xx_hal_uart.o
                0x0000000008001e20                HAL_UART_ErrorCallback
 .text.UART_DMAError
                0x0000000008001e22       0x58 build/stm32f4xx_hal_uart.o
 *fill*         0x0000000008001e7a        0x2 
 .text.HAL_UART_IRQHandler
                0x0000000008001e7c      0x128 build/stm32f4xx_hal_uart.o
                0x0000000008001e7c                HAL_UART_IRQHandler
 .text.UART_DMAAbortOnError
                0x0000000008001fa4       0x10 build/stm32f4xx_hal_uart.o
 .text.HAL_RCC_OscConfig
                0x0000000008001fb4      0x3ec build/stm32f4xx_hal_rcc.o
                0x0000000008001fb4                HAL_RCC_OscConfig
 .text.HAL_RCC_GetSysClockFreq
                0x00000000080023a0       0xd4 build/stm32f4xx_hal_rcc.o
                0x00000000080023a0                HAL_RCC_GetSysClockFreq
 .text.HAL_RCC_ClockConfig
                0x0000000008002474      0x160 build/stm32f4xx_hal_rcc.o
                0x0000000008002474                HAL_RCC_ClockConfig
 .text.HAL_RCC_GetHCLKFreq
                0x00000000080025d4        0xc build/stm32f4xx_hal_rcc.o
                0x00000000080025d4                HAL_RCC_GetHCLKFreq
 .text.HAL_RCC_GetPCLK1Freq
                0x00000000080025e0       0x20 build/stm32f4xx_hal_rcc.o
                0x00000000080025e0                HAL_RCC_GetPCLK1Freq
 .text.HAL_RCC_GetPCLK2Freq
                0x0000000008002600       0x20 build/stm32f4xx_hal_rcc.o
                0x0000000008002600                HAL_RCC_GetPCLK2Freq
 .text.HAL_RCC_GetClockConfig
                0x0000000008002620       0x3c build/stm32f4xx_hal_rcc.o
                0x0000000008002620                HAL_RCC_GetClockConfig
 .text.HAL_GPIO_Init
                0x000000000800265c      0x1d0 build/stm32f4xx_hal_gpio.o
                0x000000000800265c                HAL_GPIO_Init
 .text.HAL_GPIO_WritePin
                0x000000000800282c        0xc build/stm32f4xx_hal_gpio.o
                0x000000000800282c                HAL_GPIO_WritePin
 .text.DMA_SetConfig
                0x0000000008002838       0x2c build/stm32f4xx_hal_dma.o
 .text.DMA_CalcBaseAndBitshift
                0x0000000008002864       0x44 build/stm32f4xx_hal_dma.o
 .text.DMA_CheckFifoParam
                0x00000000080028a8       0x8e build/stm32f4xx_hal_dma.o
 *fill*         0x0000000008002936        0x2 
 .text.HAL_DMA_Init
                0x0000000008002938       0xcc build/stm32f4xx_hal_dma.o
                0x0000000008002938                HAL_DMA_Init
 .text.HAL_DMA_Start_IT
                0x0000000008002a04       0x6a build/stm32f4xx_hal_dma.o
                0x0000000008002a04                HAL_DMA_Start_IT
 .text.HAL_DMA_Abort_IT
                0x0000000008002a6e       0x26 build/stm32f4xx_hal_dma.o
                0x0000000008002a6e                HAL_DMA_Abort_IT
 .text.HAL_DMA_IRQHandler
                0x0000000008002a94      0x1dc build/stm32f4xx_hal_dma.o
                0x0000000008002a94                HAL_DMA_IRQHandler
 .text.HAL_NVIC_SetPriorityGrouping
                0x0000000008002c70       0x24 build/stm32f4xx_hal_cortex.o
                0x0000000008002c70                HAL_NVIC_SetPriorityGrouping
 .text.HAL_NVIC_SetPriority
                0x0000000008002c94       0x70 build/stm32f4xx_hal_cortex.o
                0x0000000008002c94                HAL_NVIC_SetPriority
 .text.HAL_NVIC_EnableIRQ
                0x0000000008002d04       0x1c build/stm32f4xx_hal_cortex.o
                0x0000000008002d04                HAL_NVIC_EnableIRQ
 .text.HAL_Init
                0x0000000008002d20       0x34 build/stm32f4xx_hal.o
                0x0000000008002d20                HAL_Init
 .text.HAL_IncTick
                0x0000000008002d54       0x18 build/stm32f4xx_hal.o
                0x0000000008002d54                HAL_IncTick
 .text.HAL_GetTick
                0x0000000008002d6c        0xc build/stm32f4xx_hal.o
                0x0000000008002d6c                HAL_GetTick
 .text.vListInsertEnd
                0x0000000008002d78       0x16 build/list.o
                0x0000000008002d78                vListInsertEnd
 .text.uxListRemove
                0x0000000008002d8e       0x26 build/list.o
                0x0000000008002d8e                uxListRemove
 .text.prvResetNextTaskUnblockTime
                0x0000000008002db4       0x2c build/tasks.o
 .text.xTaskIncrementTick
                0x0000000008002de0      0x118 build/tasks.o
                0x0000000008002de0                xTaskIncrementTick
 .text.vTaskSwitchContext
                0x0000000008002ef8       0x98 build/tasks.o
                0x0000000008002ef8                vTaskSwitchContext
 .text.SVC_Handler
                0x0000000008002f90       0x24 build/port.o
                0x0000000008002f90                SVC_Handler
 *fill*         0x0000000008002fb4        0xc 
 .text.PendSV_Handler
                0x0000000008002fc0       0x64 build/port.o
                0x0000000008002fc0                PendSV_Handler
 .text.SysTick_Handler
                0x0000000008003024       0x2c build/port.o
                0x0000000008003024                SysTick_Handler
 .text.NMI_Handler
                0x0000000008003050        0x2 build/stm32f4xx_it.o
                0x0000000008003050                NMI_Handler
 .text.HardFault_Handler
                0x0000000008003052        0x2 build/stm32f4xx_it.o
                0x0000000008003052                HardFault_Handler
 .text.MemManage_Handler
                0x0000000008003054        0x2 build/stm32f4xx_it.o
                0x0000000008003054                MemManage_Handler
 .text.BusFault_Handler
                0x0000000008003056        0x2 build/stm32f4xx_it.o
                0x0000000008003056                BusFault_Handler
 .text.UsageFault_Handler
                0x0000000008003058        0x2 build/stm32f4xx_it.o
                0x0000000008003058                UsageFault_Handler
 .text.DebugMon_Handler
                0x000000000800305a        0x2 build/stm32f4xx_it.o
                0x000000000800305a                DebugMon_Handler
 .text.TIM5_IRQHandler
                0x000000000800305c       0x10 build/stm32f4xx_it.o
                0x000000000800305c                TIM5_IRQHandler
 .text.DMA1_Stream5_IRQHandler
                0x000000000800306c       0x10 build/stm32f4xx_it.o
                0x000000000800306c                DMA1_Stream5_IRQHandler
 .text.DMA1_Stream4_IRQHandler
                0x000000000800307c       0x10 build/stm32f4xx_it.o
                0x000000000800307c                DMA1_Stream4_IRQHandler
 .text.USART2_IRQHandler
                0x000000000800308c       0x10 build/stm32f4xx_it.o
                0x000000000800308c                USART2_IRQHandler
 .text.UART4_IRQHandler
                0x000000000800309c       0x10 build/stm32f4xx_it.o
                0x000000000800309c                UART4_IRQHandler
 .text.HAL_MspInit
                0x00000000080030ac       0x44 build/stm32f4xx_hal_msp.o
                0x00000000080030ac                HAL_MspInit
 .text.HAL_InitTick
                0x00000000080030f0       0x7c build/stm32f4xx_hal_timebase_tim.o
                0x00000000080030f0                HAL_InitTick
 .text.SystemInit
                0x000000000800316c       0x1c build/system_stm32f4xx.o
                0x000000000800316c                SystemInit
 .text.MX_GPIO_Init
                0x0000000008003188      0x158 build/gpio.o
                0x0000000008003188                MX_GPIO_Init
 .text.MX_I2C1_Init
                0x00000000080032e0       0x3c build/i2c.o
                0x00000000080032e0                MX_I2C1_Init
 .text.HAL_I2C_MspInit
                0x000000000800331c       0x74 build/i2c.o
                0x000000000800331c                HAL_I2C_MspInit
 .text.MX_TIM1_Init
                0x0000000008003390       0x68 build/tim.o
                0x0000000008003390                MX_TIM1_Init
 .text.MX_TIM2_Init
                0x00000000080033f8       0x64 build/tim.o
                0x00000000080033f8                MX_TIM2_Init
 .text.MX_TIM3_Init
                0x000000000800345c       0x64 build/tim.o
                0x000000000800345c                MX_TIM3_Init
 .text.MX_TIM4_Init
                0x00000000080034c0       0x64 build/tim.o
                0x00000000080034c0                MX_TIM4_Init
 .text.HAL_TIM_Encoder_MspInit
                0x0000000008003524      0x1c8 build/tim.o
                0x0000000008003524                HAL_TIM_Encoder_MspInit
 .text.HAL_TIM_PWM_MspInit
                0x00000000080036ec       0x30 build/tim.o
                0x00000000080036ec                HAL_TIM_PWM_MspInit
 .text.HAL_TIM_MspPostInit
                0x000000000800371c       0x5c build/tim.o
                0x000000000800371c                HAL_TIM_MspPostInit
 .text.MX_TIM8_Init
                0x0000000008003778       0xf0 build/tim.o
                0x0000000008003778                MX_TIM8_Init
 .text.MX_DMA_Init
                0x0000000008003868       0x44 build/dma.o
                0x0000000008003868                MX_DMA_Init
 .text.MX_UART4_Init
                0x00000000080038ac       0x34 build/usart.o
                0x00000000080038ac                MX_UART4_Init
 .text.MX_USART2_UART_Init
                0x00000000080038e0       0x34 build/usart.o
                0x00000000080038e0                MX_USART2_UART_Init
 .text.HAL_UART_MspInit
                0x0000000008003914      0x174 build/usart.o
                0x0000000008003914                HAL_UART_MspInit
 .text.ITM_SendString
                0x0000000008003a88       0x44 build/printf_config.o
                0x0000000008003a88                ITM_SendString
 .text._write   0x0000000008003acc        0xc build/printf_config.o
                0x0000000008003acc                _write
 .text.Reset_Handler
                0x0000000008003ad8       0x50 build/startup_stm32f407xx.o
                0x0000000008003ad8                Reset_Handler
 .text.Default_Handler
                0x0000000008003b28        0x2 build/startup_stm32f407xx.o
                0x0000000008003b28                RTC_Alarm_IRQHandler
                0x0000000008003b28                HASH_RNG_IRQHandler
                0x0000000008003b28                EXTI2_IRQHandler
                0x0000000008003b28                TIM8_CC_IRQHandler
                0x0000000008003b28                TIM1_CC_IRQHandler
                0x0000000008003b28                DMA2_Stream5_IRQHandler
                0x0000000008003b28                PVD_IRQHandler
                0x0000000008003b28                SDIO_IRQHandler
                0x0000000008003b28                TAMP_STAMP_IRQHandler
                0x0000000008003b28                CAN2_RX1_IRQHandler
                0x0000000008003b28                EXTI3_IRQHandler
                0x0000000008003b28                TIM8_TRG_COM_TIM14_IRQHandler
                0x0000000008003b28                TIM1_UP_TIM10_IRQHandler
                0x0000000008003b28                TIM8_UP_TIM13_IRQHandler
                0x0000000008003b28                I2C3_ER_IRQHandler
                0x0000000008003b28                EXTI0_IRQHandler
                0x0000000008003b28                I2C2_EV_IRQHandler
                0x0000000008003b28                DMA1_Stream2_IRQHandler
                0x0000000008003b28                CAN1_RX0_IRQHandler
                0x0000000008003b28                FPU_IRQHandler
                0x0000000008003b28                OTG_HS_WKUP_IRQHandler
                0x0000000008003b28                CAN2_SCE_IRQHandler
                0x0000000008003b28                DMA2_Stream2_IRQHandler
                0x0000000008003b28                SPI1_IRQHandler
                0x0000000008003b28                TIM6_DAC_IRQHandler
                0x0000000008003b28                TIM1_BRK_TIM9_IRQHandler
                0x0000000008003b28                DCMI_IRQHandler
                0x0000000008003b28                CAN2_RX0_IRQHandler
                0x0000000008003b28                DMA2_Stream3_IRQHandler
                0x0000000008003b28                USART6_IRQHandler
                0x0000000008003b28                USART3_IRQHandler
                0x0000000008003b28                CAN1_RX1_IRQHandler
                0x0000000008003b28                UART5_IRQHandler
                0x0000000008003b28                DMA2_Stream0_IRQHandler
                0x0000000008003b28                TIM4_IRQHandler
                0x0000000008003b28                I2C1_EV_IRQHandler
                0x0000000008003b28                DMA1_Stream6_IRQHandler
                0x0000000008003b28                DMA1_Stream1_IRQHandler
                0x0000000008003b28                TIM3_IRQHandler
                0x0000000008003b28                RCC_IRQHandler
                0x0000000008003b28                TIM8_BRK_TIM12_IRQHandler
                0x0000000008003b28                Default_Handler
                0x0000000008003b28                EXTI15_10_IRQHandler
                0x0000000008003b28                ADC_IRQHandler
                0x0000000008003b28                DMA1_Stream7_IRQHandler
                0x0000000008003b28                TIM7_IRQHandler
                0x0000000008003b28                CAN2_TX_IRQHandler
                0x0000000008003b28                DMA2_Stream7_IRQHandler
                0x0000000008003b28                I2C3_EV_IRQHandler
                0x0000000008003b28                EXTI9_5_IRQHandler
                0x0000000008003b28                RTC_WKUP_IRQHandler
                0x0000000008003b28                ETH_WKUP_IRQHandler
                0x0000000008003b28                SPI2_IRQHandler
                0x0000000008003b28                OTG_HS_EP1_IN_IRQHandler
                0x0000000008003b28                DMA1_Stream0_IRQHandler
                0x0000000008003b28                CAN1_TX_IRQHandler
                0x0000000008003b28                EXTI4_IRQHandler
                0x0000000008003b28                FSMC_IRQHandler
                0x0000000008003b28                ETH_IRQHandler
                0x0000000008003b28                OTG_HS_EP1_OUT_IRQHandler
                0x0000000008003b28                WWDG_IRQHandler
                0x0000000008003b28                TIM2_IRQHandler
                0x0000000008003b28                OTG_FS_WKUP_IRQHandler
                0x0000000008003b28                TIM1_TRG_COM_TIM11_IRQHandler
                0x0000000008003b28                OTG_HS_IRQHandler
                0x0000000008003b28                EXTI1_IRQHandler
                0x0000000008003b28                I2C2_ER_IRQHandler
                0x0000000008003b28                DMA2_Stream1_IRQHandler
                0x0000000008003b28                CAN1_SCE_IRQHandler
                0x0000000008003b28                FLASH_IRQHandler
                0x0000000008003b28                DMA2_Stream4_IRQHandler
                0x0000000008003b28                USART1_IRQHandler
                0x0000000008003b28                OTG_FS_IRQHandler
                0x0000000008003b28                SPI3_IRQHandler
                0x0000000008003b28                I2C1_ER_IRQHandler
                0x0000000008003b28                DMA2_Stream6_IRQHandler
                0x0000000008003b28                DMA1_Stream3_IRQHandler
 *fill*         0x0000000008003b2a        0x6 
 .text._ZN7encoder16encoderInitilizeEv
                0x0000000008003b30       0x48 build/encoder.o
                0x0000000008003b30                encoder::encoderInitilize()
 .text._ZN7encoder9get_omegaEv
                0x0000000008003b78       0x6c build/encoder.o
                0x0000000008003b78                encoder::get_omega()
 .text._ZL11time_periodt
                0x0000000008003be4       0x14 build/motor.o
 .text._ZL21set_DutyCycle_PrimaryP17TIM_HandleTypeDefmt
                0x0000000008003bf8       0x50 build/motor.o
 .text._ZL13set_DutyCycleP12Motor_configt
                0x0000000008003c48        0xe build/motor.o
 *fill*         0x0000000008003c56        0x2 
 .text._ZL14set_motorOmegaP12Motor_configf
                0x0000000008003c58       0x48 build/motor.o
 .text._ZL18set_motorDirectionP12Motor_config9Direction
                0x0000000008003ca0       0x22 build/motor.o
 *fill*         0x0000000008003cc2        0x2 
 .text._ZN5motor12computeOmegaEff13pid_Algorithm
                0x0000000008003cc4       0x3c build/motor.o
                0x0000000008003cc4                motor::computeOmega(float, float, pid_Algorithm)
 .text._ZN5motor9set_omegaEf
                0x0000000008003d00       0x84 build/motor.o
                0x0000000008003d00                motor::set_omega(float)
 *fill*         0x0000000008003d84        0x4 
 .text._ZN17inversekinematics24set_motorOmegaFromInvKinEv
                0x0000000008003d88       0x94 build/inversekinematics.o
                0x0000000008003d88                inversekinematics::set_motorOmegaFromInvKin()
 *fill*         0x0000000008003e1c        0x4 
 .text._ZN17inversekinematics17set_robotVelocityEfff
                0x0000000008003e20       0x88 build/inversekinematics.o
                0x0000000008003e20                inversekinematics::set_robotVelocity(float, float, float)
 .text._ZN14continuous_PID7ComputeEff
                0x0000000008003ea8       0xf4 build/pid.o
                0x0000000008003ea8                continuous_PID::Compute(float, float)
 .text._ZN14continuous_PID10SetTuningsEfffi
                0x0000000008003f9c       0x7c build/pid.o
                0x0000000008003f9c                continuous_PID::SetTunings(float, float, float, int)
 .text._ZN14continuous_PID15SetOutputLimitsEff
                0x0000000008004018       0x14 build/pid.o
                0x0000000008004018                continuous_PID::SetOutputLimits(float, float)
 .text._ZN14continuous_PID10InitializeEv
                0x000000000800402c       0x34 build/pid.o
                0x000000000800402c                continuous_PID::Initialize()
 .text._ZN14continuous_PID7SetModeEi
                0x0000000008004060       0x24 build/pid.o
                0x0000000008004060                continuous_PID::SetMode(int)
 .text._ZN14continuous_PID22SetControllerDirectionEi
                0x0000000008004084        0x4 build/pid.o
                0x0000000008004084                continuous_PID::SetControllerDirection(int)
 .text._ZN12discrete_PID7ComputeEff
                0x0000000008004088       0xa4 build/pid.o
                0x0000000008004088                discrete_PID::Compute(float, float)
 .text._ZN12discrete_PID10SetTuningsEfff
                0x000000000800412c       0x48 build/pid.o
                0x000000000800412c                discrete_PID::SetTunings(float, float, float)
 .text._ZN12discrete_PID15SetOutputLimitsEff
                0x0000000008004174       0x14 build/pid.o
                0x0000000008004174                discrete_PID::SetOutputLimits(float, float)
 .text._ZN9fuzzy_pid5trimfEffff
                0x0000000008004188       0x54 build/fuzzy_pid.o
                0x0000000008004188                fuzzy_pid::trimf(float, float, float, float)
 .text._ZN9fuzzy_pid8invTrimfEffff
                0x00000000080041dc       0x26 build/fuzzy_pid.o
                0x00000000080041dc                fuzzy_pid::invTrimf(float, float, float, float)
 .text._ZN9fuzzy_pidC2Ev
                0x0000000008004202       0x1a build/fuzzy_pid.o
                0x0000000008004202                fuzzy_pid::fuzzy_pid()
                0x0000000008004202                fuzzy_pid::fuzzy_pid()
 .text._ZN9fuzzy_pid20calculate_del_outputEfff
                0x000000000800421c       0x52 build/fuzzy_pid.o
                0x000000000800421c                fuzzy_pid::calculate_del_output(float, float, float)
 .text._ZN9fuzzy_pid13set_parameterEfffff
                0x000000000800426e       0x1c build/fuzzy_pid.o
                0x000000000800426e                fuzzy_pid::set_parameter(float, float, float, float, float)
 .text._ZN9fuzzy_pid24calculate_del_tuningGainEPA7_iPf
                0x000000000800428a       0xd2 build/fuzzy_pid.o
                0x000000000800428a                fuzzy_pid::calculate_del_tuningGain(int (*) [7], float*)
 .text._ZN9fuzzy_pid3mapEfff
                0x000000000800435c        0xa build/fuzzy_pid.o
                0x000000000800435c                fuzzy_pid::map(float, float, float)
 .text._ZN9fuzzy_pid5clampEfff
                0x0000000008004366       0x20 build/fuzzy_pid.o
                0x0000000008004366                fuzzy_pid::clamp(float, float, float)
 *fill*         0x0000000008004386        0x2 
 .text._ZN9fuzzy_pid28compute_fuzzy_selfTuning_PIDEff
                0x0000000008004388      0x190 build/fuzzy_pid.o
                0x0000000008004388                fuzzy_pid::compute_fuzzy_selfTuning_PID(float, float)
 .text._ZN10robo_stateD2Ev
                0x0000000008004518        0x2 build/robo_init.o
                0x0000000008004518                robo_state::~robo_state()
                0x0000000008004518                robo_state::~robo_state()
 .text._ZN8JoyStickD2Ev
                0x000000000800451a        0x2 build/robo_init.o
                0x000000000800451a                JoyStick::~JoyStick()
                0x000000000800451a                JoyStick::~JoyStick()
 .text.__tcf_0  0x000000000800451c       0x18 build/robo_init.o
 .text.__tcf_1  0x0000000008004534       0x18 build/robo_init.o
 .text._ZN15JoyStick_HandleD2Ev
                0x000000000800454c        0x2 build/robo_init.o
                0x000000000800454c                JoyStick_Handle::~JoyStick_Handle()
                0x000000000800454c                JoyStick_Handle::~JoyStick_Handle()
 *fill*         0x000000000800454e        0x2 
 .text._ZN14continuous_PIDC2Ev
                0x0000000008004550       0x64 build/robo_init.o
                0x0000000008004550                continuous_PID::continuous_PID()
                0x0000000008004550                continuous_PID::continuous_PID()
 .text._Z41__static_initialization_and_destruction_0ii
                0x00000000080045b4      0x170 build/robo_init.o
 .text._Z17motorAllInitilizev
                0x0000000008004724       0xc8 build/robo_init.o
                0x0000000008004724                motorAllInitilize()
 .text._Z19encoderAllInitilizev
                0x00000000080047ec       0xa4 build/robo_init.o
                0x00000000080047ec                encoderAllInitilize()
 .text._Z15pidAllInitilizev
                0x0000000008004890       0xac build/robo_init.o
                0x0000000008004890                pidAllInitilize()
 .text._Z17joystickInitilizev
                0x000000000800493c       0x20 build/robo_init.o
                0x000000000800493c                joystickInitilize()
 .text._Z9robo_initv
                0x000000000800495c       0x14 build/robo_init.o
                0x000000000800495c                robo_init()
 .text._GLOBAL__sub_I_motor_
                0x0000000008004970        0xe build/robo_init.o
 *fill*         0x000000000800497e        0x2 
 .text._Z13motor_actuatev
                0x0000000008004980       0x60 build/robot_operation.o
                0x0000000008004980                motor_actuate()
 .text._Z9robo_playv
                0x00000000080049e0       0x44 build/robot_operation.o
                0x00000000080049e0                robo_play()
 .text._ZN8CRC_HashC2Eh
                0x0000000008004a24       0x2e build/crc_hash.o
                0x0000000008004a24                CRC_Hash::CRC_Hash(unsigned char)
                0x0000000008004a24                CRC_Hash::CRC_Hash(unsigned char)
 .text._ZN8CRC_Hash8get_HashEPht
                0x0000000008004a52       0x24 build/crc_hash.o
                0x0000000008004a52                CRC_Hash::get_Hash(unsigned char*, unsigned short)
 *fill*         0x0000000008004a76        0x2 
 .text.HAL_TIM_PeriodElapsedCallback
                0x0000000008004a78       0x18 build/main.o
                0x0000000008004a78                HAL_TIM_PeriodElapsedCallback
 .text.Error_Handler
                0x0000000008004a90        0x4 build/main.o
                0x0000000008004a90                Error_Handler
 .text._Z18SystemClock_Configv
                0x0000000008004a94       0xac build/main.o
                0x0000000008004a94                SystemClock_Config()
 .text.main     0x0000000008004b40       0x3c build/main.o
                0x0000000008004b40                main
 .text._ZN8CRC_HashD2Ev
                0x0000000008004b7c        0x2 build/joystick.o
                0x0000000008004b7c                CRC_Hash::~CRC_Hash()
                0x0000000008004b7c                CRC_Hash::~CRC_Hash()
 .text._ZL12fill_JoyDataP13JoyStick_DataPh
                0x0000000008004b7e       0x1a build/joystick.o
 .text._Z41__static_initialization_and_destruction_0ii
                0x0000000008004b98       0x34 build/joystick.o
 .text.HAL_UART_RxCpltCallback
                0x0000000008004bcc       0xcc build/joystick.o
                0x0000000008004bcc                HAL_UART_RxCpltCallback
 .text._ZN8JoyStick4initEv
                0x0000000008004c98       0x1c build/joystick.o
                0x0000000008004c98                JoyStick::init()
 .text._ZN8JoyStick13parse_JoyDataEv
                0x0000000008004cb4       0xe4 build/joystick.o
                0x0000000008004cb4                JoyStick::parse_JoyData()
 .text._GLOBAL__sub_I_gJoy
                0x0000000008004d98        0xe build/joystick.o
 .text.__aeabi_atexit
                0x0000000008004da6        0xa /home/love/Documents/gcc-arm-none-eabi-10-2020-q4-major/bin/../lib/gcc/arm-none-eabi/10.2.1/../../../../arm-none-eabi/lib/thumb/v7e-m+fp/hard/libstdc++_nano.a(atexit_arm.o)
                0x0000000008004da6                __aeabi_atexit
 .text.cos      0x0000000008004db0       0x90 /home/love/Documents/gcc-arm-none-eabi-10-2020-q4-major/bin/../lib/gcc/arm-none-eabi/10.2.1/../../../../arm-none-eabi/lib/thumb/v7e-m+fp/hard/libm.a(lib_a-s_cos.o)
                0x0000000008004db0                cos
 .text.sin      0x0000000008004e40       0x90 /home/love/Documents/gcc-arm-none-eabi-10-2020-q4-major/bin/../lib/gcc/arm-none-eabi/10.2.1/../../../../arm-none-eabi/lib/thumb/v7e-m+fp/hard/libm.a(lib_a-s_sin.o)
                0x0000000008004e40                sin
 .text.__ieee754_rem_pio2
                0x0000000008004ed0      0x44c /home/love/Documents/gcc-arm-none-eabi-10-2020-q4-major/bin/../lib/gcc/arm-none-eabi/10.2.1/../../../../arm-none-eabi/lib/thumb/v7e-m+fp/hard/libm.a(lib_a-e_rem_pio2.o)
                0x0000000008004ed0                __ieee754_rem_pio2
 *fill*         0x000000000800531c        0x4 
 .text.__kernel_cos
                0x0000000008005320      0x27c /home/love/Documents/gcc-arm-none-eabi-10-2020-q4-major/bin/../lib/gcc/arm-none-eabi/10.2.1/../../../../arm-none-eabi/lib/thumb/v7e-m+fp/hard/libm.a(lib_a-k_cos.o)
                0x0000000008005320                __kernel_cos
 *fill*         0x000000000800559c        0x4 
 .text.__kernel_rem_pio2
                0x00000000080055a0      0x854 /home/love/Documents/gcc-arm-none-eabi-10-2020-q4-major/bin/../lib/gcc/arm-none-eabi/10.2.1/../../../../arm-none-eabi/lib/thumb/v7e-m+fp/hard/libm.a(lib_a-k_rem_pio2.o)
                0x00000000080055a0                __kernel_rem_pio2
 *fill*         0x0000000008005df4        0x4 
 .text.__kernel_sin
                0x0000000008005df8      0x17c /home/love/Documents/gcc-arm-none-eabi-10-2020-q4-major/bin/../lib/gcc/arm-none-eabi/10.2.1/../../../../arm-none-eabi/lib/thumb/v7e-m+fp/hard/libm.a(lib_a-k_sin.o)
                0x0000000008005df8                __kernel_sin
 .text.fabs     0x0000000008005f74       0x14 /home/love/Documents/gcc-arm-none-eabi-10-2020-q4-major/bin/../lib/gcc/arm-none-eabi/10.2.1/../../../../arm-none-eabi/lib/thumb/v7e-m+fp/hard/libm.a(lib_a-s_fabs.o)
                0x0000000008005f74                fabs
 .text.floor    0x0000000008005f88      0x108 /home/love/Documents/gcc-arm-none-eabi-10-2020-q4-major/bin/../lib/gcc/arm-none-eabi/10.2.1/../../../../arm-none-eabi/lib/thumb/v7e-m+fp/hard/libm.a(lib_a-s_floor.o)
                0x0000000008005f88                floor
 .text.scalbn   0x0000000008006090      0x124 /home/love/Documents/gcc-arm-none-eabi-10-2020-q4-major/bin/../lib/gcc/arm-none-eabi/10.2.1/../../../../arm-none-eabi/lib/thumb/v7e-m+fp/hard/libm.a(lib_a-s_scalbn.o)
                0x0000000008006090                scalbn
 .text.__cxa_atexit
                0x00000000080061b4       0x1c /home/love/Documents/gcc-arm-none-eabi-10-2020-q4-major/bin/../lib/gcc/arm-none-eabi/10.2.1/../../../../arm-none-eabi/lib/thumb/v7e-m+fp/hard/libc_nano.a(lib_a-cxa_atexit.o)
                0x00000000080061b4                __cxa_atexit
 .text.__libc_init_array
                0x00000000080061d0       0x48 /home/love/Documents/gcc-arm-none-eabi-10-2020-q4-major/bin/../lib/gcc/arm-none-eabi/10.2.1/../../../../arm-none-eabi/lib/thumb/v7e-m+fp/hard/libc_nano.a(lib_a-init.o)
                0x00000000080061d0                __libc_init_array
 .text.memcpy   0x0000000008006218       0x1c /home/love/Documents/gcc-arm-none-eabi-10-2020-q4-major/bin/../lib/gcc/arm-none-eabi/10.2.1/../../../../arm-none-eabi/lib/thumb/v7e-m+fp/hard/libc_nano.a(lib_a-memcpy-stub.o)
                0x0000000008006218                memcpy
 .text.memset   0x0000000008006234       0x10 /home/love/Documents/gcc-arm-none-eabi-10-2020-q4-major/bin/../lib/gcc/arm-none-eabi/10.2.1/../../../../arm-none-eabi/lib/thumb/v7e-m+fp/hard/libc_nano.a(lib_a-memset.o)
                0x0000000008006234                memset
 .text.__cvt    0x0000000008006244       0xc4 /home/love/Documents/gcc-arm-none-eabi-10-2020-q4-major/bin/../lib/gcc/arm-none-eabi/10.2.1/../../../../arm-none-eabi/lib/thumb/v7e-m+fp/hard/libc_nano.a(lib_a-nano-vfprintf_float.o)
                0x0000000008006244                __cvt
 .text.__exponent
                0x0000000008006308       0x7c /home/love/Documents/gcc-arm-none-eabi-10-2020-q4-major/bin/../lib/gcc/arm-none-eabi/10.2.1/../../../../arm-none-eabi/lib/thumb/v7e-m+fp/hard/libc_nano.a(lib_a-nano-vfprintf_float.o)
                0x0000000008006308                __exponent
 .text._printf_float
                0x0000000008006384      0x46c /home/love/Documents/gcc-arm-none-eabi-10-2020-q4-major/bin/../lib/gcc/arm-none-eabi/10.2.1/../../../../arm-none-eabi/lib/thumb/v7e-m+fp/hard/libc_nano.a(lib_a-nano-vfprintf_float.o)
                0x0000000008006384                _printf_float
 .text._printf_common
                0x00000000080067f0       0xda /home/love/Documents/gcc-arm-none-eabi-10-2020-q4-major/bin/../lib/gcc/arm-none-eabi/10.2.1/../../../../arm-none-eabi/lib/thumb/v7e-m+fp/hard/libc_nano.a(lib_a-nano-vfprintf_i.o)
                0x00000000080067f0                _printf_common
 *fill*         0x00000000080068ca        0x2 
 .text._printf_i
                0x00000000080068cc      0x24c /home/love/Documents/gcc-arm-none-eabi-10-2020-q4-major/bin/../lib/gcc/arm-none-eabi/10.2.1/../../../../arm-none-eabi/lib/thumb/v7e-m+fp/hard/libc_nano.a(lib_a-nano-vfprintf_i.o)
                0x00000000080068cc                _printf_i
 .text.printf   0x0000000008006b18       0x30 /home/love/Documents/gcc-arm-none-eabi-10-2020-q4-major/bin/../lib/gcc/arm-none-eabi/10.2.1/../../../../arm-none-eabi/lib/thumb/v7e-m+fp/hard/libc_nano.a(lib_a-printf.o)
                0x0000000008006b18                printf
                0x0000000008006b18                iprintf
 .text.quorem   0x0000000008006b48      0x116 /home/love/Documents/gcc-arm-none-eabi-10-2020-q4-major/bin/../lib/gcc/arm-none-eabi/10.2.1/../../../../arm-none-eabi/lib/thumb/v7e-m+fp/hard/libc_nano.a(lib_a-dtoa.o)
 *fill*         0x0000000008006c5e        0x2 
 .text._dtoa_r  0x0000000008006c60      0xbdc /home/love/Documents/gcc-arm-none-eabi-10-2020-q4-major/bin/../lib/gcc/arm-none-eabi/10.2.1/../../../../arm-none-eabi/lib/thumb/v7e-m+fp/hard/libc_nano.a(lib_a-dtoa.o)
                0x0000000008006c60                _dtoa_r
 .text.std      0x000000000800783c       0x48 /home/love/Documents/gcc-arm-none-eabi-10-2020-q4-major/bin/../lib/gcc/arm-none-eabi/10.2.1/../../../../arm-none-eabi/lib/thumb/v7e-m+fp/hard/libc_nano.a(lib_a-findfp.o)
 .text._cleanup_r
                0x0000000008007884        0xc /home/love/Documents/gcc-arm-none-eabi-10-2020-q4-major/bin/../lib/gcc/arm-none-eabi/10.2.1/../../../../arm-none-eabi/lib/thumb/v7e-m+fp/hard/libc_nano.a(lib_a-findfp.o)
                0x0000000008007884                _cleanup_r
 .text.__sfmoreglue
                0x0000000008007890       0x2c /home/love/Documents/gcc-arm-none-eabi-10-2020-q4-major/bin/../lib/gcc/arm-none-eabi/10.2.1/../../../../arm-none-eabi/lib/thumb/v7e-m+fp/hard/libc_nano.a(lib_a-findfp.o)
                0x0000000008007890                __sfmoreglue
 .text.__sfp_lock_acquire
                0x00000000080078bc        0xc /home/love/Documents/gcc-arm-none-eabi-10-2020-q4-major/bin/../lib/gcc/arm-none-eabi/10.2.1/../../../../arm-none-eabi/lib/thumb/v7e-m+fp/hard/libc_nano.a(lib_a-findfp.o)
                0x00000000080078bc                __sfp_lock_acquire
 .text.__sfp_lock_release
                0x00000000080078c8        0xc /home/love/Documents/gcc-arm-none-eabi-10-2020-q4-major/bin/../lib/gcc/arm-none-eabi/10.2.1/../../../../arm-none-eabi/lib/thumb/v7e-m+fp/hard/libc_nano.a(lib_a-findfp.o)
                0x00000000080078c8                __sfp_lock_release
 .text.__sinit_lock_acquire
                0x00000000080078d4        0xc /home/love/Documents/gcc-arm-none-eabi-10-2020-q4-major/bin/../lib/gcc/arm-none-eabi/10.2.1/../../../../arm-none-eabi/lib/thumb/v7e-m+fp/hard/libc_nano.a(lib_a-findfp.o)
                0x00000000080078d4                __sinit_lock_acquire
 .text.__sinit_lock_release
                0x00000000080078e0        0xc /home/love/Documents/gcc-arm-none-eabi-10-2020-q4-major/bin/../lib/gcc/arm-none-eabi/10.2.1/../../../../arm-none-eabi/lib/thumb/v7e-m+fp/hard/libc_nano.a(lib_a-findfp.o)
                0x00000000080078e0                __sinit_lock_release
 .text.__sinit  0x00000000080078ec       0x70 /home/love/Documents/gcc-arm-none-eabi-10-2020-q4-major/bin/../lib/gcc/arm-none-eabi/10.2.1/../../../../arm-none-eabi/lib/thumb/v7e-m+fp/hard/libc_nano.a(lib_a-findfp.o)
                0x00000000080078ec                __sinit
 .text.__sfp    0x000000000800795c       0x8c /home/love/Documents/gcc-arm-none-eabi-10-2020-q4-major/bin/../lib/gcc/arm-none-eabi/10.2.1/../../../../arm-none-eabi/lib/thumb/v7e-m+fp/hard/libc_nano.a(lib_a-findfp.o)
                0x000000000800795c                __sfp
 .text._fwalk_reent
                0x00000000080079e8       0x3e /home/love/Documents/gcc-arm-none-eabi-10-2020-q4-major/bin/../lib/gcc/arm-none-eabi/10.2.1/../../../../arm-none-eabi/lib/thumb/v7e-m+fp/hard/libc_nano.a(lib_a-fwalk.o)
                0x00000000080079e8                _fwalk_reent
 *fill*         0x0000000008007a26        0x2 
 .text._localeconv_r
                0x0000000008007a28        0x8 /home/love/Documents/gcc-arm-none-eabi-10-2020-q4-major/bin/../lib/gcc/arm-none-eabi/10.2.1/../../../../arm-none-eabi/lib/thumb/v7e-m+fp/hard/libc_nano.a(lib_a-localeconv.o)
                0x0000000008007a28                _localeconv_r
 .text.__retarget_lock_init_recursive
                0x0000000008007a30        0x2 /home/love/Documents/gcc-arm-none-eabi-10-2020-q4-major/bin/../lib/gcc/arm-none-eabi/10.2.1/../../../../arm-none-eabi/lib/thumb/v7e-m+fp/hard/libc_nano.a(lib_a-lock.o)
                0x0000000008007a30                __retarget_lock_init_recursive
 .text.__retarget_lock_acquire_recursive
                0x0000000008007a32        0x2 /home/love/Documents/gcc-arm-none-eabi-10-2020-q4-major/bin/../lib/gcc/arm-none-eabi/10.2.1/../../../../arm-none-eabi/lib/thumb/v7e-m+fp/hard/libc_nano.a(lib_a-lock.o)
                0x0000000008007a32                __retarget_lock_acquire_recursive
 .text.__retarget_lock_release_recursive
                0x0000000008007a34        0x2 /home/love/Documents/gcc-arm-none-eabi-10-2020-q4-major/bin/../lib/gcc/arm-none-eabi/10.2.1/../../../../arm-none-eabi/lib/thumb/v7e-m+fp/hard/libc_nano.a(lib_a-lock.o)
                0x0000000008007a34                __retarget_lock_release_recursive
 *fill*         0x0000000008007a36        0x2 
 .text.malloc   0x0000000008007a38       0x10 /home/love/Documents/gcc-arm-none-eabi-10-2020-q4-major/bin/../lib/gcc/arm-none-eabi/10.2.1/../../../../arm-none-eabi/lib/thumb/v7e-m+fp/hard/libc_nano.a(lib_a-malloc.o)
                0x0000000008007a38                malloc
 .text._Balloc  0x0000000008007a48       0x80 /home/love/Documents/gcc-arm-none-eabi-10-2020-q4-major/bin/../lib/gcc/arm-none-eabi/10.2.1/../../../../arm-none-eabi/lib/thumb/v7e-m+fp/hard/libc_nano.a(lib_a-mprec.o)
                0x0000000008007a48                _Balloc
 .text._Bfree   0x0000000008007ac8       0x44 /home/love/Documents/gcc-arm-none-eabi-10-2020-q4-major/bin/../lib/gcc/arm-none-eabi/10.2.1/../../../../arm-none-eabi/lib/thumb/v7e-m+fp/hard/libc_nano.a(lib_a-mprec.o)
                0x0000000008007ac8                _Bfree
 .text.__multadd
                0x0000000008007b0c       0x8c /home/love/Documents/gcc-arm-none-eabi-10-2020-q4-major/bin/../lib/gcc/arm-none-eabi/10.2.1/../../../../arm-none-eabi/lib/thumb/v7e-m+fp/hard/libc_nano.a(lib_a-mprec.o)
                0x0000000008007b0c                __multadd
 .text.__hi0bits
                0x0000000008007b98       0x40 /home/love/Documents/gcc-arm-none-eabi-10-2020-q4-major/bin/../lib/gcc/arm-none-eabi/10.2.1/../../../../arm-none-eabi/lib/thumb/v7e-m+fp/hard/libc_nano.a(lib_a-mprec.o)
                0x0000000008007b98                __hi0bits
 .text.__lo0bits
                0x0000000008007bd8       0x5e /home/love/Documents/gcc-arm-none-eabi-10-2020-q4-major/bin/../lib/gcc/arm-none-eabi/10.2.1/../../../../arm-none-eabi/lib/thumb/v7e-m+fp/hard/libc_nano.a(lib_a-mprec.o)
                0x0000000008007bd8                __lo0bits
 *fill*         0x0000000008007c36        0x2 
 .text.__i2b    0x0000000008007c38       0x2c /home/love/Documents/gcc-arm-none-eabi-10-2020-q4-major/bin/../lib/gcc/arm-none-eabi/10.2.1/../../../../arm-none-eabi/lib/thumb/v7e-m+fp/hard/libc_nano.a(lib_a-mprec.o)
                0x0000000008007c38                __i2b
 .text.__multiply
                0x0000000008007c64      0x154 /home/love/Documents/gcc-arm-none-eabi-10-2020-q4-major/bin/../lib/gcc/arm-none-eabi/10.2.1/../../../../arm-none-eabi/lib/thumb/v7e-m+fp/hard/libc_nano.a(lib_a-mprec.o)
                0x0000000008007c64                __multiply
 .text.__pow5mult
                0x0000000008007db8       0xb4 /home/love/Documents/gcc-arm-none-eabi-10-2020-q4-major/bin/../lib/gcc/arm-none-eabi/10.2.1/../../../../arm-none-eabi/lib/thumb/v7e-m+fp/hard/libc_nano.a(lib_a-mprec.o)
                0x0000000008007db8                __pow5mult
 .text.__lshift
                0x0000000008007e6c       0xe0 /home/love/Documents/gcc-arm-none-eabi-10-2020-q4-major/bin/../lib/gcc/arm-none-eabi/10.2.1/../../../../arm-none-eabi/lib/thumb/v7e-m+fp/hard/libc_nano.a(lib_a-mprec.o)
                0x0000000008007e6c                __lshift
 .text.__mcmp   0x0000000008007f4c       0x38 /home/love/Documents/gcc-arm-none-eabi-10-2020-q4-major/bin/../lib/gcc/arm-none-eabi/10.2.1/../../../../arm-none-eabi/lib/thumb/v7e-m+fp/hard/libc_nano.a(lib_a-mprec.o)
                0x0000000008007f4c                __mcmp
 .text.__mdiff  0x0000000008007f84      0x114 /home/love/Documents/gcc-arm-none-eabi-10-2020-q4-major/bin/../lib/gcc/arm-none-eabi/10.2.1/../../../../arm-none-eabi/lib/thumb/v7e-m+fp/hard/libc_nano.a(lib_a-mprec.o)
                0x0000000008007f84                __mdiff
 .text.__d2b    0x0000000008008098       0xb8 /home/love/Documents/gcc-arm-none-eabi-10-2020-q4-major/bin/../lib/gcc/arm-none-eabi/10.2.1/../../../../arm-none-eabi/lib/thumb/v7e-m+fp/hard/libc_nano.a(lib_a-mprec.o)
                0x0000000008008098                __d2b
 .text._calloc_r
                0x0000000008008150       0x1e /home/love/Documents/gcc-arm-none-eabi-10-2020-q4-major/bin/../lib/gcc/arm-none-eabi/10.2.1/../../../../arm-none-eabi/lib/thumb/v7e-m+fp/hard/libc_nano.a(lib_a-nano-callocr.o)
                0x0000000008008150                _calloc_r
 *fill*         0x000000000800816e        0x2 
 .text._free_r  0x0000000008008170       0x98 /home/love/Documents/gcc-arm-none-eabi-10-2020-q4-major/bin/../lib/gcc/arm-none-eabi/10.2.1/../../../../arm-none-eabi/lib/thumb/v7e-m+fp/hard/libc_nano.a(lib_a-nano-freer.o)
                0x0000000008008170                _free_r
 .text._malloc_r
                0x0000000008008208       0xb4 /home/love/Documents/gcc-arm-none-eabi-10-2020-q4-major/bin/../lib/gcc/arm-none-eabi/10.2.1/../../../../arm-none-eabi/lib/thumb/v7e-m+fp/hard/libc_nano.a(lib_a-nano-mallocr.o)
                0x0000000008008208                _malloc_r
 .text.__sfputc_r
                0x00000000080082bc       0x2e /home/love/Documents/gcc-arm-none-eabi-10-2020-q4-major/bin/../lib/gcc/arm-none-eabi/10.2.1/../../../../arm-none-eabi/lib/thumb/v7e-m+fp/hard/libc_nano.a(lib_a-nano-vfprintf.o)
 .text.__sfputs_r
                0x00000000080082ea       0x24 /home/love/Documents/gcc-arm-none-eabi-10-2020-q4-major/bin/../lib/gcc/arm-none-eabi/10.2.1/../../../../arm-none-eabi/lib/thumb/v7e-m+fp/hard/libc_nano.a(lib_a-nano-vfprintf.o)
                0x00000000080082ea                __sfputs_r
 *fill*         0x000000000800830e        0x2 
 .text._vfprintf_r
                0x0000000008008310      0x260 /home/love/Documents/gcc-arm-none-eabi-10-2020-q4-major/bin/../lib/gcc/arm-none-eabi/10.2.1/../../../../arm-none-eabi/lib/thumb/v7e-m+fp/hard/libc_nano.a(lib_a-nano-vfprintf.o)
                0x0000000008008310                _vfiprintf_r
                0x0000000008008310                _vfprintf_r
 .text._sbrk_r  0x0000000008008570       0x20 /home/love/Documents/gcc-arm-none-eabi-10-2020-q4-major/bin/../lib/gcc/arm-none-eabi/10.2.1/../../../../arm-none-eabi/lib/thumb/v7e-m+fp/hard/libc_nano.a(lib_a-sbrkr.o)
                0x0000000008008570                _sbrk_r
 .text.__sread  0x0000000008008590       0x22 /home/love/Documents/gcc-arm-none-eabi-10-2020-q4-major/bin/../lib/gcc/arm-none-eabi/10.2.1/../../../../arm-none-eabi/lib/thumb/v7e-m+fp/hard/libc_nano.a(lib_a-stdio.o)
                0x0000000008008590                __sread
 .text.__swrite
                0x00000000080085b2       0x38 /home/love/Documents/gcc-arm-none-eabi-10-2020-q4-major/bin/../lib/gcc/arm-none-eabi/10.2.1/../../../../arm-none-eabi/lib/thumb/v7e-m+fp/hard/libc_nano.a(lib_a-stdio.o)
                0x00000000080085b2                __swrite
 .text.__sseek  0x00000000080085ea       0x24 /home/love/Documents/gcc-arm-none-eabi-10-2020-q4-major/bin/../lib/gcc/arm-none-eabi/10.2.1/../../../../arm-none-eabi/lib/thumb/v7e-m+fp/hard/libc_nano.a(lib_a-stdio.o)
                0x00000000080085ea                __sseek
 .text.__sclose
                0x000000000800860e        0x8 /home/love/Documents/gcc-arm-none-eabi-10-2020-q4-major/bin/../lib/gcc/arm-none-eabi/10.2.1/../../../../arm-none-eabi/lib/thumb/v7e-m+fp/hard/libc_nano.a(lib_a-stdio.o)
                0x000000000800860e                __sclose
 *fill*         0x0000000008008616        0x2 
 .text.__swbuf_r
                0x0000000008008618       0xa4 /home/love/Documents/gcc-arm-none-eabi-10-2020-q4-major/bin/../lib/gcc/arm-none-eabi/10.2.1/../../../../arm-none-eabi/lib/thumb/v7e-m+fp/hard/libc_nano.a(lib_a-wbuf.o)
                0x0000000008008618                __swbuf_r
 .text._write_r
                0x00000000080086bc       0x24 /home/love/Documents/gcc-arm-none-eabi-10-2020-q4-major/bin/../lib/gcc/arm-none-eabi/10.2.1/../../../../arm-none-eabi/lib/thumb/v7e-m+fp/hard/libc_nano.a(lib_a-writer.o)
                0x00000000080086bc                _write_r
 .text.__swsetup_r
                0x00000000080086e0       0xdc /home/love/Documents/gcc-arm-none-eabi-10-2020-q4-major/bin/../lib/gcc/arm-none-eabi/10.2.1/../../../../arm-none-eabi/lib/thumb/v7e-m+fp/hard/libc_nano.a(lib_a-wsetup.o)
                0x00000000080086e0                __swsetup_r
 .text.__assert_func
                0x00000000080087bc       0x3c /home/love/Documents/gcc-arm-none-eabi-10-2020-q4-major/bin/../lib/gcc/arm-none-eabi/10.2.1/../../../../arm-none-eabi/lib/thumb/v7e-m+fp/hard/libc_nano.a(lib_a-assert.o)
                0x00000000080087bc                __assert_func
 .text._close_r
                0x00000000080087f8       0x20 /home/love/Documents/gcc-arm-none-eabi-10-2020-q4-major/bin/../lib/gcc/arm-none-eabi/10.2.1/../../../../arm-none-eabi/lib/thumb/v7e-m+fp/hard/libc_nano.a(lib_a-closer.o)
                0x00000000080087f8                _close_r
 .text.__sflush_r
                0x0000000008008818      0x10c /home/love/Documents/gcc-arm-none-eabi-10-2020-q4-major/bin/../lib/gcc/arm-none-eabi/10.2.1/../../../../arm-none-eabi/lib/thumb/v7e-m+fp/hard/libc_nano.a(lib_a-fflush.o)
                0x0000000008008818                __sflush_r
 .text._fflush_r
                0x0000000008008924       0x78 /home/love/Documents/gcc-arm-none-eabi-10-2020-q4-major/bin/../lib/gcc/arm-none-eabi/10.2.1/../../../../arm-none-eabi/lib/thumb/v7e-m+fp/hard/libc_nano.a(lib_a-fflush.o)
                0x0000000008008924                _fflush_r
 .text.fprintf  0x000000000800899c       0x24 /home/love/Documents/gcc-arm-none-eabi-10-2020-q4-major/bin/../lib/gcc/arm-none-eabi/10.2.1/../../../../arm-none-eabi/lib/thumb/v7e-m+fp/hard/libc_nano.a(lib_a-fprintf.o)
                0x000000000800899c                fprintf
                0x000000000800899c                fiprintf
 .text._lseek_r
                0x00000000080089c0       0x24 /home/love/Documents/gcc-arm-none-eabi-10-2020-q4-major/bin/../lib/gcc/arm-none-eabi/10.2.1/../../../../arm-none-eabi/lib/thumb/v7e-m+fp/hard/libc_nano.a(lib_a-lseekr.o)
                0x00000000080089c0                _lseek_r
 .text.__swhatbuf_r
                0x00000000080089e4       0x4a /home/love/Documents/gcc-arm-none-eabi-10-2020-q4-major/bin/../lib/gcc/arm-none-eabi/10.2.1/../../../../arm-none-eabi/lib/thumb/v7e-m+fp/hard/libc_nano.a(lib_a-makebuf.o)
                0x00000000080089e4                __swhatbuf_r
 *fill*         0x0000000008008a2e        0x2 
 .text.__smakebuf_r
                0x0000000008008a30       0x80 /home/love/Documents/gcc-arm-none-eabi-10-2020-q4-major/bin/../lib/gcc/arm-none-eabi/10.2.1/../../../../arm-none-eabi/lib/thumb/v7e-m+fp/hard/libc_nano.a(lib_a-makebuf.o)
                0x0000000008008a30                __smakebuf_r
 .text.__ascii_mbtowc
                0x0000000008008ab0       0x24 /home/love/Documents/gcc-arm-none-eabi-10-2020-q4-major/bin/../lib/gcc/arm-none-eabi/10.2.1/../../../../arm-none-eabi/lib/thumb/v7e-m+fp/hard/libc_nano.a(lib_a-mbtowc_r.o)
                0x0000000008008ab0                __ascii_mbtowc
 .text.__malloc_lock
                0x0000000008008ad4        0xc /home/love/Documents/gcc-arm-none-eabi-10-2020-q4-major/bin/../lib/gcc/arm-none-eabi/10.2.1/../../../../arm-none-eabi/lib/thumb/v7e-m+fp/hard/libc_nano.a(lib_a-mlock.o)
                0x0000000008008ad4                __malloc_lock
 .text.__malloc_unlock
                0x0000000008008ae0        0xc /home/love/Documents/gcc-arm-none-eabi-10-2020-q4-major/bin/../lib/gcc/arm-none-eabi/10.2.1/../../../../arm-none-eabi/lib/thumb/v7e-m+fp/hard/libc_nano.a(lib_a-mlock.o)
                0x0000000008008ae0                __malloc_unlock
 .text._read_r  0x0000000008008aec       0x24 /home/love/Documents/gcc-arm-none-eabi-10-2020-q4-major/bin/../lib/gcc/arm-none-eabi/10.2.1/../../../../arm-none-eabi/lib/thumb/v7e-m+fp/hard/libc_nano.a(lib_a-readr.o)
                0x0000000008008aec                _read_r
 .text.__ascii_wctomb
                0x0000000008008b10       0x1a /home/love/Documents/gcc-arm-none-eabi-10-2020-q4-major/bin/../lib/gcc/arm-none-eabi/10.2.1/../../../../arm-none-eabi/lib/thumb/v7e-m+fp/hard/libc_nano.a(lib_a-wctomb_r.o)
                0x0000000008008b10                __ascii_wctomb
 .text.abort    0x0000000008008b2a        0xe /home/love/Documents/gcc-arm-none-eabi-10-2020-q4-major/bin/../lib/gcc/arm-none-eabi/10.2.1/../../../../arm-none-eabi/lib/thumb/v7e-m+fp/hard/libc_nano.a(lib_a-abort.o)
                0x0000000008008b2a                abort
 .text._fstat_r
                0x0000000008008b38       0x24 /home/love/Documents/gcc-arm-none-eabi-10-2020-q4-major/bin/../lib/gcc/arm-none-eabi/10.2.1/../../../../arm-none-eabi/lib/thumb/v7e-m+fp/hard/libc_nano.a(lib_a-fstatr.o)
                0x0000000008008b38                _fstat_r
 .text._isatty_r
                0x0000000008008b5c       0x20 /home/love/Documents/gcc-arm-none-eabi-10-2020-q4-major/bin/../lib/gcc/arm-none-eabi/10.2.1/../../../../arm-none-eabi/lib/thumb/v7e-m+fp/hard/libc_nano.a(lib_a-isattyr.o)
                0x0000000008008b5c                _isatty_r
 .text._raise_r
                0x0000000008008b7c       0x50 /home/love/Documents/gcc-arm-none-eabi-10-2020-q4-major/bin/../lib/gcc/arm-none-eabi/10.2.1/../../../../arm-none-eabi/lib/thumb/v7e-m+fp/hard/libc_nano.a(lib_a-signal.o)
                0x0000000008008b7c                _raise_r
 .text.raise    0x0000000008008bcc       0x10 /home/love/Documents/gcc-arm-none-eabi-10-2020-q4-major/bin/../lib/gcc/arm-none-eabi/10.2.1/../../../../arm-none-eabi/lib/thumb/v7e-m+fp/hard/libc_nano.a(lib_a-signal.o)
                0x0000000008008bcc                raise
 .text._kill_r  0x0000000008008bdc       0x24 /home/love/Documents/gcc-arm-none-eabi-10-2020-q4-major/bin/../lib/gcc/arm-none-eabi/10.2.1/../../../../arm-none-eabi/lib/thumb/v7e-m+fp/hard/libc_nano.a(lib_a-signalr.o)
                0x0000000008008bdc                _kill_r
 .text._getpid_r
                0x0000000008008c00        0x4 /home/love/Documents/gcc-arm-none-eabi-10-2020-q4-major/bin/../lib/gcc/arm-none-eabi/10.2.1/../../../../arm-none-eabi/lib/thumb/v7e-m+fp/hard/libc_nano.a(lib_a-signalr.o)
                0x0000000008008c00                _getpid_r
 .text._close   0x0000000008008c04       0x10 /home/love/Documents/gcc-arm-none-eabi-10-2020-q4-major/bin/../lib/gcc/arm-none-eabi/10.2.1/../../../../arm-none-eabi/lib/thumb/v7e-m+fp/hard/libnosys.a(close.o)
                0x0000000008008c04                _close
 .text._fstat   0x0000000008008c14       0x10 /home/love/Documents/gcc-arm-none-eabi-10-2020-q4-major/bin/../lib/gcc/arm-none-eabi/10.2.1/../../../../arm-none-eabi/lib/thumb/v7e-m+fp/hard/libnosys.a(fstat.o)
                0x0000000008008c14                _fstat
 .text._getpid  0x0000000008008c24       0x10 /home/love/Documents/gcc-arm-none-eabi-10-2020-q4-major/bin/../lib/gcc/arm-none-eabi/10.2.1/../../../../arm-none-eabi/lib/thumb/v7e-m+fp/hard/libnosys.a(getpid.o)
                0x0000000008008c24                _getpid
 .text._isatty  0x0000000008008c34       0x10 /home/love/Documents/gcc-arm-none-eabi-10-2020-q4-major/bin/../lib/gcc/arm-none-eabi/10.2.1/../../../../arm-none-eabi/lib/thumb/v7e-m+fp/hard/libnosys.a(isatty.o)
                0x0000000008008c34                _isatty
 .text._kill    0x0000000008008c44       0x10 /home/love/Documents/gcc-arm-none-eabi-10-2020-q4-major/bin/../lib/gcc/arm-none-eabi/10.2.1/../../../../arm-none-eabi/lib/thumb/v7e-m+fp/hard/libnosys.a(kill.o)
                0x0000000008008c44                _kill
 .text._lseek   0x0000000008008c54       0x10 /home/love/Documents/gcc-arm-none-eabi-10-2020-q4-major/bin/../lib/gcc/arm-none-eabi/10.2.1/../../../../arm-none-eabi/lib/thumb/v7e-m+fp/hard/libnosys.a(lseek.o)
                0x0000000008008c54                _lseek
 .text._read    0x0000000008008c64       0x10 /home/love/Documents/gcc-arm-none-eabi-10-2020-q4-major/bin/../lib/gcc/arm-none-eabi/10.2.1/../../../../arm-none-eabi/lib/thumb/v7e-m+fp/hard/libnosys.a(read.o)
                0x0000000008008c64                _read
 .text._sbrk    0x0000000008008c74       0x1c /home/love/Documents/gcc-arm-none-eabi-10-2020-q4-major/bin/../lib/gcc/arm-none-eabi/10.2.1/../../../../arm-none-eabi/lib/thumb/v7e-m+fp/hard/libnosys.a(sbrk.o)
                0x0000000008008c74                _sbrk
 .text._exit    0x0000000008008c90        0x4 /home/love/Documents/gcc-arm-none-eabi-10-2020-q4-major/bin/../lib/gcc/arm-none-eabi/10.2.1/../../../../arm-none-eabi/lib/thumb/v7e-m+fp/hard/libnosys.a(_exit.o)
                0x0000000008008c90                _exit
 *(.glue_7)
 .glue_7        0x0000000008008c94        0x0 linker stubs
 *(.glue_7t)
 .glue_7t       0x0000000008008c94        0x0 linker stubs
 *(.eh_frame)
 .eh_frame      0x0000000008008c94        0x0 /home/love/Documents/gcc-arm-none-eabi-10-2020-q4-major/bin/../lib/gcc/arm-none-eabi/10.2.1/thumb/v7e-m+fp/hard/crtbegin.o
 *(.init)
 .init          0x0000000008008c94        0x4 /home/love/Documents/gcc-arm-none-eabi-10-2020-q4-major/bin/../lib/gcc/arm-none-eabi/10.2.1/thumb/v7e-m+fp/hard/crti.o
                0x0000000008008c94                _init
 .init          0x0000000008008c98        0x8 /home/love/Documents/gcc-arm-none-eabi-10-2020-q4-major/bin/../lib/gcc/arm-none-eabi/10.2.1/thumb/v7e-m+fp/hard/crtn.o
 *(.fini)
 .fini          0x0000000008008ca0        0x4 /home/love/Documents/gcc-arm-none-eabi-10-2020-q4-major/bin/../lib/gcc/arm-none-eabi/10.2.1/thumb/v7e-m+fp/hard/crti.o
                0x0000000008008ca0                _fini
 .fini          0x0000000008008ca4        0x8 /home/love/Documents/gcc-arm-none-eabi-10-2020-q4-major/bin/../lib/gcc/arm-none-eabi/10.2.1/thumb/v7e-m+fp/hard/crtn.o
                0x0000000008008cac                . = ALIGN (0x4)
                0x0000000008008cac                _etext = .

.vfp11_veneer   0x0000000008008cac        0x0
 .vfp11_veneer  0x0000000008008cac        0x0 linker stubs

.v4_bx          0x0000000008008cac        0x0
 .v4_bx         0x0000000008008cac        0x0 linker stubs

.iplt           0x0000000008008cac        0x0
 .iplt          0x0000000008008cac        0x0 /home/love/Documents/gcc-arm-none-eabi-10-2020-q4-major/bin/../lib/gcc/arm-none-eabi/10.2.1/thumb/v7e-m+fp/hard/crtbegin.o

.rodata         0x0000000008008cb0      0x654
                0x0000000008008cb0                . = ALIGN (0x4)
 *(.rodata)
 *(.rodata*)
 .rodata.flagBitshiftOffset.0
                0x0000000008008cb0        0x8 build/stm32f4xx_hal_dma.o
 .rodata.AHBPrescTable
                0x0000000008008cb8       0x10 build/system_stm32f4xx.o
                0x0000000008008cb8                AHBPrescTable
 .rodata.APBPrescTable
                0x0000000008008cc8        0x8 build/system_stm32f4xx.o
                0x0000000008008cc8                APBPrescTable
 .rodata._ZL21inverseCouplingMatrix
                0x0000000008008cd0       0x30 build/inversekinematics.o
 .rodata.HAL_UART_RxCpltCallback.str1.4
                0x0000000008008d00        0x6 build/joystick.o
 *fill*         0x0000000008008d06        0x2 
 .rodata.npio2_hw
                0x0000000008008d08       0x80 /home/love/Documents/gcc-arm-none-eabi-10-2020-q4-major/bin/../lib/gcc/arm-none-eabi/10.2.1/../../../../arm-none-eabi/lib/thumb/v7e-m+fp/hard/libm.a(lib_a-e_rem_pio2.o)
 .rodata.two_over_pi
                0x0000000008008d88      0x108 /home/love/Documents/gcc-arm-none-eabi-10-2020-q4-major/bin/../lib/gcc/arm-none-eabi/10.2.1/../../../../arm-none-eabi/lib/thumb/v7e-m+fp/hard/libm.a(lib_a-e_rem_pio2.o)
 .rodata.PIo2   0x0000000008008e90       0x40 /home/love/Documents/gcc-arm-none-eabi-10-2020-q4-major/bin/../lib/gcc/arm-none-eabi/10.2.1/../../../../arm-none-eabi/lib/thumb/v7e-m+fp/hard/libm.a(lib_a-k_rem_pio2.o)
 .rodata.init_jk
                0x0000000008008ed0       0x10 /home/love/Documents/gcc-arm-none-eabi-10-2020-q4-major/bin/../lib/gcc/arm-none-eabi/10.2.1/../../../../arm-none-eabi/lib/thumb/v7e-m+fp/hard/libm.a(lib_a-k_rem_pio2.o)
 .rodata._global_impure_ptr
                0x0000000008008ee0        0x4 /home/love/Documents/gcc-arm-none-eabi-10-2020-q4-major/bin/../lib/gcc/arm-none-eabi/10.2.1/../../../../arm-none-eabi/lib/thumb/v7e-m+fp/hard/libc_nano.a(lib_a-impure.o)
                0x0000000008008ee0                _global_impure_ptr
 .rodata._printf_float.str1.1
                0x0000000008008ee4       0x12 /home/love/Documents/gcc-arm-none-eabi-10-2020-q4-major/bin/../lib/gcc/arm-none-eabi/10.2.1/../../../../arm-none-eabi/lib/thumb/v7e-m+fp/hard/libc_nano.a(lib_a-nano-vfprintf_float.o)
 .rodata._printf_i.str1.1
                0x0000000008008ef6       0x22 /home/love/Documents/gcc-arm-none-eabi-10-2020-q4-major/bin/../lib/gcc/arm-none-eabi/10.2.1/../../../../arm-none-eabi/lib/thumb/v7e-m+fp/hard/libc_nano.a(lib_a-nano-vfprintf_i.o)
 .rodata._dtoa_r.str1.1
                0x0000000008008f18       0xb2 /home/love/Documents/gcc-arm-none-eabi-10-2020-q4-major/bin/../lib/gcc/arm-none-eabi/10.2.1/../../../../arm-none-eabi/lib/thumb/v7e-m+fp/hard/libc_nano.a(lib_a-dtoa.o)
                                         0xb4 (size before relaxing)
 *fill*         0x0000000008008fca        0x2 
 .rodata.__sf_fake_stderr
                0x0000000008008fcc       0x20 /home/love/Documents/gcc-arm-none-eabi-10-2020-q4-major/bin/../lib/gcc/arm-none-eabi/10.2.1/../../../../arm-none-eabi/lib/thumb/v7e-m+fp/hard/libc_nano.a(lib_a-findfp.o)
                0x0000000008008fcc                __sf_fake_stderr
 .rodata.__sf_fake_stdin
                0x0000000008008fec       0x20 /home/love/Documents/gcc-arm-none-eabi-10-2020-q4-major/bin/../lib/gcc/arm-none-eabi/10.2.1/../../../../arm-none-eabi/lib/thumb/v7e-m+fp/hard/libc_nano.a(lib_a-findfp.o)
                0x0000000008008fec                __sf_fake_stdin
 .rodata.__sf_fake_stdout
                0x000000000800900c       0x20 /home/love/Documents/gcc-arm-none-eabi-10-2020-q4-major/bin/../lib/gcc/arm-none-eabi/10.2.1/../../../../arm-none-eabi/lib/thumb/v7e-m+fp/hard/libc_nano.a(lib_a-findfp.o)
                0x000000000800900c                __sf_fake_stdout
 .rodata._Balloc.str1.1
                0x000000000800902c       0x7e /home/love/Documents/gcc-arm-none-eabi-10-2020-q4-major/bin/../lib/gcc/arm-none-eabi/10.2.1/../../../../arm-none-eabi/lib/thumb/v7e-m+fp/hard/libc_nano.a(lib_a-mprec.o)
                                         0x95 (size before relaxing)
 .rodata.__multadd.str1.1
                0x00000000080090aa       0x11 /home/love/Documents/gcc-arm-none-eabi-10-2020-q4-major/bin/../lib/gcc/arm-none-eabi/10.2.1/../../../../arm-none-eabi/lib/thumb/v7e-m+fp/hard/libc_nano.a(lib_a-mprec.o)
 *fill*         0x00000000080090aa        0x6 
 .rodata.__mprec_bigtens
                0x00000000080090b0       0x28 /home/love/Documents/gcc-arm-none-eabi-10-2020-q4-major/bin/../lib/gcc/arm-none-eabi/10.2.1/../../../../arm-none-eabi/lib/thumb/v7e-m+fp/hard/libc_nano.a(lib_a-mprec.o)
                0x00000000080090b0                __mprec_bigtens
 .rodata.__mprec_tens
                0x00000000080090d8       0xc8 /home/love/Documents/gcc-arm-none-eabi-10-2020-q4-major/bin/../lib/gcc/arm-none-eabi/10.2.1/../../../../arm-none-eabi/lib/thumb/v7e-m+fp/hard/libc_nano.a(lib_a-mprec.o)
                0x00000000080090d8                __mprec_tens
 .rodata.p05.0  0x00000000080091a0        0xc /home/love/Documents/gcc-arm-none-eabi-10-2020-q4-major/bin/../lib/gcc/arm-none-eabi/10.2.1/../../../../arm-none-eabi/lib/thumb/v7e-m+fp/hard/libc_nano.a(lib_a-mprec.o)
 .rodata._vfprintf_r.str1.1
                0x00000000080091ac       0x11 /home/love/Documents/gcc-arm-none-eabi-10-2020-q4-major/bin/../lib/gcc/arm-none-eabi/10.2.1/../../../../arm-none-eabi/lib/thumb/v7e-m+fp/hard/libc_nano.a(lib_a-nano-vfprintf.o)
 .rodata.__assert_func.str1.1
                0x00000000080091bd       0x3c /home/love/Documents/gcc-arm-none-eabi-10-2020-q4-major/bin/../lib/gcc/arm-none-eabi/10.2.1/../../../../arm-none-eabi/lib/thumb/v7e-m+fp/hard/libc_nano.a(lib_a-assert.o)
                                         0x3d (size before relaxing)
 .rodata._setlocale_r.str1.1
                0x00000000080091f9        0x8 /home/love/Documents/gcc-arm-none-eabi-10-2020-q4-major/bin/../lib/gcc/arm-none-eabi/10.2.1/../../../../arm-none-eabi/lib/thumb/v7e-m+fp/hard/libc_nano.a(lib_a-locale.o)
                                          0x9 (size before relaxing)
 .rodata.str1.1
                0x0000000008009201        0x2 /home/love/Documents/gcc-arm-none-eabi-10-2020-q4-major/bin/../lib/gcc/arm-none-eabi/10.2.1/../../../../arm-none-eabi/lib/thumb/v7e-m+fp/hard/libc_nano.a(lib_a-locale.o)
 .rodata._ctype_
                0x0000000008009203      0x101 /home/love/Documents/gcc-arm-none-eabi-10-2020-q4-major/bin/../lib/gcc/arm-none-eabi/10.2.1/../../../../arm-none-eabi/lib/thumb/v7e-m+fp/hard/libc_nano.a(lib_a-ctype_.o)
                0x0000000008009203                _ctype_
                0x0000000008009304                . = ALIGN (0x4)

.ARM.extab
 *(.ARM.extab* .gnu.linkonce.armextab.*)

.ARM            0x0000000008009304        0x8
                0x0000000008009304                __exidx_start = .
 *(.ARM.exidx*)
 .ARM.exidx     0x0000000008009304        0x8 /home/love/Documents/gcc-arm-none-eabi-10-2020-q4-major/bin/../lib/gcc/arm-none-eabi/10.2.1/thumb/v7e-m+fp/hard/libgcc.a(_udivmoddi4.o)
                0x000000000800930c                __exidx_end = .

.rel.dyn        0x000000000800930c        0x0
 .rel.iplt      0x000000000800930c        0x0 /home/love/Documents/gcc-arm-none-eabi-10-2020-q4-major/bin/../lib/gcc/arm-none-eabi/10.2.1/thumb/v7e-m+fp/hard/crtbegin.o

.preinit_array  0x000000000800930c        0x0
                0x000000000800930c                PROVIDE (__preinit_array_start = .)
 *(.preinit_array*)
                0x000000000800930c                PROVIDE (__preinit_array_end = .)

.init_array     0x000000000800930c        0xc
                0x000000000800930c                PROVIDE (__init_array_start = .)
 *(SORT_BY_NAME(.init_array.*))
 *(.init_array*)
 .init_array    0x000000000800930c        0x4 /home/love/Documents/gcc-arm-none-eabi-10-2020-q4-major/bin/../lib/gcc/arm-none-eabi/10.2.1/thumb/v7e-m+fp/hard/crtbegin.o
 .init_array    0x0000000008009310        0x4 build/robo_init.o
 .init_array    0x0000000008009314        0x4 build/joystick.o
                0x0000000008009318                PROVIDE (__init_array_end = .)

.fini_array     0x0000000008009318        0x4
                [!provide]                        PROVIDE (__fini_array_start = .)
 *(SORT_BY_NAME(.fini_array.*))
 *(.fini_array*)
 .fini_array    0x0000000008009318        0x4 /home/love/Documents/gcc-arm-none-eabi-10-2020-q4-major/bin/../lib/gcc/arm-none-eabi/10.2.1/thumb/v7e-m+fp/hard/crtbegin.o
                [!provide]                        PROVIDE (__fini_array_end = .)
                0x000000000800931c                _sidata = LOADADDR (.data)

.data           0x0000000020000000      0x5d0 load address 0x000000000800931c
                0x0000000020000000                . = ALIGN (0x4)
                0x0000000020000000                _sdata = .
 *(.data)
 .data          0x0000000020000000        0x4 /home/love/Documents/gcc-arm-none-eabi-10-2020-q4-major/bin/../lib/gcc/arm-none-eabi/10.2.1/thumb/v7e-m+fp/hard/crtbegin.o
                0x0000000020000000                __dso_handle
 *(.data*)
 .data.uwTickFreq
                0x0000000020000004        0x1 build/stm32f4xx_hal.o
                0x0000000020000004                uwTickFreq
 *fill*         0x0000000020000005        0x3 
 .data.uwTickPrio
                0x0000000020000008        0x4 build/stm32f4xx_hal.o
                0x0000000020000008                uwTickPrio
 .data.SystemCoreClock
                0x000000002000000c        0x4 build/system_stm32f4xx.o
                0x000000002000000c                SystemCoreClock
 .data.Kd_mf    0x0000000020000010       0x54 build/fuzzy_pid.o
                0x0000000020000010                Kd_mf
 .data.Ki_mf    0x0000000020000064       0x54 build/fuzzy_pid.o
                0x0000000020000064                Ki_mf
 .data.Kp_mf    0x00000000200000b8       0x54 build/fuzzy_pid.o
                0x00000000200000b8                Kp_mf
 .data.de_mf    0x000000002000010c       0x54 build/fuzzy_pid.o
                0x000000002000010c                de_mf
 .data.e_mf     0x0000000020000160       0x54 build/fuzzy_pid.o
                0x0000000020000160                e_mf
 .data.kd_rules
                0x00000000200001b4       0xc4 build/fuzzy_pid.o
                0x00000000200001b4                kd_rules
 .data.ki_rules
                0x0000000020000278       0xc4 build/fuzzy_pid.o
                0x0000000020000278                ki_rules
 .data.kp_rules
                0x000000002000033c       0xc4 build/fuzzy_pid.o
                0x000000002000033c                kp_rules
 .data._impure_ptr
                0x0000000020000400        0x4 /home/love/Documents/gcc-arm-none-eabi-10-2020-q4-major/bin/../lib/gcc/arm-none-eabi/10.2.1/../../../../arm-none-eabi/lib/thumb/v7e-m+fp/hard/libc_nano.a(lib_a-impure.o)
                0x0000000020000400                _impure_ptr
 .data.impure_data
                0x0000000020000404       0x60 /home/love/Documents/gcc-arm-none-eabi-10-2020-q4-major/bin/../lib/gcc/arm-none-eabi/10.2.1/../../../../arm-none-eabi/lib/thumb/v7e-m+fp/hard/libc_nano.a(lib_a-impure.o)
 .data.__global_locale
                0x0000000020000464      0x16c /home/love/Documents/gcc-arm-none-eabi-10-2020-q4-major/bin/../lib/gcc/arm-none-eabi/10.2.1/../../../../arm-none-eabi/lib/thumb/v7e-m+fp/hard/libc_nano.a(lib_a-locale.o)
                0x0000000020000464                __global_locale
                0x00000000200005d0                . = ALIGN (0x4)
                0x00000000200005d0                _edata = .
                0x00000000080098ec                _siccmram = LOADADDR (.ccmram)

.igot.plt       0x00000000200005d0        0x0 load address 0x00000000080098ec
 .igot.plt      0x00000000200005d0        0x0 /home/love/Documents/gcc-arm-none-eabi-10-2020-q4-major/bin/../lib/gcc/arm-none-eabi/10.2.1/thumb/v7e-m+fp/hard/crtbegin.o

.ccmram         0x0000000010000000        0x0 load address 0x00000000080098ec
                0x0000000010000000                . = ALIGN (0x4)
                0x0000000010000000                _sccmram = .
 *(.ccmram)
 *(.ccmram*)
                0x0000000010000000                . = ALIGN (0x4)
                0x0000000010000000                _eccmram = .
                0x0000000010000000                . = ALIGN (0x4)

.bss            0x00000000200005d0      0xd0c
                0x00000000200005d0                _sbss = .
                0x00000000200005d0                __bss_start__ = _sbss
 *(.bss)
 .bss           0x00000000200005d0       0x1c /home/love/Documents/gcc-arm-none-eabi-10-2020-q4-major/bin/../lib/gcc/arm-none-eabi/10.2.1/thumb/v7e-m+fp/hard/crtbegin.o
 *(.bss*)
 .bss.uwTick    0x00000000200005ec        0x4 build/stm32f4xx_hal.o
                0x00000000200005ec                uwTick
 .bss.pxCurrentTCB
                0x00000000200005f0        0x4 build/tasks.o
                0x00000000200005f0                pxCurrentTCB
 .bss.pxDelayedTaskList
                0x00000000200005f4        0x4 build/tasks.o
 .bss.pxOverflowDelayedTaskList
                0x00000000200005f8        0x4 build/tasks.o
 .bss.pxReadyTasksLists
                0x00000000200005fc       0x8c build/tasks.o
 .bss.uxPendedTicks
                0x0000000020000688        0x4 build/tasks.o
 .bss.uxSchedulerSuspended
                0x000000002000068c        0x4 build/tasks.o
 .bss.uxTopReadyPriority
                0x0000000020000690        0x4 build/tasks.o
 .bss.xNextTaskUnblockTime
                0x0000000020000694        0x4 build/tasks.o
 .bss.xNumOfOverflows
                0x0000000020000698        0x4 build/tasks.o
 .bss.xTickCount
                0x000000002000069c        0x4 build/tasks.o
 .bss.xYieldPending
                0x00000000200006a0        0x4 build/tasks.o
 .bss.htim5     0x00000000200006a4       0x40 build/stm32f4xx_hal_timebase_tim.o
                0x00000000200006a4                htim5
 .bss.hi2c1     0x00000000200006e4       0x54 build/i2c.o
                0x00000000200006e4                hi2c1
 .bss.htim1     0x0000000020000738       0x40 build/tim.o
                0x0000000020000738                htim1
 .bss.htim2     0x0000000020000778       0x40 build/tim.o
                0x0000000020000778                htim2
 .bss.htim3     0x00000000200007b8       0x40 build/tim.o
                0x00000000200007b8                htim3
 .bss.htim4     0x00000000200007f8       0x40 build/tim.o
                0x00000000200007f8                htim4
 .bss.htim8     0x0000000020000838       0x40 build/tim.o
                0x0000000020000838                htim8
 .bss.hdma_uart4_tx
                0x0000000020000878       0x60 build/usart.o
                0x0000000020000878                hdma_uart4_tx
 .bss.hdma_usart2_rx
                0x00000000200008d8       0x60 build/usart.o
                0x00000000200008d8                hdma_usart2_rx
 .bss.huart2    0x0000000020000938       0x40 build/usart.o
                0x0000000020000938                huart2
 .bss.huart4    0x0000000020000978       0x40 build/usart.o
                0x0000000020000978                huart4
 .bss.inp       0x00000000200009b8        0x4 build/motor.o
                0x00000000200009b8                inp
 .bss.tar       0x00000000200009bc        0x4 build/motor.o
                0x00000000200009bc                tar
 .bss._ZL20motor_configurations
                0x00000000200009c0       0x60 build/robo_init.o
 .bss._ZL22encoder_configurations
                0x0000000020000a20       0x20 build/robo_init.o
 .bss.encoder_  0x0000000020000a40       0x50 build/robo_init.o
                0x0000000020000a40                encoder_
 .bss.gJoyStick
                0x0000000020000a90       0x20 build/robo_init.o
                0x0000000020000a90                gJoyStick
 .bss.joystick  0x0000000020000ab0        0xc build/robo_init.o
                0x0000000020000ab0                joystick
 .bss.motor_    0x0000000020000abc      0x680 build/robo_init.o
                0x0000000020000abc                motor_
 .bss.pid_Algorithm_
                0x000000002000113c        0x4 build/robo_init.o
                0x000000002000113c                pid_Algorithm_
 .bss.robo_state_
                0x0000000020001140       0x4c build/robo_init.o
                0x0000000020001140                robo_state_
 .bss.inversekinematics_
                0x000000002000118c       0x1c build/robot_operation.o
                0x000000002000118c                inversekinematics_
 .bss._ZL11gNull_JData
                0x00000000200011a8        0x8 build/joystick.o
 .bss._ZL12sending_byte
                0x00000000200011b0        0x2 build/joystick.o
 *fill*         0x00000000200011b2        0x2 
 .bss._ZL13gJoyStick_CRC
                0x00000000200011b4      0x100 build/joystick.o
 .bss._ZL13gJoy_Data_Arr
                0x00000000200012b4        0x8 build/joystick.o
 .bss._ZL13gRx2_Data_num
                0x00000000200012bc        0x2 build/joystick.o
 .bss._ZL15gStart_Byte_Rx2
                0x00000000200012be        0x1 build/joystick.o
 .bss._ZL8gRx2Data
                0x00000000200012bf        0x1 build/joystick.o
 .bss.gJoy      0x00000000200012c0        0x8 build/joystick.o
                0x00000000200012c0                gJoy
 .bss.__lock___malloc_recursive_mutex
                0x00000000200012c8        0x1 /home/love/Documents/gcc-arm-none-eabi-10-2020-q4-major/bin/../lib/gcc/arm-none-eabi/10.2.1/../../../../arm-none-eabi/lib/thumb/v7e-m+fp/hard/libc_nano.a(lib_a-lock.o)
                0x00000000200012c8                __lock___malloc_recursive_mutex
 .bss.__lock___sfp_recursive_mutex
                0x00000000200012c9        0x1 /home/love/Documents/gcc-arm-none-eabi-10-2020-q4-major/bin/../lib/gcc/arm-none-eabi/10.2.1/../../../../arm-none-eabi/lib/thumb/v7e-m+fp/hard/libc_nano.a(lib_a-lock.o)
                0x00000000200012c9                __lock___sfp_recursive_mutex
 .bss.__lock___sinit_recursive_mutex
                0x00000000200012ca        0x1 /home/love/Documents/gcc-arm-none-eabi-10-2020-q4-major/bin/../lib/gcc/arm-none-eabi/10.2.1/../../../../arm-none-eabi/lib/thumb/v7e-m+fp/hard/libc_nano.a(lib_a-lock.o)
                0x00000000200012ca                __lock___sinit_recursive_mutex
 *fill*         0x00000000200012cb        0x1 
 .bss.__malloc_free_list
                0x00000000200012cc        0x4 /home/love/Documents/gcc-arm-none-eabi-10-2020-q4-major/bin/../lib/gcc/arm-none-eabi/10.2.1/../../../../arm-none-eabi/lib/thumb/v7e-m+fp/hard/libc_nano.a(lib_a-nano-mallocr.o)
                0x00000000200012cc                __malloc_free_list
 .bss.__malloc_sbrk_start
                0x00000000200012d0        0x4 /home/love/Documents/gcc-arm-none-eabi-10-2020-q4-major/bin/../lib/gcc/arm-none-eabi/10.2.1/../../../../arm-none-eabi/lib/thumb/v7e-m+fp/hard/libc_nano.a(lib_a-nano-mallocr.o)
                0x00000000200012d0                __malloc_sbrk_start
 .bss.errno     0x00000000200012d4        0x4 /home/love/Documents/gcc-arm-none-eabi-10-2020-q4-major/bin/../lib/gcc/arm-none-eabi/10.2.1/../../../../arm-none-eabi/lib/thumb/v7e-m+fp/hard/libc_nano.a(lib_a-reent.o)
                0x00000000200012d4                errno
 .bss.heap_end.0
                0x00000000200012d8        0x4 /home/love/Documents/gcc-arm-none-eabi-10-2020-q4-major/bin/../lib/gcc/arm-none-eabi/10.2.1/../../../../arm-none-eabi/lib/thumb/v7e-m+fp/hard/libnosys.a(sbrk.o)
 *(COMMON)
                0x00000000200012dc                . = ALIGN (0x4)
                0x00000000200012dc                _ebss = .
                0x00000000200012dc                __bss_end__ = _ebss

._user_heap_stack
                0x00000000200012dc      0x604
                0x00000000200012e0                . = ALIGN (0x8)
 *fill*         0x00000000200012dc        0x4 
                0x00000000200012e0                PROVIDE (end = .)
                [!provide]                        PROVIDE (_end = .)
                0x00000000200014e0                . = (. + _Min_Heap_Size)
 *fill*         0x00000000200012e0      0x200 
                0x00000000200018e0                . = (. + _Min_Stack_Size)
 *fill*         0x00000000200014e0      0x400 
                0x00000000200018e0                . = ALIGN (0x8)

/DISCARD/
 libc.a(*)
 libm.a(*)
 libgcc.a(*)

.ARM.attributes
                0x0000000000000000       0x30
 *(.ARM.attributes)
 .ARM.attributes
                0x0000000000000000       0x1e /home/love/Documents/gcc-arm-none-eabi-10-2020-q4-major/bin/../lib/gcc/arm-none-eabi/10.2.1/thumb/v7e-m+fp/hard/crti.o
 .ARM.attributes
                0x000000000000001e       0x34 /home/love/Documents/gcc-arm-none-eabi-10-2020-q4-major/bin/../lib/gcc/arm-none-eabi/10.2.1/thumb/v7e-m+fp/hard/crtbegin.o
 .ARM.attributes
                0x0000000000000052       0x34 build/stm32f4xx_hal_i2c.o
 .ARM.attributes
                0x0000000000000086       0x34 build/stm32f4xx_hal_tim.o
 .ARM.attributes
                0x00000000000000ba       0x34 build/stm32f4xx_hal_tim_ex.o
 .ARM.attributes
                0x00000000000000ee       0x34 build/stm32f4xx_hal_uart.o
 .ARM.attributes
                0x0000000000000122       0x34 build/stm32f4xx_hal_rcc.o
 .ARM.attributes
                0x0000000000000156       0x34 build/stm32f4xx_hal_gpio.o
 .ARM.attributes
                0x000000000000018a       0x34 build/stm32f4xx_hal_dma.o
 .ARM.attributes
                0x00000000000001be       0x34 build/stm32f4xx_hal_cortex.o
 .ARM.attributes
                0x00000000000001f2       0x34 build/stm32f4xx_hal.o
 .ARM.attributes
                0x0000000000000226       0x34 build/list.o
 .ARM.attributes
                0x000000000000025a       0x34 build/tasks.o
 .ARM.attributes
                0x000000000000028e       0x34 build/port.o
 .ARM.attributes
                0x00000000000002c2       0x34 build/stm32f4xx_it.o
 .ARM.attributes
                0x00000000000002f6       0x34 build/stm32f4xx_hal_msp.o
 .ARM.attributes
                0x000000000000032a       0x34 build/stm32f4xx_hal_timebase_tim.o
 .ARM.attributes
                0x000000000000035e       0x34 build/system_stm32f4xx.o
 .ARM.attributes
                0x0000000000000392       0x34 build/gpio.o
 .ARM.attributes
                0x00000000000003c6       0x34 build/i2c.o
 .ARM.attributes
                0x00000000000003fa       0x34 build/tim.o
 .ARM.attributes
                0x000000000000042e       0x34 build/dma.o
 .ARM.attributes
                0x0000000000000462       0x34 build/usart.o
 .ARM.attributes
                0x0000000000000496       0x34 build/printf_config.o
 .ARM.attributes
                0x00000000000004ca       0x21 build/startup_stm32f407xx.o
 .ARM.attributes
                0x00000000000004eb       0x34 build/encoder.o
 .ARM.attributes
                0x000000000000051f       0x34 build/motor.o
 .ARM.attributes
                0x0000000000000553       0x34 build/inversekinematics.o
 .ARM.attributes
                0x0000000000000587       0x34 build/pid.o
 .ARM.attributes
                0x00000000000005bb       0x34 build/fuzzy_pid.o
 .ARM.attributes
                0x00000000000005ef       0x34 build/robo_init.o
 .ARM.attributes
                0x0000000000000623       0x34 build/robot_operation.o
 .ARM.attributes
                0x0000000000000657       0x34 build/crc_hash.o
 .ARM.attributes
                0x000000000000068b       0x34 build/main.o
 .ARM.attributes
                0x00000000000006bf       0x34 build/joystick.o